 main

 Timestamp is 63301a11 (Sun Sep 25 17:06:25 2022)

 Preferred load address is 0000000140000000

 Start         Length     Name                   Class
 0001:00000000 00068fd0H .text$mn                CODE
 0001:00068fd0 00001040H .text$mn$00             CODE
 0001:0006a010 00001c36H .text$x                 CODE
 0002:00000000 00000110H .CRT$XCA                DATA
 0002:00000110 00000110H .CRT$XCAA               DATA
 0002:00000220 00000110H .CRT$XCZ                DATA
 0002:00000330 00000110H .CRT$XIA                DATA
 0002:00000440 00000110H .CRT$XIAA               DATA
 0002:00000550 00000110H .CRT$XIAC               DATA
 0002:00000660 00000140H .CRT$XIC                DATA
 0002:000007a0 00000110H .CRT$XIZ                DATA
 0002:000008b0 00000110H .CRT$XPA                DATA
 0002:000009c0 00000120H .CRT$XPX                DATA
 0002:00000ae0 00000110H .CRT$XPXA               DATA
 0002:00000bf0 00000110H .CRT$XPZ                DATA
 0002:00000d00 00000110H .CRT$XTA                DATA
 0002:00000e10 00000110H .CRT$XTZ                DATA
 0002:00000f20 0000cfe0H .rdata                  DATA
 0002:0000df00 00000200H .rdata$CastGuardVftablesA DATA
 0002:0000e100 000001a0H .rdata$CastGuardVftablesC DATA
 0002:0000e2a0 0000060cH .rdata$r                DATA
 0002:0000e8ac 00000174H .rdata$zzzdbg           DATA
 0002:0000ea20 00000110H .rtc$IAA                DATA
 0002:0000eb30 00000110H .rtc$IZZ                DATA
 0002:0000ec40 00000110H .rtc$TAA                DATA
 0002:0000ed50 00000110H .rtc$TZZ                DATA
 0002:0000ee60 00006480H .xdata                  DATA
 0002:000152e0 00000196H .xdata$x                DATA
 0002:00015476 00000000H .edata                  DATA
 0003:00000000 00000db0H .data                   DATA
 0003:00000db0 00000190H .data$r                 DATA
 0003:00000f40 00000230H .data$rs                DATA
 0003:00001170 00002a01H .bss                    DATA
 0004:00000000 00004fc8H .pdata                  DATA
 0005:00000000 00000378H .idata$5                DATA
 0005:00000378 00000014H .idata$2                DATA
 0005:0000038c 00000014H .idata$3                DATA
 0005:000003a0 00000378H .idata$4                DATA
 0005:00000718 000007e0H .idata$6                DATA
 0006:00000000 00000175H .00cfg                  DATA
 0007:00000000 0000029fH _RDATA                  DATA

  Address         Publics by Value              Rva+Base               Lib:Object

 0000:00000000       __AbsoluteZero             0000000000000000     <absolute>
 0000:00000000       ___safe_se_handler_count   0000000000000000     <absolute>
 0000:00000000       ___safe_se_handler_table   0000000000000000     <absolute>
 0000:00000000       __arm64x_extra_rfe_table   0000000000000000     <absolute>
 0000:00000000       __arm64x_extra_rfe_table_size 0000000000000000     <absolute>
 0000:00000000       __arm64x_native_entrypoint 0000000000000000     <absolute>
 0000:00000000       __arm64x_redirection_metadata 0000000000000000     <absolute>
 0000:00000000       __arm64x_redirection_metadata_count 0000000000000000     <absolute>
 0000:00000000       __dynamic_value_reloc_table 0000000000000000     <absolute>
 0000:00000000       __enclave_config           0000000000000000     <absolute>
 0000:00000000       __guard_check_icall_a64n_fptr 0000000000000000     <absolute>
 0000:00000000       __guard_eh_cont_count      0000000000000000     <absolute>
 0000:00000000       __guard_eh_cont_table      0000000000000000     <absolute>
 0000:00000000       __guard_fids_count         0000000000000000     <absolute>
 0000:00000000       __guard_fids_table         0000000000000000     <absolute>
 0000:00000000       __guard_iat_count          0000000000000000     <absolute>
 0000:00000000       __guard_iat_table          0000000000000000     <absolute>
 0000:00000000       __guard_longjmp_count      0000000000000000     <absolute>
 0000:00000000       __guard_longjmp_table      0000000000000000     <absolute>
 0000:00000000       __hybrid_auxiliary_iat     0000000000000000     <absolute>
 0000:00000000       __hybrid_auxiliary_iat_copy 0000000000000000     <absolute>
 0000:00000000       __hybrid_code_map          0000000000000000     <absolute>
 0000:00000000       __hybrid_code_map_count    0000000000000000     <absolute>
 0000:00000000       __volatile_metadata        0000000000000000     <absolute>
 0000:00000000       __x64_code_ranges_to_entry_points 0000000000000000     <absolute>
 0000:00000000       __x64_code_ranges_to_entry_points_count 0000000000000000     <absolute>
 0000:00000100       __guard_flags              0000000000000100     <absolute>
 0000:00000000       __ImageBase                0000000140000000     <linker-defined>
 0001:000069f0       __local_stdio_printf_options 00000001400079f0 f i main.obj
 0001:00006a00       _vfprintf_l                0000000140007a00 f i main.obj
 0001:00006a60       printf                     0000000140007a60 f i main.obj
 0001:00006df0       ?configure_argv@__scrt_narrow_argv_policy@@SAHXZ 0000000140007df0 f i LIBCMT:exe_main.obj
 0001:00006e0c       ?initialize_environment@__scrt_narrow_environment_policy@@SAHXZ 0000000140007e0c f i LIBCMT:exe_main.obj
 0001:00006e58       ?set_app_type@__scrt_main_policy@@SAXXZ 0000000140007e58 f i LIBCMT:exe_main.obj
 0001:00006e64       ?set_commode@__scrt_file_policy@@SAXXZ 0000000140007e64 f i LIBCMT:exe_main.obj
 0001:00006e84       ?set_fmode@__scrt_file_policy@@SAXXZ 0000000140007e84 f i LIBCMT:exe_main.obj
 0001:00006ea0       mainCRTStartup             0000000140007ea0 f   LIBCMT:exe_main.obj
 0001:00006f50       NtCurrentTeb               0000000140007f50 f i LIBCMT:utility.obj
 0001:00006f5c       __scrt_acquire_startup_lock 0000000140007f5c f   LIBCMT:utility.obj
 0001:00006fa4       __scrt_dllmain_after_initialize_c 0000000140007fa4 f   LIBCMT:utility.obj
 0001:00006fe8       __scrt_dllmain_before_initialize_c 0000000140007fe8 f   LIBCMT:utility.obj
 0001:00007004       __scrt_dllmain_crt_thread_attach 0000000140008004 f   LIBCMT:utility.obj
 0001:00007038       __scrt_dllmain_crt_thread_detach 0000000140008038 f   LIBCMT:utility.obj
 0001:00007054       __scrt_dllmain_exception_filter 0000000140008054 f   LIBCMT:utility.obj
 0001:000070cc       __scrt_dllmain_uninitialize_c 00000001400080cc f   LIBCMT:utility.obj
 0001:00007108       __scrt_dllmain_uninitialize_critical 0000000140008108 f   LIBCMT:utility.obj
 0001:00007124       __scrt_initialize_crt      0000000140008124 f   LIBCMT:utility.obj
 0001:00007180       __scrt_initialize_onexit_tables 0000000140008180 f   LIBCMT:utility.obj
 0001:00007230       __scrt_is_nonwritable_in_current_image 0000000140008230 f   LIBCMT:utility.obj
 0001:000072f0       __scrt_release_startup_lock 00000001400082f0 f   LIBCMT:utility.obj
 0001:00007320       __scrt_uninitialize_crt    0000000140008320 f   LIBCMT:utility.obj
 0001:00007354       _onexit                    0000000140008354 f   LIBCMT:utility.obj
 0001:0000739c       at_quick_exit              000000014000839c f   LIBCMT:utility.obj
 0001:000073c0       atexit                     00000001400083c0 f   LIBCMT:utility.obj
 0001:00007464       __security_init_cookie     0000000140008464 f   LIBCMT:gs_support.obj
 0001:0000753c       _matherr                   000000014000853c f   LIBCMT:matherr.obj
 0001:00007540       _get_startup_argv_mode     0000000140008540 f   LIBCMT:argv_mode.obj
 0001:00007548       _get_startup_commit_mode   0000000140008548 f   LIBCMT:commit_mode.obj
 0001:0000754c       _get_startup_file_mode     000000014000854c f   LIBCMT:file_mode.obj
 0001:00007554       _get_startup_new_mode      0000000140008554 f   LIBCMT:new_mode.obj
 0001:00007558       _get_startup_thread_locale_mode 0000000140008558 f   LIBCMT:thread_locale.obj
 0001:0000755c       ?__scrt_initialize_type_info@@YAXXZ 000000014000855c f   LIBCMT:tncleanup.obj
 0001:00007570       ?__scrt_uninitialize_type_info@@YAXXZ 0000000140008570 f   LIBCMT:tncleanup.obj
 0001:00007580       _should_initialize_environment 0000000140008580 f   LIBCMT:env_mode.obj
 0001:00007584       _initialize_invalid_parameter_handler 0000000140008584 f   LIBCMT:invalid_parameter_handler.obj
 0001:00007588       _initialize_denormal_control 0000000140008588 f   LIBCMT:denormal_control.obj
 0001:0000758c       __local_stdio_scanf_options 000000014000858c f i LIBCMT:default_local_stdio_options.obj
 0001:00007598       __scrt_initialize_default_local_stdio_options 0000000140008598 f   LIBCMT:default_local_stdio_options.obj
 0001:000075bc       __scrt_is_user_matherr_present 00000001400085bc f   LIBCMT:matherr_detection.obj
 0001:000075cc       __scrt_get_dyn_tls_init_callback 00000001400085cc f   LIBCMT:dyn_tls_init.obj
 0001:000075d8       __scrt_get_dyn_tls_dtor_callback 00000001400085d8 f   LIBCMT:dyn_tls_dtor.obj
 0001:000075e4       __crt_debugger_hook        00000001400085e4 f   LIBCMT:utility_desktop.obj
 0001:000075f0       __scrt_fastfail            00000001400085f0 f   LIBCMT:utility_desktop.obj
 0001:00007790       __scrt_get_show_window_mode 0000000140008790 f   LIBCMT:utility_desktop.obj
 0001:000077d8       __scrt_initialize_mta      00000001400087d8 f   LIBCMT:utility_desktop.obj
 0001:000077e0       __scrt_initialize_winrt    00000001400087e0 f   LIBCMT:utility_desktop.obj
 0001:000077e4       __scrt_is_managed_app      00000001400087e4 f   LIBCMT:utility_desktop.obj
 0001:0000784c       __scrt_set_unhandled_exception_filter 000000014000884c f   LIBCMT:utility_desktop.obj
 0001:00007860       __scrt_exe_initialize_mta  0000000140008860 f   LIBCMT:utility_desktop.obj
 0001:00007860       __scrt_stub_for_initialize_mta 0000000140008860 f   LIBCMT:utility_desktop.obj
 0001:00007864       __scrt_unhandled_exception_filter 0000000140008864 f   LIBCMT:utility_desktop.obj
 0001:000078d8       _RTC_Initialize            00000001400088d8 f   LIBCMT:initsect.obj
 0001:00007924       _RTC_Terminate             0000000140008924 f   LIBCMT:initsect.obj
 0001:00007970       _guard_check_icall_nop     0000000140008970 f i LIBCMT:guard_support.obj
 0001:00007974       ReadNoFence64              0000000140008974 f i LIBCMT:guard_support.obj
 0001:00007978       ReadPointerNoFence         0000000140008978 f i LIBCMT:guard_support.obj
 0001:0000797c       __castguard_check_failure_debugbreak 000000014000897c f i LIBCMT:guard_support.obj
 0001:000079a0       __castguard_check_failure_fastfail 00000001400089a0 f i LIBCMT:guard_support.obj
 0001:000079cc       __castguard_check_failure_nop 00000001400089cc f i LIBCMT:guard_support.obj
 0001:000079d0       __castguard_check_failure_os_handled 00000001400089d0 f i LIBCMT:guard_support.obj
 0001:00007a64       __castguard_slow_path_check_debugbreak 0000000140008a64 f i LIBCMT:guard_support.obj
 0001:00007aa8       __castguard_slow_path_check_fastfail 0000000140008aa8 f i LIBCMT:guard_support.obj
 0001:00007af0       __castguard_slow_path_check_nop 0000000140008af0 f i LIBCMT:guard_support.obj
 0001:00007af4       __castguard_slow_path_check_os_handled 0000000140008af4 f i LIBCMT:guard_support.obj
 0001:00007b7c       _guard_icall_checks_enforced 0000000140008b7c f i LIBCMT:guard_support.obj
 0001:00007b98       _guard_rf_checks_enforced  0000000140008b98 f i LIBCMT:guard_support.obj
 0001:00007b9c       __isa_available_init       0000000140008b9c f   LIBCMT:cpu_disp.obj
 0001:00007db4       __scrt_is_ucrt_dll_in_use  0000000140008db4 f   LIBCMT:ucrt_detection.obj
 0001:00007dd0       QueryPerformanceCounter    0000000140008dd0 f   kernel32:KERNEL32.dll
 0001:00007dd6       GetCurrentProcessId        0000000140008dd6 f   kernel32:KERNEL32.dll
 0001:00007ddc       GetCurrentThreadId         0000000140008ddc f   kernel32:KERNEL32.dll
 0001:00007de2       GetSystemTimeAsFileTime    0000000140008de2 f   kernel32:KERNEL32.dll
 0001:00007de8       InitializeSListHead        0000000140008de8 f   kernel32:KERNEL32.dll
 0001:00007dee       RtlCaptureContext          0000000140008dee f   kernel32:KERNEL32.dll
 0001:00007df4       RtlLookupFunctionEntry     0000000140008df4 f   kernel32:KERNEL32.dll
 0001:00007dfa       RtlVirtualUnwind           0000000140008dfa f   kernel32:KERNEL32.dll
 0001:00007e00       IsDebuggerPresent          0000000140008e00 f   kernel32:KERNEL32.dll
 0001:00007e06       UnhandledExceptionFilter   0000000140008e06 f   kernel32:KERNEL32.dll
 0001:00007e0c       SetUnhandledExceptionFilter 0000000140008e0c f   kernel32:KERNEL32.dll
 0001:00007e12       GetStartupInfoW            0000000140008e12 f   kernel32:KERNEL32.dll
 0001:00007e18       IsProcessorFeaturePresent  0000000140008e18 f   kernel32:KERNEL32.dll
 0001:00007e1e       GetModuleHandleW           0000000140008e1e f   kernel32:KERNEL32.dll
 0001:00007e24       __C_specific_handler       0000000140008e24 f   libvcruntime:riscchandler.obj
 0001:00008098       __vcrt_initialize          0000000140009098 f   libvcruntime:initialization.obj
 0001:000080cc       __vcrt_thread_attach       00000001400090cc f   libvcruntime:initialization.obj
 0001:000080e8       __vcrt_thread_detach       00000001400090e8 f   libvcruntime:initialization.obj
 0001:00008100       __vcrt_uninitialize        0000000140009100 f   libvcruntime:initialization.obj
 0001:00008120       __vcrt_uninitialize_critical 0000000140009120 f   libvcruntime:initialization.obj
 0001:00008148       ??$?RD@__crt_internal_free_policy@@QEBAXQEBD@Z 0000000140009148 f i libvcruntime:std_type_info.obj
 0001:00008154       ??$?RX@__crt_internal_free_policy@@QEBAXQEBX@Z 0000000140009154 f i libvcruntime:std_type_info.obj
 0001:00008160       ??$__crt_interlocked_compare_exchange_pointer@$$CBDPEAD$$T@@YAPEBDPEDSEBDQEAD$$T@Z 0000000140009160 f i libvcruntime:std_type_info.obj
 0001:0000816c       ??$__crt_interlocked_read_pointer@$$CBD@@YAPEBDPEDSEBD@Z 000000014000916c f i libvcruntime:std_type_info.obj
 0001:00008174       ??0?$__crt_unique_heap_ptr@DU__crt_internal_free_policy@@@@QEAA@QEAD@Z 0000000140009174 f i libvcruntime:std_type_info.obj
 0001:0000817c       ??0?$__crt_unique_heap_ptr@XU__crt_internal_free_policy@@@@QEAA@QEAX@Z 000000014000917c f i libvcruntime:std_type_info.obj
 0001:00008184       ??1?$__crt_unique_heap_ptr@DU__crt_internal_free_policy@@@@QEAA@XZ 0000000140009184 f i libvcruntime:std_type_info.obj
 0001:000081a8       ??1?$__crt_unique_heap_ptr@XU__crt_internal_free_policy@@@@QEAA@XZ 00000001400091a8 f i libvcruntime:std_type_info.obj
 0001:000081cc       ??B?$__crt_unique_heap_ptr@DU__crt_internal_free_policy@@@@QEBA_NXZ 00000001400091cc f i libvcruntime:std_type_info.obj
 0001:000081d8       ??B?$__crt_unique_heap_ptr@XU__crt_internal_free_policy@@@@QEBA_NXZ 00000001400091d8 f i libvcruntime:std_type_info.obj
 0001:00008214       ?__crt_interlocked_read_64@@YA_JPED_J@Z 0000000140009214 f i libvcruntime:std_type_info.obj
 0001:0000821c       ?detach@?$__crt_unique_heap_ptr@XU__crt_internal_free_policy@@@@QEAAPEAXXZ 000000014000921c f i libvcruntime:std_type_info.obj
 0001:00008228       ?get@?$__crt_unique_heap_ptr@DU__crt_internal_free_policy@@@@QEBAPEADXZ 0000000140009228 f i libvcruntime:std_type_info.obj
 0001:0000822c       ?get@?$__crt_unique_heap_ptr@XU__crt_internal_free_policy@@@@QEBAPEAXXZ 000000014000922c f i libvcruntime:std_type_info.obj
 0001:00008230       ?is_valid@?$__crt_unique_heap_ptr@DU__crt_internal_free_policy@@@@QEBA_NXZ 0000000140009230 f i libvcruntime:std_type_info.obj
 0001:0000823c       ?is_valid@?$__crt_unique_heap_ptr@XU__crt_internal_free_policy@@@@QEBA_NXZ 000000014000923c f i libvcruntime:std_type_info.obj
 0001:00008248       ?release@?$__crt_unique_heap_ptr@DU__crt_internal_free_policy@@@@QEAAXXZ 0000000140009248 f i libvcruntime:std_type_info.obj
 0001:0000826c       ?release@?$__crt_unique_heap_ptr@XU__crt_internal_free_policy@@@@QEAAXXZ 000000014000926c f i libvcruntime:std_type_info.obj
 0001:00008290       __std_type_info_compare    0000000140009290 f   libvcruntime:std_type_info.obj
 0001:000082c0       __std_type_info_destroy_list 00000001400092c0 f   libvcruntime:std_type_info.obj
 0001:000082f4       __std_type_info_hash       00000001400092f4 f   libvcruntime:std_type_info.obj
 0001:0000833c       __std_type_info_name       000000014000933c f   libvcruntime:std_type_info.obj
 0001:0000849c       __DestructExceptionObject  000000014000949c f   libvcruntime:ehhelpers.obj
 0001:00008524       ?_CallMemberFunction0@@YAXQEAX0@Z 0000000140009524 f i libvcruntime:ehhelpers.obj
 0001:00008598       ?raw_name@type_info@@QEBAPEBDXZ 0000000140009598 f i libvcruntime:ehhelpers.obj
 0001:000085a0       _IsExceptionObjectToBeDestroyed 00000001400095a0 f   libvcruntime:ehhelpers.obj
 0001:000085dc       _SetWinRTOutOfMemoryExceptionCallback 00000001400095dc f   libvcruntime:ehhelpers.obj
 0001:000085e8       __AdjustPointer            00000001400095e8 f   libvcruntime:ehhelpers.obj
 0001:00008614       __FrameUnwindFilter        0000000140009614 f   libvcruntime:ehhelpers.obj
 0001:00008694       __GetPlatformExceptionInfo 0000000140009694 f   libvcruntime:ehhelpers.obj
 0001:00008708       __current_exception        0000000140009708 f   libvcruntime:ehhelpers.obj
 0001:00008720       __current_exception_context 0000000140009720 f   libvcruntime:ehhelpers.obj
 0001:00008738       __processing_throw         0000000140009738 f   libvcruntime:ehhelpers.obj
 0001:00008750       __std_terminate            0000000140009750 f   libvcruntime:ehhelpers.obj
 0001:0000875c       _is_exception_typeof       000000014000975c f   libvcruntime:ehhelpers.obj
 0001:00008840       memset_repstos             0000000140009840 f   libvcruntime:memset.obj
 0001:00008860       memset                     0000000140009860 f   libvcruntime:memset.obj
 0001:00008cf0       _NLG_Notify                0000000140009cf0 f   libvcruntime:notify.obj
 0001:00008d10       __NLG_Dispatch2            0000000140009d10 f   libvcruntime:notify.obj
 0001:00008d20       __NLG_Return2              0000000140009d20 f   libvcruntime:notify.obj
 0001:00008d3c       __except_validate_context_record 0000000140009d3c f   libvcruntime:jbcxrval.obj
 0001:00008d80       __except_validate_jump_buffer 0000000140009d80 f   libvcruntime:jbcxrval.obj
 0001:00008dd0       __except_validate_jump_buffer_common 0000000140009dd0 f i libvcruntime:jbcxrval.obj
 0001:00008e44       ??$?RU__vcrt_ptd@@@__crt_internal_free_policy@@QEBAXQEBU__vcrt_ptd@@@Z 0000000140009e44 f i libvcruntime:per_thread_data.obj
 0001:00008e50       ??0?$__crt_unique_heap_ptr@U__vcrt_ptd@@U__crt_internal_free_policy@@@@QEAA@QEAU__vcrt_ptd@@@Z 0000000140009e50 f i libvcruntime:per_thread_data.obj
 0001:00008e78       ??1?$__crt_unique_heap_ptr@U__vcrt_ptd@@U__crt_internal_free_policy@@@@QEAA@XZ 0000000140009e78 f i libvcruntime:per_thread_data.obj
 0001:00008ea8       ??B?$__crt_unique_heap_ptr@U__vcrt_ptd@@U__crt_internal_free_policy@@@@QEBA_NXZ 0000000140009ea8 f i libvcruntime:per_thread_data.obj
 0001:00008eb4       ?detach@?$__crt_unique_heap_ptr@U__vcrt_ptd@@U__crt_internal_free_policy@@@@QEAAPEAU__vcrt_ptd@@XZ 0000000140009eb4 f i libvcruntime:per_thread_data.obj
 0001:00008ec0       ?get@?$__crt_unique_heap_ptr@U__vcrt_ptd@@U__crt_internal_free_policy@@@@QEBAPEAU__vcrt_ptd@@XZ 0000000140009ec0 f i libvcruntime:per_thread_data.obj
 0001:00008ec4       ?is_valid@?$__crt_unique_heap_ptr@U__vcrt_ptd@@U__crt_internal_free_policy@@@@QEBA_NXZ 0000000140009ec4 f i libvcruntime:per_thread_data.obj
 0001:00008ed0       ?release@?$__crt_unique_heap_ptr@U__vcrt_ptd@@U__crt_internal_free_policy@@@@QEAAXXZ 0000000140009ed0 f i libvcruntime:per_thread_data.obj
 0001:00008f28       __vcrt_freefls             0000000140009f28 f   libvcruntime:per_thread_data.obj
 0001:00008f50       __vcrt_freeptd             0000000140009f50 f   libvcruntime:per_thread_data.obj
 0001:00008fb0       __vcrt_getptd              0000000140009fb0 f   libvcruntime:per_thread_data.obj
 0001:00008fd0       __vcrt_getptd_noexit       0000000140009fd0 f   libvcruntime:per_thread_data.obj
 0001:000090c0       __vcrt_getptd_noinit       000000014000a0c0 f   libvcruntime:per_thread_data.obj
 0001:00009120       __vcrt_initialize_ptd      000000014000a120 f   libvcruntime:per_thread_data.obj
 0001:00009178       __vcrt_uninitialize_ptd    000000014000a178 f   libvcruntime:per_thread_data.obj
 0001:000091a4       __vcrt_initialize_locks    000000014000a1a4 f   libvcruntime:locks.obj
 0001:000091fc       __vcrt_lock                000000014000a1fc f   libvcruntime:locks.obj
 0001:0000921c       __vcrt_uninitialize_locks  000000014000a21c f   libvcruntime:locks.obj
 0001:00009260       __vcrt_unlock              000000014000a260 f   libvcruntime:locks.obj
 0001:00009280       ??$?0$00@DName@@QEAA@PEBDU?$StringLifeSelector@$00@@@Z 000000014000a280 f i libvcruntime:undname.obj
 0001:000092d0       ??$?0$00@pcharNode@@QEAA@PEBDHU?$StringLifeSelector@$00@@@Z 000000014000a2d0 f i libvcruntime:undname.obj
 0001:000092ec       ??$?0$01@DName@@QEAA@PEBDU?$StringLifeSelector@$01@@@Z 000000014000a2ec f i libvcruntime:undname.obj
 0001:0000933c       ??$?0$01@pcharNode@@QEAA@PEBDHU?$StringLifeSelector@$01@@@Z 000000014000a33c f i libvcruntime:undname.obj
 0001:000093cc       ??$?0$0A@@DName@@QEAA@PEBDU?$StringLifeSelector@$0A@@@@Z 000000014000a3cc f i libvcruntime:undname.obj
 0001:0000941c       ??$?0$0A@@pcharNode@@QEAA@PEBDHU?$StringLifeSelector@$0A@@@@Z 000000014000a41c f i libvcruntime:undname.obj
 0001:000094ac       ??$?0_K$0A@@?$optional@_K@std@@QEAA@$$QEA_K@Z 000000014000a4ac f i libvcruntime:undname.obj
 0001:000094c0       ??$?0_K@?$_Optional_construct_base@_K@std@@QEAA@Uin_place_t@1@$$QEA_K@Z 000000014000a4c0 f i libvcruntime:undname.obj
 0001:000094d4       ??$?0_K@?$_Optional_destruct_base@_K$00@std@@QEAA@Uin_place_t@1@$$QEA_K@Z 000000014000a4d4 f i libvcruntime:undname.obj
 0001:000094e8       ??$append@VDNameNode@@@DName@@AEAAXPEBVDNameNode@@@Z 000000014000a4e8 f i libvcruntime:undname.obj
 0001:00009564       ??$append@VDNameStatusNode@@@DName@@AEAAXPEBVDNameStatusNode@@@Z 000000014000a564 f i libvcruntime:undname.obj
 0001:000095e0       ??$append@VcharNode@@@DName@@AEAAXPEBVcharNode@@@Z 000000014000a5e0 f i libvcruntime:undname.obj
 0001:0000965c       ??$append@VpDNameNode@@@DName@@AEAAXPEBVpDNameNode@@@Z 000000014000a65c f i libvcruntime:undname.obj
 0001:000096d8       ??$append@VpcharNode@@@DName@@AEAAXPEBVpcharNode@@@Z 000000014000a6d8 f i libvcruntime:undname.obj
 0001:00009754       ??$doPchar@$00@DName@@AEAAXPEBDH@Z 000000014000a754 f i libvcruntime:undname.obj
 0001:00009820       ??$doPchar@$01@DName@@AEAAXPEBDH@Z 000000014000a820 f i libvcruntime:undname.obj
 0001:000098dc       ??$doPchar@$0A@@DName@@AEAAXPEBDH@Z 000000014000a8dc f i libvcruntime:undname.obj
 0001:00009998       ??$forward@_K@std@@YA$$QEA_KAEA_K@Z 000000014000a998 f i libvcruntime:undname.obj
 0001:00009afc       ??$size@D$04@std@@YA_KAEAY04$$CBD@Z 000000014000aafc f i libvcruntime:undname.obj
 0001:00009b04       ??0?$_Optional_construct_base@_K@std@@QEAA@XZ 000000014000ab04 f i libvcruntime:undname.obj
 0001:00009b10       ??0?$_Optional_destruct_base@_K$00@std@@QEAA@XZ 000000014000ab10 f i libvcruntime:undname.obj
 0001:00009b1c       ??0?$optional@_K@std@@QEAA@XZ 000000014000ab1c f i libvcruntime:undname.obj
 0001:00009b28       ??0Block@_HeapManager@@QEAA@XZ 000000014000ab28 f i libvcruntime:undname.obj
 0001:00009b34       ??0DName@@QEAA@AEAPEBDD@Z  000000014000ab34 f   libvcruntime:undname.obj
 0001:00009c10       ??0DName@@QEAA@AEBUStringLiteral@@@Z 000000014000ac10 f   libvcruntime:undname.obj
 0001:00009c48       ??0DName@@QEAA@AEBV0@@Z    000000014000ac48 f i libvcruntime:undname.obj
 0001:00009c5c       ??0DName@@QEAA@D@Z         000000014000ac5c f   libvcruntime:undname.obj
 0001:00009c84       ??0DName@@QEAA@PEAV0@@Z    000000014000ac84 f   libvcruntime:undname.obj
 0001:00009d28       ??0DName@@QEAA@W4DNameStatus@@@Z 000000014000ad28 f   libvcruntime:undname.obj
 0001:00009d60       ??0DName@@QEAA@XZ          000000014000ad60 f i libvcruntime:undname.obj
 0001:00009d70       ??0DName@@QEAA@_J@Z        000000014000ad70 f   libvcruntime:undname.obj
 0001:00009e40       ??0DName@@QEAA@_K@Z        000000014000ae40 f   libvcruntime:undname.obj
 0001:00009eec       ??0DNameNode@@IEAA@XZ      000000014000aeec f i libvcruntime:undname.obj
 0001:00009f00       ??0Replicator@@QEAA@XZ     000000014000af00 f i libvcruntime:undname.obj
 0001:00009f14       ??0UnDecorator@@QEAA@PEBDP6APEADJ@ZK@Z 000000014000af14 f i libvcruntime:undname.obj
 0001:00009f78       ??0_Nontrivial_dummy_type@std@@QEAA@XZ 000000014000af78 f i libvcruntime:undname.obj
 0001:00009f7c       ??0charNode@@QEAA@D@Z      000000014000af7c f i libvcruntime:undname.obj
 0001:00009f94       ??0pDNameNode@@QEAA@PEAVDName@@@Z 000000014000af94 f   libvcruntime:undname.obj
 0001:00009fc4       ??0pairNode@@QEAA@PEBVDNameNode@@0@Z 000000014000afc4 f i libvcruntime:undname.obj
 0001:00009fec       ??2@YAPEAX_KAEAV_HeapManager@@H@Z 000000014000afec f   libvcruntime:undname.obj
 0001:0000a020       ??4DName@@QEAAAEAV0@AEBUStringLiteral@@@Z 000000014000b020 f   libvcruntime:undname.obj
 0001:0000a050       ??4DName@@QEAAAEAV0@AEBV0@@Z 000000014000b050 f   libvcruntime:undname.obj
 0001:0000a064       ??4DName@@QEAAAEAV0@D@Z    000000014000b064 f i libvcruntime:undname.obj
 0001:0000a08c       ??4DName@@QEAAAEAV0@PEAV0@@Z 000000014000b08c f   libvcruntime:undname.obj
 0001:0000a120       ??4DName@@QEAAAEAV0@W4DNameStatus@@@Z 000000014000b120 f   libvcruntime:undname.obj
 0001:0000a15c       ??AReplicator@@QEBA?AVDName@@H@Z 000000014000b15c f   libvcruntime:undname.obj
 0001:0000a1ac       ??B?$optional@_K@std@@QEBA_NXZ 000000014000b1ac f i libvcruntime:undname.obj
 0001:0000a1b0       ??D?$_Optional_construct_base@_K@std@@QEGAAAEA_KXZ 000000014000b1b0 f i libvcruntime:undname.obj
 0001:0000a1b4       ??H@YA?AVDName@@AEBUStringLiteral@@AEBV0@@Z 000000014000b1b4 f i libvcruntime:undname.obj
 0001:0000a1f8       ??H@YA?AVDName@@DAEBV0@@Z  000000014000b1f8 f i libvcruntime:undname.obj
 0001:0000a24c       ??H@YA?AVDName@@W4DNameStatus@@AEBV0@@Z 000000014000b24c f i libvcruntime:undname.obj
 0001:0000a2a8       ??HDName@@QEBA?AV0@AEBUStringLiteral@@@Z 000000014000b2a8 f   libvcruntime:undname.obj
 0001:0000a2dc       ??HDName@@QEBA?AV0@AEBV0@@Z 000000014000b2dc f   libvcruntime:undname.obj
 0001:0000a310       ??HDName@@QEBA?AV0@D@Z     000000014000b310 f   libvcruntime:undname.obj
 0001:0000a344       ??HDName@@QEBA?AV0@PEAV0@@Z 000000014000b344 f   libvcruntime:undname.obj
 0001:0000a378       ??HDName@@QEBA?AV0@W4DNameStatus@@@Z 000000014000b378 f   libvcruntime:undname.obj
 0001:0000a3ac       ??HStringLiteral@@QEBA?AU0@H@Z 000000014000b3ac f i libvcruntime:undname.obj
 0001:0000a3c8       ??YDName@@QEAAAEAV0@AEBUStringLiteral@@@Z 000000014000b3c8 f   libvcruntime:undname.obj
 0001:0000a468       ??YDName@@QEAAAEAV0@AEBV0@@Z 000000014000b468 f   libvcruntime:undname.obj
 0001:0000a4d8       ??YDName@@QEAAAEAV0@D@Z    000000014000b4d8 f   libvcruntime:undname.obj
 0001:0000a560       ??YDName@@QEAAAEAV0@PEAV0@@Z 000000014000b560 f   libvcruntime:undname.obj
 0001:0000a618       ??YDName@@QEAAAEAV0@W4DNameStatus@@@Z 000000014000b618 f   libvcruntime:undname.obj
 0001:0000a684       ??YReplicator@@QEAAAEAV0@AEBVDName@@@Z 000000014000b684 f   libvcruntime:undname.obj
 0001:0000a6f4       ??_5DName@@QEAAAEAV0@AEBV0@@Z 000000014000b6f4 f   libvcruntime:undname.obj
 0001:0000a710       ??__K_l@@YA?AUStringLiteral@@PEBD_K@Z 000000014000b710 f i libvcruntime:undname.obj
 0001:0000a720       ?Constructor@_HeapManager@@QEAAXP6APEAX_K@ZP6AXPEAX@Z@Z 000000014000b720 f i libvcruntime:undname.obj
 0001:0000a73c       ?Destructor@_HeapManager@@QEAAXXZ 000000014000b73c f i libvcruntime:undname.obj
 0001:0000a798       ?UScore@UnDecorator@@SA?AUStringLiteral@@W4Tokens@@@Z 000000014000b798 f   libvcruntime:undname.obj
 0001:0000a7f8       ?composeDeclaration@UnDecorator@@CA?AVDName@@AEBV2@@Z 000000014000b7f8 f i libvcruntime:undname.obj
 0001:0000ba34       ?doAccessSpecifiers@UnDecorator@@SAHXZ 000000014000ca34 f i libvcruntime:undname.obj
 0001:0000ba48       ?doAllocationLanguage@UnDecorator@@SAHXZ 000000014000ca48 f i libvcruntime:undname.obj
 0001:0000ba5c       ?doAllocationModel@UnDecorator@@SAHXZ 000000014000ca5c f i libvcruntime:undname.obj
 0001:0000ba70       ?doEcsu@UnDecorator@@SAHXZ 000000014000ca70 f i libvcruntime:undname.obj
 0001:0000ba84       ?doEllipsis@UnDecorator@@SAHXZ 000000014000ca84 f i libvcruntime:undname.obj
 0001:0000ba98       ?doFunctionReturns@UnDecorator@@SAHXZ 000000014000ca98 f i libvcruntime:undname.obj
 0001:0000baac       ?doMSKeywords@UnDecorator@@SAHXZ 000000014000caac f i libvcruntime:undname.obj
 0001:0000bac0       ?doMemberTypes@UnDecorator@@SAHXZ 000000014000cac0 f i libvcruntime:undname.obj
 0001:0000bad4       ?doNameOnly@UnDecorator@@SAHXZ 000000014000cad4 f i libvcruntime:undname.obj
 0001:0000bae4       ?doNoIdentCharCheck@UnDecorator@@SAHXZ 000000014000cae4 f i libvcruntime:undname.obj
 0001:0000baf4       ?doPchar@DName@@AEAAXD@Z   000000014000caf4 f   libvcruntime:undname.obj
 0001:0000bb58       ?doPtr64@UnDecorator@@SAHXZ 000000014000cb58 f i libvcruntime:undname.obj
 0001:0000bb6c       ?doRestrictionSpec@UnDecorator@@SAHXZ 000000014000cb6c f i libvcruntime:undname.obj
 0001:0000bb80       ?doThisTypes@UnDecorator@@SAHXZ 000000014000cb80 f i libvcruntime:undname.obj
 0001:0000bb98       ?doThrowTypes@UnDecorator@@SAHXZ 000000014000cb98 f i libvcruntime:undname.obj
 0001:0000bbac       ?doTypeOnly@UnDecorator@@SAHXZ 000000014000cbac f i libvcruntime:undname.obj
 0001:0000bbbc       ?doUnderScore@UnDecorator@@SAHXZ 000000014000cbbc f i libvcruntime:undname.obj
 0001:0000bbcc       ?getAddressOf@UnDecorator@@CA?AVDName@@XZ 000000014000cbcc f   libvcruntime:undname.obj
 0001:0000bc80       ?getArgumentList@UnDecorator@@CA?AVDName@@XZ 000000014000cc80 f   libvcruntime:undname.obj
 0001:0000bea4       ?getArgumentTypes@UnDecorator@@CA?AVDName@@XZ 000000014000cea4 f   libvcruntime:undname.obj
 0001:0000c044       ?getArrayAccess@UnDecorator@@CA?AVDName@@XZ 000000014000d044 f   libvcruntime:undname.obj
 0001:0000c104       ?getArrayObject@UnDecorator@@CA?AVDName@@XZ 000000014000d104 f   libvcruntime:undname.obj
 0001:0000c1ec       ?getArrayType@UnDecorator@@CA?AVDName@@AEBV2@@Z 000000014000d1ec f i libvcruntime:undname.obj
 0001:0000c4c4       ?getBasedType@UnDecorator@@CA?AVDName@@XZ 000000014000d4c4 f   libvcruntime:undname.obj
 0001:0000c5f8       ?getBasicDataType@UnDecorator@@CA?AVDName@@AEBV2@@Z 000000014000d5f8 f   libvcruntime:undname.obj
 0001:0000cd78       ?getCHPEName@UnDecorator@@QEAAPEADPEADH@Z 000000014000dd78 f i libvcruntime:undname.obj
 0001:0000cedc       ?getCallIndex@UnDecorator@@CA?AVDName@@XZ 000000014000dedc f i libvcruntime:undname.obj
 0001:0000cefc       ?getCallingConvention@UnDecorator@@CA?AVDName@@XZ 000000014000defc f   libvcruntime:undname.obj
 0001:0000d09c       ?getDataIndirectType@UnDecorator@@CA?AVDName@@AEBV2@W4IndirectionKind@@0H@Z 000000014000e09c f   libvcruntime:undname.obj
 0001:0000db94       ?getDataIndirectType@UnDecorator@@CA?AVDName@@XZ 000000014000eb94 f i libvcruntime:undname.obj
 0001:0000dbdc       ?getDataType@UnDecorator@@CA?AVDName@@PEAV2@@Z 000000014000ebdc f   libvcruntime:undname.obj
 0001:0000dd34       ?getDecoratedName@UnDecorator@@CA?AVDName@@XZ 000000014000ed34 f   libvcruntime:undname.obj
 0001:0000e0d4       ?getDimension@UnDecorator@@CA?AVDName@@_N@Z 000000014000f0d4 f   libvcruntime:undname.obj
 0001:0000e270       ?getDispatchTarget@UnDecorator@@CA?AVDName@@XZ 000000014000f270 f   libvcruntime:undname.obj
 0001:0000e2d0       ?getDisplacement@UnDecorator@@CA?AVDName@@XZ 000000014000f2d0 f i libvcruntime:undname.obj
 0001:0000e2f0       ?getECSUDataType@UnDecorator@@CA?AVDName@@XZ 000000014000f2f0 f   libvcruntime:undname.obj
 0001:0000e548       ?getECSUName@UnDecorator@@CA?AVDName@@XZ 000000014000f548 f i libvcruntime:undname.obj
 0001:0000e564       ?getEnumType@UnDecorator@@CA?AVDName@@XZ 000000014000f564 f i libvcruntime:undname.obj
 0001:0000e6e0       ?getExtendedDataIndirectType@UnDecorator@@CA?AVDName@@AEAW4IndirectionKind@@AEA_NH@Z 000000014000f6e0 f   libvcruntime:undname.obj
 0001:0000e964       ?getExternalDataType@UnDecorator@@CA?AVDName@@AEBV2@@Z 000000014000f964 f i libvcruntime:undname.obj
 0001:0000ea54       ?getFloatingPoint@UnDecorator@@CA?AVDName@@H@Z 000000014000fa54 f   libvcruntime:undname.obj
 0001:0000ec14       ?getFunctionIndirectType@UnDecorator@@CA?AVDName@@AEBV2@@Z 000000014000fc14 f   libvcruntime:undname.obj
 0001:0000f284       ?getGuardNumber@UnDecorator@@CA?AVDName@@XZ 0000000140010284 f i libvcruntime:undname.obj
 0001:0000f2a4       ?getLastChar@DName@@QEBADXZ 00000001400102a4 f i libvcruntime:undname.obj
 0001:0000f2c4       ?getLastChar@DNameStatusNode@@UEBADXZ 00000001400102c4 f i libvcruntime:undname.obj
 0001:0000f2d4       ?getLastChar@charNode@@UEBADXZ 00000001400102d4 f i libvcruntime:undname.obj
 0001:0000f2d8       ?getLastChar@pDNameNode@@UEBADXZ 00000001400102d8 f i libvcruntime:undname.obj
 0001:0000f30c       ?getLastChar@pairNode@@UEBADXZ 000000014001030c f i libvcruntime:undname.obj
 0001:0000f350       ?getLastChar@pcharNode@@UEBADXZ 0000000140010350 f i libvcruntime:undname.obj
 0001:0000f36c       ?getLexicalFrame@UnDecorator@@CA?AVDName@@XZ 000000014001036c f i libvcruntime:undname.obj
 0001:0000f3e8       ?getMemberAccess@UnDecorator@@CA?AVDName@@XZ 00000001400103e8 f   libvcruntime:undname.obj
 0001:0000f4a0       ?getMemoryWithBuffer@_HeapManager@@QEAAPEAX_K@Z 00000001400104a0 f   libvcruntime:undname.obj
 0001:0000f554       ?getMemoryWithoutBuffer@_HeapManager@@QEAAPEAX_K@Z 0000000140010554 f   libvcruntime:undname.obj
 0001:0000f56c       ?getNoexcept@UnDecorator@@CA?AVDName@@XZ 000000014001056c f   libvcruntime:undname.obj
 0001:0000f5e8       ?getNumberOfDimensions@UnDecorator@@CAHXZ 00000001400105e8 f   libvcruntime:undname.obj
 0001:0000f66c       ?getOperatorName@UnDecorator@@CA?AVDName@@_NPEA_N@Z 000000014001066c f i libvcruntime:undname.obj
 0001:000102f8       ?getPointerToMember@UnDecorator@@CA?AVDName@@XZ 00000001400112f8 f   libvcruntime:undname.obj
 0001:0001042c       ?getPointerType@UnDecorator@@CA?AVDName@@AEBV2@0@Z 000000014001142c f i libvcruntime:undname.obj
 0001:00010450       ?getPointerTypeArray@UnDecorator@@CA?AVDName@@AEBV2@0@Z 0000000140011450 f i libvcruntime:undname.obj
 0001:00010470       ?getPrimaryDataType@UnDecorator@@CA?AVDName@@AEBV2@@Z 0000000140011470 f   libvcruntime:undname.obj
 0001:000107d8       ?getPtrRefDataType@UnDecorator@@CA?AVDName@@AEBV2@H@Z 00000001400117d8 f   libvcruntime:undname.obj
 0001:00010a18       ?getPtrRefType@UnDecorator@@CA?AVDName@@AEBV2@0W4IndirectionKind@@@Z 0000000140011a18 f   libvcruntime:undname.obj
 0001:00010c64       ?getReferenceType@UnDecorator@@CA?AVDName@@AEBV2@0W4IndirectionKind@@@Z 0000000140011c64 f i libvcruntime:undname.obj
 0001:00010c80       ?getRestrictionSpec@UnDecorator@@CA?AVDName@@XZ 0000000140011c80 f   libvcruntime:undname.obj
 0001:00010ed0       ?getReturnType@UnDecorator@@CA?AVDName@@PEAV2@@Z 0000000140011ed0 f   libvcruntime:undname.obj
 0001:00010f14       ?getScope@UnDecorator@@CA?AVDName@@XZ 0000000140011f14 f   libvcruntime:undname.obj
 0001:000114fc       ?getScopedName@UnDecorator@@CA?AVDName@@XZ 00000001400124fc f   libvcruntime:undname.obj
 0001:00011688       ?getSignedDimension@UnDecorator@@CA?AVDName@@XZ 0000000140012688 f   libvcruntime:undname.obj
 0001:00011730       ?getStorageConvention@UnDecorator@@CA?AVDName@@XZ 0000000140012730 f i libvcruntime:undname.obj
 0001:00011778       ?getString@DName@@QEBAPEADPEAD0@Z 0000000140012778 f i libvcruntime:undname.obj
 0001:00011798       ?getString@DName@@QEBAPEADPEADH@Z 0000000140012798 f i libvcruntime:undname.obj
 0001:00011850       ?getString@DNameStatusNode@@UEBAPEADPEAD0@Z 0000000140012850 f i libvcruntime:undname.obj
 0001:000118a8       ?getString@charNode@@UEBAPEADPEAD0@Z 00000001400128a8 f i libvcruntime:undname.obj
 0001:000118c0       ?getString@pDNameNode@@UEBAPEADPEAD0@Z 00000001400128c0 f i libvcruntime:undname.obj
 0001:000118f8       ?getString@pairNode@@UEBAPEADPEAD0@Z 00000001400128f8 f i libvcruntime:undname.obj
 0001:00011958       ?getString@pcharNode@@UEBAPEADPEAD0@Z 0000000140012958 f i libvcruntime:undname.obj
 0001:0001199c       ?getStringEncoding@UnDecorator@@CA?AVDName@@W4PrefixKind@@H@Z 000000014001299c f   libvcruntime:undname.obj
 0001:00011ac8       ?getStringHelper@@YAPEADPEADPEBD1H@Z 0000000140012ac8 f i libvcruntime:undname.obj
 0001:00011b00       ?getStringObject@UnDecorator@@CA?AVDName@@XZ 0000000140012b00 f   libvcruntime:undname.obj
 0001:00011b84       ?getSymbolName@UnDecorator@@CA?AVDName@@XZ 0000000140012b84 f i libvcruntime:undname.obj
 0001:00011be4       ?getTemplateArgumentList@UnDecorator@@CA?AVDName@@XZ 0000000140012be4 f   libvcruntime:undname.obj
 0001:00011e88       ?getTemplateName@UnDecorator@@CA?AVDName@@_N@Z 0000000140012e88 f   libvcruntime:undname.obj
 0001:000121c0       ?getTemplateNonTypeArgument@UnDecorator@@CA?AVDName@@XZ 00000001400131c0 f   libvcruntime:undname.obj
 0001:00012864       ?getTemplateTypeArgument@UnDecorator@@CA?AVDName@@XZ 0000000140013864 f   libvcruntime:undname.obj
 0001:00012a28       ?getThisType@UnDecorator@@CA?AVDName@@XZ 0000000140013a28 f i libvcruntime:undname.obj
 0001:00012a78       ?getThrowTypes@UnDecorator@@CA?AVDName@@XZ 0000000140013a78 f   libvcruntime:undname.obj
 0001:00012aa4       ?getTypeEncoding@UnDecorator@@CAHXZ 0000000140013aa4 f i libvcruntime:undname.obj
 0001:00012f24       ?getUndecoratedName@UnDecorator@@QEAAPEADPEADH@Z 0000000140013f24 f i libvcruntime:undname.obj
 0001:000130cc       ?getUnionObject@UnDecorator@@CA?AVDName@@XZ 00000001400140cc f   libvcruntime:undname.obj
 0001:000131d8       ?getVCallThunkType@UnDecorator@@CA?AVDName@@XZ 00000001400141d8 f i libvcruntime:undname.obj
 0001:0001326c       ?getValue@UnDecorator@@CA?AV?$optional@_K@std@@XZ 000000014001426c f   libvcruntime:undname.obj
 0001:000132fc       ?getValueObject@UnDecorator@@CA?AVDName@@XZ 00000001400142fc f   libvcruntime:undname.obj
 0001:0001348c       ?getVbTableType@UnDecorator@@CA?AVDName@@AEBV2@@Z 000000014001448c f i libvcruntime:undname.obj
 0001:000134a8       ?getVdispMapType@UnDecorator@@CA?AVDName@@AEBV2@@Z 00000001400144a8 f i libvcruntime:undname.obj
 0001:00013544       ?getVfTableType@UnDecorator@@CA?AVDName@@AEBV2@@Z 0000000140014544 f i libvcruntime:undname.obj
 0001:000137d0       ?getZName@UnDecorator@@CA?AVDName@@_N0@Z 00000001400147d0 f   libvcruntime:undname.obj
 0001:00013b68       ?haveTemplateParameters@UnDecorator@@SAHXZ 0000000140014b68 f i libvcruntime:undname.obj
 0001:00013b78       ?isArray@DName@@QEBAHXZ    0000000140014b78 f i libvcruntime:undname.obj
 0001:00013b84       ?isComArray@DName@@QEBAHXZ 0000000140014b84 f i libvcruntime:undname.obj
 0001:00013b90       ?isEmpty@DName@@QEBAHXZ    0000000140014b90 f i libvcruntime:undname.obj
 0001:00013b9c       ?isFull@Replicator@@QEBAHXZ 0000000140014b9c f i libvcruntime:undname.obj
 0001:00013ba8       ?isNoTE@DName@@QEBAHXZ     0000000140014ba8 f i libvcruntime:undname.obj
 0001:00013bb4       ?isPinPtr@DName@@QEBAHXZ   0000000140014bb4 f i libvcruntime:undname.obj
 0001:00013bc0       ?isPtrRef@DName@@QEBAHXZ   0000000140014bc0 f i libvcruntime:undname.obj
 0001:00013bcc       ?isUDC@DName@@QEBAHXZ      0000000140014bcc f i libvcruntime:undname.obj
 0001:00013be8       ?isUDTThunk@DName@@QEBAHXZ 0000000140014be8 f i libvcruntime:undname.obj
 0001:00013c04       ?isVCallThunk@DName@@QEBAHXZ 0000000140014c04 f i libvcruntime:undname.obj
 0001:00013c10       ?isValid@DName@@QEBAHXZ    0000000140014c10 f i libvcruntime:undname.obj
 0001:00013c1c       ?length@DName@@QEBAHXZ     0000000140014c1c f i libvcruntime:undname.obj
 0001:00013c3c       ?length@DNameStatusNode@@UEBAHXZ 0000000140014c3c f i libvcruntime:undname.obj
 0001:00013c40       ?length@charNode@@UEBAHXZ  0000000140014c40 f i libvcruntime:undname.obj
 0001:00013c48       ?length@pDNameNode@@UEBAHXZ 0000000140014c48 f i libvcruntime:undname.obj
 0001:00013c7c       ?length@pairNode@@UEBAHXZ  0000000140014c7c f i libvcruntime:undname.obj
 0001:00013cd4       ?length@pcharNode@@UEBAHXZ 0000000140014cd4 f i libvcruntime:undname.obj
 0001:00013cd8       ?make@DNameStatusNode@@SAPEBV1@W4DNameStatus@@@Z 0000000140014cd8 f i libvcruntime:undname.obj
 0001:00013d00       ?parseDecoratedName@UnDecorator@@CA?AVDName@@XZ 0000000140014d00 f   libvcruntime:undname.obj
 0001:00013e58       ?raw_length@DNameStatusNode@@UEBAHXZ 0000000140014e58 f i libvcruntime:undname.obj
 0001:00013e5c       ?raw_length@charNode@@UEBAHXZ 0000000140014e5c f i libvcruntime:undname.obj
 0001:00013e64       ?raw_length@pDNameNode@@UEBAHXZ 0000000140014e64 f i libvcruntime:undname.obj
 0001:00013e68       ?raw_length@pairNode@@UEBAHXZ 0000000140014e68 f i libvcruntime:undname.obj
 0001:00013e6c       ?raw_length@pcharNode@@UEBAHXZ 0000000140014e6c f i libvcruntime:undname.obj
 0001:00013e70       ?setIsArray@DName@@QEAAXXZ 0000000140014e70 f i libvcruntime:undname.obj
 0001:00013e78       ?setIsComArray@DName@@QEAAXXZ 0000000140014e78 f i libvcruntime:undname.obj
 0001:00013e80       ?setIsNoTE@DName@@QEAAXXZ  0000000140014e80 f i libvcruntime:undname.obj
 0001:00013e88       ?setIsPinPtr@DName@@QEAAXXZ 0000000140014e88 f i libvcruntime:undname.obj
 0001:00013e90       ?setIsUDC@DName@@QEAAXXZ   0000000140014e90 f i libvcruntime:undname.obj
 0001:00013ea0       ?setIsVCallThunk@DName@@QEAAXXZ 0000000140014ea0 f i libvcruntime:undname.obj
 0001:00013ea8       ?setPtrRef@DName@@QEAAAEAV1@XZ 0000000140014ea8 f i libvcruntime:undname.obj
 0001:00013eb4       ?status@DName@@QEBA?AW4DNameStatus@@XZ 0000000140014eb4 f i libvcruntime:undname.obj
 0001:00013f2c       __unDName                  0000000140014f2c f   libvcruntime:undname.obj
 0001:00013f5c       __unDNameEx                0000000140014f5c f   libvcruntime:undname.obj
 0001:000140dc       _vsprintf_s_l              00000001400150dc f i libvcruntime:undname.obj
 0001:00014158       snprintf                   0000000140015158 f i libvcruntime:undname.obj
 0001:000141c4       sprintf_s                  00000001400151c4 f i libvcruntime:undname.obj
 0001:0001422c       unDNameGenerateCHPE        000000014001522c f   libvcruntime:undname.obj
 0001:00014374       vsnprintf                  0000000140015374 f i libvcruntime:undname.obj
 0001:000143f0       ??$__crt_interlocked_exchange_pointer@UHINSTANCE__@@PEAU1@@@YAPEAUHINSTANCE__@@PEDSEAU0@QEAU0@@Z 00000001400153f0 f i libvcruntime:winapi_downlevel.obj
 0001:000143f8       ??$__crt_interlocked_exchange_pointer@UHINSTANCE__@@PEAX@@YAPEAUHINSTANCE__@@PEDSEAU0@QEAX@Z 00000001400153f8 f i libvcruntime:winapi_downlevel.obj
 0001:00014400       ??$__crt_interlocked_exchange_pointer@XPEAX@@YAPEAXPEDSEAXQEAX@Z 0000000140015400 f i libvcruntime:winapi_downlevel.obj
 0001:00014408       ??$__crt_interlocked_read_pointer@UHINSTANCE__@@@@YAPEAUHINSTANCE__@@PEDSEAU0@@Z 0000000140015408 f i libvcruntime:winapi_downlevel.obj
 0001:00014410       ??$__crt_interlocked_read_pointer@X@@YAPEAXPEDSEAX@Z 0000000140015410 f i libvcruntime:winapi_downlevel.obj
 0001:00014a98       __vcrt_FlsAlloc            0000000140015a98 f   libvcruntime:winapi_downlevel.obj
 0001:00014af0       __vcrt_FlsFree             0000000140015af0 f   libvcruntime:winapi_downlevel.obj
 0001:00014b48       __vcrt_FlsGetValue         0000000140015b48 f   libvcruntime:winapi_downlevel.obj
 0001:00014ba0       __vcrt_FlsSetValue         0000000140015ba0 f   libvcruntime:winapi_downlevel.obj
 0001:00014c08       __vcrt_InitializeCriticalSectionEx 0000000140015c08 f   libvcruntime:winapi_downlevel.obj
 0001:00014c84       ??$__crt_interlocked_exchange_pointer@$$A6AXXZP6AXXZ@@YAP6AXXZPEDS6AXXZQ6AXXZ@Z 0000000140015c84 f i libvcruntime:purevirt.obj
 0001:00014c8c       ??$__crt_interlocked_read_pointer@$$A6AXXZ@@YAP6AXXZPEDS6AXXZ@Z 0000000140015c8c f i libvcruntime:purevirt.obj
 0001:00014c94       _get_purecall_handler      0000000140015c94 f   libvcruntime:purevirt.obj
 0001:00014ca0       _purecall                  0000000140015ca0 f   libvcruntime:purevirt.obj
 0001:00014cc0       _set_purecall_handler      0000000140015cc0 f   libvcruntime:purevirt.obj
 0001:00014cd0       ??$?0AEAViterator@TryBlockMap4@FH4@@AEAV012@$0A@@?$pair@Viterator@TryBlockMap4@FH4@@V123@@std@@QEAA@AEAViterator@TryBlockMap4@FH4@@0@Z 0000000140015cd0 f i libvcruntime:risctrnsctrl.obj
 0001:00014cec       ??$?0AEAViterator@TryBlockMap@__FrameHandler3@@AEAV012@$0A@@?$pair@Viterator@TryBlockMap@__FrameHandler3@@V123@@std@@QEAA@AEAViterator@TryBlockMap@__FrameHandler3@@0@Z 0000000140015cec f i libvcruntime:risctrnsctrl.obj
 0001:00014e94       ??$_CallSETranslator@V__FrameHandler3@@@@YAHPEAUEHExceptionRecord@@PEA_KPEAU_CONTEXT@@PEAU_xDISPATCHER_CONTEXT@@PEBU_s_FuncInfo@@K1H@Z 0000000140015e94 f i libvcruntime:risctrnsctrl.obj
 0001:00014efc       ??$_CallSETranslator@V__FrameHandler4@@@@YAHPEAUEHExceptionRecord@@PEA_KPEAU_CONTEXT@@PEAU_xDISPATCHER_CONTEXT@@PEAUFuncInfo4@FH4@@K1H@Z 0000000140015efc f i libvcruntime:risctrnsctrl.obj
 0001:00014f64       ??$forward@AEAViterator@TryBlockMap4@FH4@@@std@@YAAEAViterator@TryBlockMap4@FH4@@AEAV123@@Z 0000000140015f64 f i libvcruntime:risctrnsctrl.obj
 0001:00014f68       ??$forward@AEAViterator@TryBlockMap@__FrameHandler3@@@std@@YAAEAViterator@TryBlockMap@__FrameHandler3@@AEAV123@@Z 0000000140015f68 f i libvcruntime:risctrnsctrl.obj
 0001:00014f6c       ??0FuncInfo4@FH4@@QEAA@XZ  0000000140015f6c f i libvcruntime:risctrnsctrl.obj
 0001:00014f84       ??0FuncInfoHeader@FH4@@QEAA@XZ 0000000140015f84 f i libvcruntime:risctrnsctrl.obj
 0001:00014f8c       ??0iterator@TryBlockMap4@FH4@@QEAA@AEAV12@I@Z 0000000140015f8c f i libvcruntime:risctrnsctrl.obj
 0001:00014f9c       ??0iterator@TryBlockMap@__FrameHandler3@@QEAA@AEAV12@I@Z 0000000140015f9c f i libvcruntime:risctrnsctrl.obj
 0001:00014fac       ??4iterator@TryBlockMap4@FH4@@QEAAAEAV012@AEBV012@@Z 0000000140015fac f i libvcruntime:risctrnsctrl.obj
 0001:00014fb8       ??9iterator@TryBlockMap4@FH4@@QEBA_NAEBV012@@Z 0000000140015fb8 f i libvcruntime:risctrnsctrl.obj
 0001:00014fc4       ??Diterator@TryBlockMap4@FH4@@QEAA?AUTryBlockMapEntry4@2@XZ 0000000140015fc4 f i libvcruntime:risctrnsctrl.obj
 0001:00014fd8       ??Eiterator@TryBlockMap4@FH4@@QEAAAEAV012@XZ 0000000140015fd8 f i libvcruntime:risctrnsctrl.obj
 0001:0001509c       ?CatchTryBlock@__FrameHandler3@@SAPEBU_s_TryBlockMapEntry@@PEBU_s_FuncInfo@@H@Z 000000014001609c f   libvcruntime:risctrnsctrl.obj
 0001:00015118       ?DecompFuncInfo@FH4@@YA_JPEAEAEAUFuncInfo4@1@_KH@Z 0000000140016118 f i libvcruntime:risctrnsctrl.obj
 0001:00015130       ?DecompFuncInfo@FH4@@YA_JPEAEAEAUFuncInfo4@1@_KH_N@Z 0000000140016130 f i libvcruntime:risctrnsctrl.obj
 0001:0001529c       ?DecompTryBlock@TryBlockMap4@FH4@@AEAAXXZ 000000014001629c f i libvcruntime:risctrnsctrl.obj
 0001:00015354       ?ExecutionInCatch@__FrameHandler3@@SA_NPEAU_xDISPATCHER_CONTEXT@@PEBU_s_FuncInfo@@@Z 0000000140016354 f   libvcruntime:risctrnsctrl.obj
 0001:00015388       ?ExecutionInCatch@__FrameHandler4@@SA_NPEAU_xDISPATCHER_CONTEXT@@PEAUFuncInfo4@FH4@@@Z 0000000140016388 f   libvcruntime:risctrnsctrl.obj
 0001:00015390       ?FrameUnwindToEmptyState@__FrameHandler3@@SAXPEA_KPEAU_xDISPATCHER_CONTEXT@@PEBU_s_FuncInfo@@@Z 0000000140016390 f   libvcruntime:risctrnsctrl.obj
 0001:00015410       ?FrameUnwindToEmptyState@__FrameHandler4@@SAXPEA_KPEAU_xDISPATCHER_CONTEXT@@PEAUFuncInfo4@FH4@@@Z 0000000140016410 f   libvcruntime:risctrnsctrl.obj
 0001:00015450       ?GetEstablisherFrame@__FrameHandler3@@SAPEA_KPEA_KPEAU_xDISPATCHER_CONTEXT@@PEBU_s_FuncInfo@@0@Z 0000000140016450 f   libvcruntime:risctrnsctrl.obj
 0001:00015550       ?GetEstablisherFrame@__FrameHandler4@@SAPEA_KPEA_KPEAU_xDISPATCHER_CONTEXT@@PEAUFuncInfo4@FH4@@0@Z 0000000140016550 f   libvcruntime:risctrnsctrl.obj
 0001:0001557c       ?GetRangeOfTrysToCheck@__FrameHandler3@@SA?AU?$pair@Viterator@TryBlockMap@__FrameHandler3@@V123@@std@@AEAVTryBlockMap@1@HPEAU_xDISPATCHER_CONTEXT@@PEBU_s_FuncInfo@@H@Z 000000014001657c f   libvcruntime:risctrnsctrl.obj
 0001:0001570c       ?GetRangeOfTrysToCheck@__FrameHandler4@@SA?AU?$pair@Viterator@TryBlockMap4@FH4@@V123@@std@@AEAVTryBlockMap4@FH4@@HPEAU_xDISPATCHER_CONTEXT@@PEAUFuncInfo4@5@H@Z 000000014001670c f   libvcruntime:risctrnsctrl.obj
 0001:000158d0       ?ReadInt@FH4@@YAHPEAPEAE@Z 00000001400168d0 f i libvcruntime:risctrnsctrl.obj
 0001:000158e0       ?ReadUnsigned@FH4@@YAIPEAPEAE@Z 00000001400168e0 f i libvcruntime:risctrnsctrl.obj
 0001:0001591c       ?UnwindNestedFrames@__FrameHandler3@@SAXPEA_KPEAUEHExceptionRecord@@PEAU_CONTEXT@@0PEAXPEBU_s_FuncInfo@@HHPEBU_s_HandlerType@@PEAU_xDISPATCHER_CONTEXT@@E@Z 000000014001691c f   libvcruntime:risctrnsctrl.obj
 0001:00015a60       ?UnwindNestedFrames@__FrameHandler4@@SAXPEA_KPEAUEHExceptionRecord@@PEAU_CONTEXT@@0PEAXPEAUFuncInfo4@FH4@@HHPEAUHandlerType4@5@PEAU_xDISPATCHER_CONTEXT@@E@Z 0000000140016a60 f   libvcruntime:risctrnsctrl.obj
 0001:00015bc8       ?begin@TryBlockMap4@FH4@@QEAA?AViterator@12@XZ 0000000140016bc8 f i libvcruntime:risctrnsctrl.obj
 0001:00015bd8       ?end@TryBlockMap4@FH4@@QEAA?AViterator@12@XZ 0000000140016bd8 f i libvcruntime:risctrnsctrl.obj
 0001:00015be8       ?imageRelToByteBuffer@FH4@@YAPEAE_KH@Z 0000000140016be8 f i libvcruntime:risctrnsctrl.obj
 0001:00015bf0       ?incrementToSentinel@iterator@TryBlockMap4@FH4@@QEAAXXZ 0000000140016bf0 f i libvcruntime:risctrnsctrl.obj
 0001:00015bf4       ?setBuffer@TryBlockMap4@FH4@@QEAAXViterator@12@@Z 0000000140016bf4 f i libvcruntime:risctrnsctrl.obj
 0001:00015e28       _CreateFrameInfo           0000000140016e28 f   libvcruntime:risctrnsctrl.obj
 0001:00015e70       _FindAndUnlinkFrame        0000000140016e70 f   libvcruntime:risctrnsctrl.obj
 0001:00015ed8       _GetImageBase              0000000140016ed8 f   libvcruntime:risctrnsctrl.obj
 0001:00015ef0       _GetThrowImageBase         0000000140016ef0 f   libvcruntime:risctrnsctrl.obj
 0001:00015f08       _SetImageBase              0000000140016f08 f   libvcruntime:risctrnsctrl.obj
 0001:00015f28       _SetThrowImageBase         0000000140016f28 f   libvcruntime:risctrnsctrl.obj
 0001:00015f48       __CxxFrameHandler          0000000140016f48 f   libvcruntime:risctrnsctrl.obj
 0001:00015f50       __CxxFrameHandler2         0000000140016f50 f   libvcruntime:risctrnsctrl.obj
 0001:00015f58       __CxxFrameHandler3         0000000140016f58 f   libvcruntime:risctrnsctrl.obj
 0001:00016000       __CxxFrameHandler4         0000000140017000 f   libvcruntime:risctrnsctrl.obj
 0001:00016100       memcpy_repmovs             0000000140017100 f   libvcruntime:memcpy.obj
 0001:00016120       memcpy                     0000000140017120 f   libvcruntime:memcpy.obj
 0001:00016120       memmove                    0000000140017120 f   libvcruntime:memcpy.obj
 0001:00016940       ?GetCurrentState@__FrameHandler3@@SAHPEA_KPEAU_xDISPATCHER_CONTEXT@@PEBU_s_FuncInfo@@@Z 0000000140017940 f   libvcruntime:ehstate.obj
 0001:00016970       ?GetUnwindTryBlock@__FrameHandler3@@SAHPEA_KPEAU_xDISPATCHER_CONTEXT@@PEBU_s_FuncInfo@@@Z 0000000140017970 f   libvcruntime:ehstate.obj
 0001:000169a4       ?SetState@__FrameHandler3@@SAXPEA_KPEBU_s_FuncInfo@@H@Z 00000001400179a4 f   libvcruntime:ehstate.obj
 0001:000169b4       ?SetUnwindTryBlock@__FrameHandler3@@SAXPEA_KPEAU_xDISPATCHER_CONTEXT@@PEBU_s_FuncInfo@@H@Z 00000001400179b4 f   libvcruntime:ehstate.obj
 0001:00016a00       ?StateFromControlPc@__FrameHandler3@@SAHPEBU_s_FuncInfo@@PEAU_xDISPATCHER_CONTEXT@@@Z 0000000140017a00 f   libvcruntime:ehstate.obj
 0001:00016a0c       ?StateFromControlPc@__FrameHandler4@@SAHPEAUFuncInfo4@FH4@@PEAU_xDISPATCHER_CONTEXT@@@Z 0000000140017a0c f   libvcruntime:ehstate.obj
 0001:00016a18       ?StateFromIp@__FrameHandler3@@SAHPEBU_s_FuncInfo@@PEAU_xDISPATCHER_CONTEXT@@_K@Z 0000000140017a18 f   libvcruntime:ehstate.obj
 0001:00016a98       ?StateFromIp@__FrameHandler4@@SAHPEAUFuncInfo4@FH4@@PEAU_xDISPATCHER_CONTEXT@@_K@Z 0000000140017a98 f   libvcruntime:ehstate.obj
 0001:00016bc0       ?__FuncRelToRealOffset@@YA_KPEAU_xDISPATCHER_CONTEXT@@I@Z 0000000140017bc0 f i libvcruntime:ehstate.obj
 0001:00016bd4       ?__RVAtoRealOffset@@YA_KPEAU_xDISPATCHER_CONTEXT@@H@Z 0000000140017bd4 f i libvcruntime:ehstate.obj
 0001:00018770       ??$TypeMatchHelper@V__FrameHandler3@@@@YAHPEBU_s_HandlerType@@PEBU_s_CatchableType@@PEBU_s_ThrowInfo@@@Z 0000000140019770 f i libvcruntime:frame.obj
 0001:000188fc       ??$TypeMatchHelper@V__FrameHandler4@@@@YAHPEAUHandlerType4@FH4@@PEBU_s_CatchableType@@PEBU_s_ThrowInfo@@@Z 00000001400198fc f i libvcruntime:frame.obj
 0001:00018a90       ??$__InternalCxxFrameHandler@V__FrameHandler3@@@@YA?AW4_EXCEPTION_DISPOSITION@@PEAUEHExceptionRecord@@PEA_KPEAU_CONTEXT@@PEAU_xDISPATCHER_CONTEXT@@PEBU_s_FuncInfo@@H1E@Z 0000000140019a90 f i libvcruntime:frame.obj
 0001:00018d54       ??$__InternalCxxFrameHandler@V__FrameHandler4@@@@YA?AW4_EXCEPTION_DISPOSITION@@PEAUEHExceptionRecord@@PEA_KPEAU_CONTEXT@@PEAU_xDISPATCHER_CONTEXT@@PEAUFuncInfo4@FH4@@H1E@Z 0000000140019d54 f i libvcruntime:frame.obj
 0001:00019090       ??0HandlerMap4@FH4@@QEAA@PEBUTryBlockMapEntry4@1@_KH@Z 000000014001a090 f i libvcruntime:frame.obj
 0001:00019128       ??0HandlerMap@__FrameHandler3@@QEAA@PEBU_s_TryBlockMapEntry@@_KI@Z 000000014001a128 f i libvcruntime:frame.obj
 0001:00019144       ??0HandlerType4@FH4@@QEAA@XZ 000000014001a144 f i libvcruntime:frame.obj
 0001:00019160       ??0TryBlockMap4@FH4@@QEAA@PEBUFuncInfo4@1@_K@Z 000000014001a160 f i libvcruntime:frame.obj
 0001:0001926c       ??0TryBlockMap@__FrameHandler3@@QEAA@PEBU_s_FuncInfo@@_K@Z 000000014001a26c f i libvcruntime:frame.obj
 0001:0001927c       ??0UWMap4@FH4@@QEAA@PEBUFuncInfo4@1@_K@Z 000000014001a27c f i libvcruntime:frame.obj
 0001:000192d0       ??0bad_exception@std@@QEAA@AEBV01@@Z 000000014001a2d0 f i libvcruntime:frame.obj
 0001:0001931c       ??0bad_exception@std@@QEAA@XZ 000000014001a31c f i libvcruntime:frame.obj
 0001:00019344       ??0exception@std@@QEAA@AEBV01@@Z 000000014001a344 f i libvcruntime:frame.obj
 0001:00019384       ??0exception@std@@QEAA@QEBDH@Z 000000014001a384 f i libvcruntime:frame.obj
 0001:000193a0       ??0iterator@HandlerMap4@FH4@@QEAA@AEAV12@I@Z 000000014001a3a0 f i libvcruntime:frame.obj
 0001:000193b0       ??0iterator@HandlerMap@__FrameHandler3@@QEAA@AEAV12@I@Z 000000014001a3b0 f i libvcruntime:frame.obj
 0001:000193c0       ??0iterator@UWMap4@FH4@@QEAA@AEAV12@PEAE@Z 000000014001a3c0 f i libvcruntime:frame.obj
 0001:000193d0       ??1bad_exception@std@@UEAA@XZ 000000014001a3d0 f i libvcruntime:frame.obj
 0001:000193e8       ??1exception@std@@UEAA@XZ  000000014001a3e8 f i libvcruntime:frame.obj
 0001:00019400       ??4iterator@UWMap4@FH4@@QEAAAEAV012@AEBV012@@Z 000000014001a400 f i libvcruntime:frame.obj
 0001:00019428       ??8iterator@HandlerMap4@FH4@@QEBA_NAEBV012@@Z 000000014001a428 f i libvcruntime:frame.obj
 0001:00019434       ??8iterator@HandlerMap@__FrameHandler3@@QEBA_NAEBV012@@Z 000000014001a434 f i libvcruntime:frame.obj
 0001:00019440       ??8type_info@@QEBA_NAEBV0@@Z 000000014001a440 f i libvcruntime:frame.obj
 0001:00019464       ??9iterator@HandlerMap4@FH4@@QEBA_NAEBV012@@Z 000000014001a464 f i libvcruntime:frame.obj
 0001:00019470       ??9iterator@HandlerMap@__FrameHandler3@@QEBA_NAEBV012@@Z 000000014001a470 f i libvcruntime:frame.obj
 0001:0001947c       ??Diterator@HandlerMap4@FH4@@QEAA?AUHandlerType4@2@XZ 000000014001a47c f i libvcruntime:frame.obj
 0001:000194a4       ??Diterator@HandlerMap@__FrameHandler3@@QEAA?BU_s_HandlerType@@XZ 000000014001a4a4 f i libvcruntime:frame.obj
 0001:000194d0       ??Diterator@TryBlockMap@__FrameHandler3@@QEAA?BU_s_TryBlockMapEntry@@XZ 000000014001a4d0 f i libvcruntime:frame.obj
 0001:00019508       ??Diterator@UWMap4@FH4@@QEAA?AUUnwindMapEntry4@2@XZ 000000014001a508 f i libvcruntime:frame.obj
 0001:00019570       ??Eiterator@HandlerMap4@FH4@@QEAAAEAV012@XZ 000000014001a570 f i libvcruntime:frame.obj
 0001:00019594       ??Eiterator@HandlerMap@__FrameHandler3@@QEAAAEAV012@XZ 000000014001a594 f i libvcruntime:frame.obj
 0001:0001959c       ??Eiterator@TryBlockMap@__FrameHandler3@@QEAAAEAV012@XZ 000000014001a59c f i libvcruntime:frame.obj
 0001:000195a4       ??Eiterator@UWMap4@FH4@@QEAAAEAV012@XZ 000000014001a5a4 f i libvcruntime:frame.obj
 0001:000195cc       ??Giterator@UWMap4@FH4@@QEBA_JAEBV012@@Z 000000014001a5cc f i libvcruntime:frame.obj
 0001:000195d8       ??Miterator@TryBlockMap4@FH4@@QEBA_NAEBV012@@Z 000000014001a5d8 f i libvcruntime:frame.obj
 0001:000195e4       ??Miterator@TryBlockMap@__FrameHandler3@@QEBA_NAEBV012@@Z 000000014001a5e4 f i libvcruntime:frame.obj
 0001:000195f0       ??Oiterator@UWMap4@FH4@@QEBA_NAEBV012@@Z 000000014001a5f0 f i libvcruntime:frame.obj
 0001:00019600       ??Piterator@UWMap4@FH4@@QEBA_NAEBV012@@Z 000000014001a600 f i libvcruntime:frame.obj
 0001:00019610       ??_Ebad_exception@std@@UEAAPEAXI@Z 000000014001a610 f i libvcruntime:frame.obj
 0001:00019610       ??_Gbad_exception@std@@UEAAPEAXI@Z 000000014001a610 f i libvcruntime:frame.obj
 0001:00019664       ??_Eexception@std@@UEAAPEAXI@Z 000000014001a664 f i libvcruntime:frame.obj
 0001:00019664       ??_Gexception@std@@UEAAPEAXI@Z 000000014001a664 f i libvcruntime:frame.obj
 0001:000196b8       ?BuildCatchObject@__FrameHandler3@@SAXPEAUEHExceptionRecord@@PEAXPEBU_s_HandlerType@@PEBU_s_CatchableType@@@Z 000000014001a6b8 f   libvcruntime:frame.obj
 0001:000196c0       ?BuildCatchObject@__FrameHandler4@@SAXPEAUEHExceptionRecord@@PEAXPEAUHandlerType4@FH4@@PEBU_s_CatchableType@@@Z 000000014001a6c0 f   libvcruntime:frame.obj
 0001:000196c8       ?BuildCatchObjectHelper@__FrameHandler3@@SAHPEAUEHExceptionRecord@@PEAXPEBU_s_HandlerType@@PEBU_s_CatchableType@@@Z 000000014001a6c8 f   libvcruntime:frame.obj
 0001:000196d0       ?BuildCatchObjectHelper@__FrameHandler4@@SAHPEAUEHExceptionRecord@@PEAXPEAUHandlerType4@FH4@@PEBU_s_CatchableType@@@Z 000000014001a6d0 f   libvcruntime:frame.obj
 0001:000196d8       ?CxxCallCatchBlock@__FrameHandler3@@SAPEAXPEAU_EXCEPTION_RECORD@@@Z 000000014001a6d8 f   libvcruntime:frame.obj
 0001:0001993c       ?CxxCallCatchBlock@__FrameHandler4@@SAPEAXPEAU_EXCEPTION_RECORD@@@Z 000000014001a93c f   libvcruntime:frame.obj
 0001:00019c20       ?DecompHandler@HandlerMap4@FH4@@AEAAXXZ 000000014001ac20 f i libvcruntime:frame.obj
 0001:00019f00       ?FrameUnwindToState@__FrameHandler3@@SAXPEA_KPEAU_xDISPATCHER_CONTEXT@@PEBU_s_FuncInfo@@H@Z 000000014001af00 f   libvcruntime:frame.obj
 0001:0001a0ec       ?FrameUnwindToState@__FrameHandler4@@SAXPEA_KPEAU_xDISPATCHER_CONTEXT@@PEAUFuncInfo4@FH4@@H@Z 000000014001b0ec f   libvcruntime:frame.obj
 0001:0001a4a4       ?GetHandlerSearchState@__FrameHandler3@@SAHPEA_KPEAU_xDISPATCHER_CONTEXT@@PEBU_s_FuncInfo@@@Z 000000014001b4a4 f i libvcruntime:frame.obj
 0001:0001a560       ?GetHandlerSearchState@__FrameHandler4@@SAHPEA_KPEAU_xDISPATCHER_CONTEXT@@PEAUFuncInfo4@FH4@@@Z 000000014001b560 f i libvcruntime:frame.obj
 0001:0001a5dc       ?GetMaxState@__FrameHandler3@@SAHPEAU_xDISPATCHER_CONTEXT@@PEBU_s_FuncInfo@@@Z 000000014001b5dc f i libvcruntime:frame.obj
 0001:0001a5e0       ?GetMaxState@__FrameHandler4@@SAHPEAU_xDISPATCHER_CONTEXT@@PEAUFuncInfo4@FH4@@@Z 000000014001b5e0 f i libvcruntime:frame.obj
 0001:0001a7fc       ?ReadEntry@UWMap4@FH4@@AEAAXPEAPEAE@Z 000000014001b7fc f i libvcruntime:frame.obj
 0001:0001a8c0       ?TypeMatch@__FrameHandler3@@SAHPEBU_s_HandlerType@@PEBU_s_CatchableType@@PEBU_s_ThrowInfo@@@Z 000000014001b8c0 f   libvcruntime:frame.obj
 0001:0001a8c8       ?TypeMatch@__FrameHandler4@@SAHPEAUHandlerType4@FH4@@PEBU_s_CatchableType@@PEBU_s_ThrowInfo@@@Z 000000014001b8c8 f   libvcruntime:frame.obj
 0001:0001a8d0       ?WalkBack@UWMap4@FH4@@AEAAXPEAPEAE@Z 000000014001b8d0 f i libvcruntime:frame.obj
 0001:0001a914       ?WalkBack@iterator@UWMap4@FH4@@QEAAXXZ 000000014001b914 f i libvcruntime:frame.obj
 0001:0001a960       ?WalkForward@UWMap4@FH4@@AEAAXPEAPEAE@Z 000000014001b960 f i libvcruntime:frame.obj
 0001:0001a968       ?_CallMemberFunction1@@YAXQEAX00@Z 000000014001b968 f i libvcruntime:frame.obj
 0001:0001a974       ?_CallMemberFunction2@@YAXQEAX00H@Z 000000014001b974 f i libvcruntime:frame.obj
 0001:0001a9a4       ?begin@HandlerMap4@FH4@@QEAA?AViterator@12@XZ 000000014001b9a4 f i libvcruntime:frame.obj
 0001:0001a9b4       ?begin@HandlerMap@__FrameHandler3@@QEAA?AViterator@12@XZ 000000014001b9b4 f i libvcruntime:frame.obj
 0001:0001a9c4       ?begin@UWMap4@FH4@@QEAA?AViterator@12@XZ 000000014001b9c4 f i libvcruntime:frame.obj
 0001:0001a9d8       ?end@HandlerMap4@FH4@@QEAA?AViterator@12@XZ 000000014001b9d8 f i libvcruntime:frame.obj
 0001:0001a9e8       ?end@HandlerMap@__FrameHandler3@@QEAA?AViterator@12@XZ 000000014001b9e8 f i libvcruntime:frame.obj
 0001:0001a9f8       ?getESTypes@__FrameHandler3@@SAPEBU_s_ESTypeList@@PEBU_s_FuncInfo@@@Z 000000014001b9f8 f i libvcruntime:frame.obj
 0001:0001aa2c       ?getESTypes@__FrameHandler4@@SAPEBU_s_ESTypeList@@PEAUFuncInfo4@FH4@@@Z 000000014001ba2c f i libvcruntime:frame.obj
 0001:0001aa30       ?getLastEntry@HandlerMap4@FH4@@QEAAPEAUHandlerType4@2@XZ 000000014001ba30 f i libvcruntime:frame.obj
 0001:0001aa94       ?getLastEntry@HandlerMap@__FrameHandler3@@QEAAPEBU_s_HandlerType@@XZ 000000014001ba94 f i libvcruntime:frame.obj
 0001:0001aaac       ?getMagicNum@__FrameHandler3@@SAIPEBU_s_FuncInfo@@@Z 000000014001baac f i libvcruntime:frame.obj
 0001:0001aab8       ?getMagicNum@__FrameHandler4@@SAIPEAUFuncInfo4@FH4@@@Z 000000014001bab8 f i libvcruntime:frame.obj
 0001:0001aac0       ?getNumTryBlocks@TryBlockMap4@FH4@@QEAAIXZ 000000014001bac0 f i libvcruntime:frame.obj
 0001:0001aac4       ?getNumTryBlocks@TryBlockMap@__FrameHandler3@@QEAAIXZ 000000014001bac4 f i libvcruntime:frame.obj
 0001:0001aacc       ?getStartStop@UWMap4@FH4@@QEAAXHHAEAViterator@12@0@Z 000000014001bacc f i libvcruntime:frame.obj
 0001:0001abd0       ?getStateFromIterators@UWMap4@FH4@@SAHAEBViterator@12@H0H0@Z 000000014001bbd0 f i libvcruntime:frame.obj
 0001:0001acd0       ?isEHs@__FrameHandler3@@SA_NPEBU_s_FuncInfo@@@Z 000000014001bcd0 f i libvcruntime:frame.obj
 0001:0001acd8       ?isEHs@__FrameHandler4@@SA_NPEAUFuncInfo4@FH4@@@Z 000000014001bcd8 f i libvcruntime:frame.obj
 0001:0001ace4       ?isNoExcept@__FrameHandler3@@SA_NPEBU_s_FuncInfo@@@Z 000000014001bce4 f i libvcruntime:frame.obj
 0001:0001acf0       ?isNoExcept@__FrameHandler4@@SA_NPEAUFuncInfo4@FH4@@@Z 000000014001bcf0 f i libvcruntime:frame.obj
 0001:0001acfc       ?reset@HandlerType4@FH4@@QEAAXXZ 000000014001bcfc f i libvcruntime:frame.obj
 0001:0001ad18       ?resetBuffer@HandlerMap4@FH4@@QEAAXXZ 000000014001bd18 f i libvcruntime:frame.obj
 0001:0001ad28       ?setBuffer@HandlerMap4@FH4@@QEAAXI@Z 000000014001bd28 f i libvcruntime:frame.obj
 0001:0001ad70       ?what@exception@std@@UEBAPEBDXZ 000000014001bd70 f i libvcruntime:frame.obj
 0001:0001ad88       __BuildCatchObject         000000014001bd88 f   libvcruntime:frame.obj
 0001:0001ad90       __BuildCatchObjectHelper   000000014001bd90 f   libvcruntime:frame.obj
 0001:0001ad98       __TypeMatch                000000014001bd98 f   libvcruntime:frame.obj
 0001:0001ada0       __vcrt_EncodePointer       000000014001bda0 f i libvcruntime:frame.obj
 0001:0001adc0       _CallSettingFrame          000000014001bdc0 f   libvcruntime:handlers.obj
 0001:0001ae10       _CallSettingFrame_LookupContinuationIndex 000000014001be10 f   libvcruntime:handlers.obj
 0001:0001ae40       _CallSettingFrame_NotifyContinuationAddr 000000014001be40 f   libvcruntime:handlers.obj
 0001:0001ae70       _CallSettingFrameEncoded   000000014001be70 f   libvcruntime:handlers.obj
 0001:0001aef8       ??$?RD@__crt_public_free_policy@@QEBAXQEBD@Z 000000014001bef8 f i libvcruntime:std_exception.obj
 0001:0001af04       ??0?$__crt_unique_heap_ptr@DU__crt_public_free_policy@@@@QEAA@QEAD@Z 000000014001bf04 f i libvcruntime:std_exception.obj
 0001:0001af0c       ??1?$__crt_unique_heap_ptr@DU__crt_public_free_policy@@@@QEAA@XZ 000000014001bf0c f i libvcruntime:std_exception.obj
 0001:0001af30       ??B?$__crt_unique_heap_ptr@DU__crt_public_free_policy@@@@QEBA_NXZ 000000014001bf30 f i libvcruntime:std_exception.obj
 0001:0001af3c       ?detach@?$__crt_unique_heap_ptr@DU__crt_public_free_policy@@@@QEAAPEADXZ 000000014001bf3c f i libvcruntime:std_exception.obj
 0001:0001af48       ?get@?$__crt_unique_heap_ptr@DU__crt_public_free_policy@@@@QEBAPEADXZ 000000014001bf48 f i libvcruntime:std_exception.obj
 0001:0001af4c       ?is_valid@?$__crt_unique_heap_ptr@DU__crt_public_free_policy@@@@QEBA_NXZ 000000014001bf4c f i libvcruntime:std_exception.obj
 0001:0001af58       ?release@?$__crt_unique_heap_ptr@DU__crt_public_free_policy@@@@QEAAXXZ 000000014001bf58 f i libvcruntime:std_exception.obj
 0001:0001af7c       __std_exception_copy       000000014001bf7c f   libvcruntime:std_exception.obj
 0001:0001b02c       __std_exception_destroy    000000014001c02c f   libvcruntime:std_exception.obj
 0001:0001b05c       _CxxThrowException         000000014001c05c f   libvcruntime:throw.obj
 0001:0001b124       ??$?RPEAU__crt_stdio_stream_data@@@__crt_internal_free_policy@@QEBAXQEBQEAU__crt_stdio_stream_data@@@Z 000000014001c124 f i libucrt:_file.obj
 0001:0001b130       ??0?$__crt_unique_heap_ptr@PEAU__crt_stdio_stream_data@@U__crt_internal_free_policy@@@@QEAA@QEAPEAU__crt_stdio_stream_data@@@Z 000000014001c130 f i libucrt:_file.obj
 0001:0001b138       ??0__crt_stdio_stream@@QEAA@QEAU_iobuf@@@Z 000000014001c138 f i libucrt:_file.obj
 0001:0001b140       ??1?$__crt_unique_heap_ptr@PEAU__crt_stdio_stream_data@@U__crt_internal_free_policy@@@@QEAA@XZ 000000014001c140 f i libucrt:_file.obj
 0001:0001b164       ??C__crt_stdio_stream@@QEBAPEAU__crt_stdio_stream_data@@XZ 000000014001c164 f i libucrt:_file.obj
 0001:0001b168       ?detach@?$__crt_unique_heap_ptr@PEAU__crt_stdio_stream_data@@U__crt_internal_free_policy@@@@QEAAPEAPEAU__crt_stdio_stream_data@@XZ 000000014001c168 f i libucrt:_file.obj
 0001:0001b174       ?release@?$__crt_unique_heap_ptr@PEAU__crt_stdio_stream_data@@U__crt_internal_free_policy@@@@QEAAXXZ 000000014001c174 f i libucrt:_file.obj
 0001:0001b198       __acrt_initialize_stdio    000000014001c198 f   libucrt:_file.obj
 0001:0001b300       __acrt_iob_func            000000014001c300 f   libucrt:_file.obj
 0001:0001b318       __acrt_uninitialize_stdio  000000014001c318 f   libucrt:_file.obj
 0001:0001b38c       _get_stream_buffer_pointers 000000014001c38c f   libucrt:_file.obj
 0001:0001b3e4       _lock_file                 000000014001c3e4 f   libucrt:_file.obj
 0001:0001b3f4       _unlock_file               000000014001c3f4 f   libucrt:_file.obj
 0001:0001b404       ??$?0AEBV?$stream_output_adapter@D@__crt_stdio_output@@AEB_KAEBQEBDAEBQEAU__crt_locale_pointers@@AEBQEAD@?$format_validation_base@DV?$stream_output_adapter@D@__crt_stdio_output@@@__crt_stdio_output@@IEAA@AEBV?$stream_output_adapter@D@1@AEB_KAEBQEBDAEBQEAU__crt_locale_pointers@@AEBQEAD@Z 000000014001c404 f i libucrt:output.obj
 0001:0001b4a8       ??$?0AEBV?$stream_output_adapter@D@__crt_stdio_output@@AEB_KAEBQEBDAEBQEAU__crt_locale_pointers@@AEBQEAD@?$positional_parameter_base@DV?$stream_output_adapter@D@__crt_stdio_output@@@__crt_stdio_output@@IEAA@AEBV?$stream_output_adapter@D@1@AEB_KAEBQEBDAEBQEAU__crt_locale_pointers@@AEBQEAD@Z 000000014001c4a8 f i libucrt:output.obj
 0001:0001b570       ??$?0AEBV?$stream_output_adapter@D@__crt_stdio_output@@AEB_KAEBQEBDAEBQEAU__crt_locale_pointers@@AEBQEAD@?$standard_base@DV?$stream_output_adapter@D@__crt_stdio_output@@@__crt_stdio_output@@IEAA@AEBV?$stream_output_adapter@D@1@AEB_KAEBQEBDAEBQEAU__crt_locale_pointers@@AEBQEAD@Z 000000014001c570 f i libucrt:output.obj
 0001:0001b614       ??$?0AEBV?$stream_output_adapter@_W@__crt_stdio_output@@AEB_KAEBQEB_WAEBQEAU__crt_locale_pointers@@AEBQEAD@?$format_validation_base@_WV?$stream_output_adapter@_W@__crt_stdio_output@@@__crt_stdio_output@@IEAA@AEBV?$stream_output_adapter@_W@1@AEB_KAEBQEB_WAEBQEAU__crt_locale_pointers@@AEBQEAD@Z 000000014001c614 f i libucrt:output.obj
 0001:0001b6bc       ??$?0AEBV?$stream_output_adapter@_W@__crt_stdio_output@@AEB_KAEBQEB_WAEBQEAU__crt_locale_pointers@@AEBQEAD@?$positional_parameter_base@_WV?$stream_output_adapter@_W@__crt_stdio_output@@@__crt_stdio_output@@IEAA@AEBV?$stream_output_adapter@_W@1@AEB_KAEBQEB_WAEBQEAU__crt_locale_pointers@@AEBQEAD@Z 000000014001c6bc f i libucrt:output.obj
 0001:0001b788       ??$?0AEBV?$stream_output_adapter@_W@__crt_stdio_output@@AEB_KAEBQEB_WAEBQEAU__crt_locale_pointers@@AEBQEAD@?$standard_base@_WV?$stream_output_adapter@_W@__crt_stdio_output@@@__crt_stdio_output@@IEAA@AEBV?$stream_output_adapter@_W@1@AEB_KAEBQEB_WAEBQEAU__crt_locale_pointers@@AEBQEAD@Z 000000014001c788 f i libucrt:output.obj
 0001:0001b830       ??$?0AEBV?$string_output_adapter@D@__crt_stdio_output@@AEB_KAEBQEBDAEBQEAU__crt_locale_pointers@@AEBQEAD@?$format_validation_base@DV?$string_output_adapter@D@__crt_stdio_output@@@__crt_stdio_output@@IEAA@AEBV?$string_output_adapter@D@1@AEB_KAEBQEBDAEBQEAU__crt_locale_pointers@@AEBQEAD@Z 000000014001c830 f i libucrt:output.obj
 0001:0001b8d4       ??$?0AEBV?$string_output_adapter@D@__crt_stdio_output@@AEB_KAEBQEBDAEBQEAU__crt_locale_pointers@@AEBQEAD@?$positional_parameter_base@DV?$string_output_adapter@D@__crt_stdio_output@@@__crt_stdio_output@@IEAA@AEBV?$string_output_adapter@D@1@AEB_KAEBQEBDAEBQEAU__crt_locale_pointers@@AEBQEAD@Z 000000014001c8d4 f i libucrt:output.obj
 0001:0001b99c       ??$?0AEBV?$string_output_adapter@D@__crt_stdio_output@@AEB_KAEBQEBDAEBQEAU__crt_locale_pointers@@AEBQEAD@?$standard_base@DV?$string_output_adapter@D@__crt_stdio_output@@@__crt_stdio_output@@IEAA@AEBV?$string_output_adapter@D@1@AEB_KAEBQEBDAEBQEAU__crt_locale_pointers@@AEBQEAD@Z 000000014001c99c f i libucrt:output.obj
 0001:0001ba40       ??$?0AEBV?$string_output_adapter@_W@__crt_stdio_output@@AEB_KAEBQEB_WAEBQEAU__crt_locale_pointers@@AEBQEAD@?$format_validation_base@_WV?$string_output_adapter@_W@__crt_stdio_output@@@__crt_stdio_output@@IEAA@AEBV?$string_output_adapter@_W@1@AEB_KAEBQEB_WAEBQEAU__crt_locale_pointers@@AEBQEAD@Z 000000014001ca40 f i libucrt:output.obj
 0001:0001bae8       ??$?0AEBV?$string_output_adapter@_W@__crt_stdio_output@@AEB_KAEBQEB_WAEBQEAU__crt_locale_pointers@@AEBQEAD@?$positional_parameter_base@_WV?$string_output_adapter@_W@__crt_stdio_output@@@__crt_stdio_output@@IEAA@AEBV?$string_output_adapter@_W@1@AEB_KAEBQEB_WAEBQEAU__crt_locale_pointers@@AEBQEAD@Z 000000014001cae8 f i libucrt:output.obj
 0001:0001bbb4       ??$?0AEBV?$string_output_adapter@_W@__crt_stdio_output@@AEB_KAEBQEB_WAEBQEAU__crt_locale_pointers@@AEBQEAD@?$standard_base@_WV?$string_output_adapter@_W@__crt_stdio_output@@@__crt_stdio_output@@IEAA@AEBV?$string_output_adapter@_W@1@AEB_KAEBQEB_WAEBQEAU__crt_locale_pointers@@AEBQEAD@Z 000000014001cbb4 f i libucrt:output.obj
 0001:0001bf5c       ??$__crt_interlocked_read@J@@YAJPEDJ@Z 000000014001cf5c f i libucrt:output.obj
 0001:0001d540       ??$count@D@formatting_buffer@__crt_stdio_output@@QEBA_KXZ 000000014001e540 f i libucrt:output.obj
 0001:0001d564       ??$count@_W@formatting_buffer@__crt_stdio_output@@QEBA_KXZ 000000014001e564 f i libucrt:output.obj
 0001:0001d588       ??$data@D@formatting_buffer@__crt_stdio_output@@QEAAPEADXZ 000000014001e588 f i libucrt:output.obj
 0001:0001d59c       ??$data@_W@formatting_buffer@__crt_stdio_output@@QEAAPEA_WXZ 000000014001e59c f i libucrt:output.obj
 0001:0001d5b0       ??$ensure_buffer_is_big_enough@D@formatting_buffer@__crt_stdio_output@@QEAA_N_K@Z 000000014001e5b0 f i libucrt:output.obj
 0001:0001d680       ??$ensure_buffer_is_big_enough@_W@formatting_buffer@__crt_stdio_output@@QEAA_N_K@Z 000000014001e680 f i libucrt:output.obj
 0001:0001d754       ??$extract_argument_from_va_list@C_J@?$positional_parameter_base@DV?$stream_output_adapter@D@__crt_stdio_output@@@__crt_stdio_output@@IEAA_NAEA_J@Z 000000014001e754 f i libucrt:output.obj
 0001:0001d840       ??$extract_argument_from_va_list@C_J@?$positional_parameter_base@DV?$string_output_adapter@D@__crt_stdio_output@@@__crt_stdio_output@@IEAA_NAEA_J@Z 000000014001e840 f i libucrt:output.obj
 0001:0001d92c       ??$extract_argument_from_va_list@C_J@?$positional_parameter_base@_WV?$stream_output_adapter@_W@__crt_stdio_output@@@__crt_stdio_output@@IEAA_NAEA_J@Z 000000014001e92c f i libucrt:output.obj
 0001:0001da1c       ??$extract_argument_from_va_list@C_J@?$positional_parameter_base@_WV?$string_output_adapter@_W@__crt_stdio_output@@@__crt_stdio_output@@IEAA_NAEA_J@Z 000000014001ea1c f i libucrt:output.obj
 0001:0001db0c       ??$extract_argument_from_va_list@C_J@?$standard_base@DV?$stream_output_adapter@D@__crt_stdio_output@@@__crt_stdio_output@@IEAA_NAEA_J@Z 000000014001eb0c f i libucrt:output.obj
 0001:0001db28       ??$extract_argument_from_va_list@C_J@?$standard_base@DV?$string_output_adapter@D@__crt_stdio_output@@@__crt_stdio_output@@IEAA_NAEA_J@Z 000000014001eb28 f i libucrt:output.obj
 0001:0001db44       ??$extract_argument_from_va_list@C_J@?$standard_base@_WV?$stream_output_adapter@_W@__crt_stdio_output@@@__crt_stdio_output@@IEAA_NAEA_J@Z 000000014001eb44 f i libucrt:output.obj
 0001:0001db60       ??$extract_argument_from_va_list@C_J@?$standard_base@_WV?$string_output_adapter@_W@__crt_stdio_output@@@__crt_stdio_output@@IEAA_NAEA_J@Z 000000014001eb60 f i libucrt:output.obj
 0001:0001db7c       ??$extract_argument_from_va_list@E_J@?$positional_parameter_base@DV?$stream_output_adapter@D@__crt_stdio_output@@@__crt_stdio_output@@IEAA_NAEA_J@Z 000000014001eb7c f i libucrt:output.obj
 0001:0001dc68       ??$extract_argument_from_va_list@E_J@?$positional_parameter_base@DV?$string_output_adapter@D@__crt_stdio_output@@@__crt_stdio_output@@IEAA_NAEA_J@Z 000000014001ec68 f i libucrt:output.obj
 0001:0001dd54       ??$extract_argument_from_va_list@E_J@?$positional_parameter_base@_WV?$stream_output_adapter@_W@__crt_stdio_output@@@__crt_stdio_output@@IEAA_NAEA_J@Z 000000014001ed54 f i libucrt:output.obj
 0001:0001de40       ??$extract_argument_from_va_list@E_J@?$positional_parameter_base@_WV?$string_output_adapter@_W@__crt_stdio_output@@@__crt_stdio_output@@IEAA_NAEA_J@Z 000000014001ee40 f i libucrt:output.obj
 0001:0001df2c       ??$extract_argument_from_va_list@E_J@?$standard_base@DV?$stream_output_adapter@D@__crt_stdio_output@@@__crt_stdio_output@@IEAA_NAEA_J@Z 000000014001ef2c f i libucrt:output.obj
 0001:0001df44       ??$extract_argument_from_va_list@E_J@?$standard_base@DV?$string_output_adapter@D@__crt_stdio_output@@@__crt_stdio_output@@IEAA_NAEA_J@Z 000000014001ef44 f i libucrt:output.obj
 0001:0001df5c       ??$extract_argument_from_va_list@E_J@?$standard_base@_WV?$stream_output_adapter@_W@__crt_stdio_output@@@__crt_stdio_output@@IEAA_NAEA_J@Z 000000014001ef5c f i libucrt:output.obj
 0001:0001df74       ??$extract_argument_from_va_list@E_J@?$standard_base@_WV?$string_output_adapter@_W@__crt_stdio_output@@@__crt_stdio_output@@IEAA_NAEA_J@Z 000000014001ef74 f i libucrt:output.obj
 0001:0001df8c       ??$extract_argument_from_va_list@F_J@?$positional_parameter_base@DV?$stream_output_adapter@D@__crt_stdio_output@@@__crt_stdio_output@@IEAA_NAEA_J@Z 000000014001ef8c f i libucrt:output.obj
 0001:0001e078       ??$extract_argument_from_va_list@F_J@?$positional_parameter_base@DV?$string_output_adapter@D@__crt_stdio_output@@@__crt_stdio_output@@IEAA_NAEA_J@Z 000000014001f078 f i libucrt:output.obj
 0001:0001e164       ??$extract_argument_from_va_list@F_J@?$positional_parameter_base@_WV?$stream_output_adapter@_W@__crt_stdio_output@@@__crt_stdio_output@@IEAA_NAEA_J@Z 000000014001f164 f i libucrt:output.obj
 0001:0001e254       ??$extract_argument_from_va_list@F_J@?$positional_parameter_base@_WV?$string_output_adapter@_W@__crt_stdio_output@@@__crt_stdio_output@@IEAA_NAEA_J@Z 000000014001f254 f i libucrt:output.obj
 0001:0001e344       ??$extract_argument_from_va_list@F_J@?$standard_base@DV?$stream_output_adapter@D@__crt_stdio_output@@@__crt_stdio_output@@IEAA_NAEA_J@Z 000000014001f344 f i libucrt:output.obj
 0001:0001e360       ??$extract_argument_from_va_list@F_J@?$standard_base@DV?$string_output_adapter@D@__crt_stdio_output@@@__crt_stdio_output@@IEAA_NAEA_J@Z 000000014001f360 f i libucrt:output.obj
 0001:0001e37c       ??$extract_argument_from_va_list@F_J@?$standard_base@_WV?$stream_output_adapter@_W@__crt_stdio_output@@@__crt_stdio_output@@IEAA_NAEA_J@Z 000000014001f37c f i libucrt:output.obj
 0001:0001e398       ??$extract_argument_from_va_list@F_J@?$standard_base@_WV?$string_output_adapter@_W@__crt_stdio_output@@@__crt_stdio_output@@IEAA_NAEA_J@Z 000000014001f398 f i libucrt:output.obj
 0001:0001e3b4       ??$extract_argument_from_va_list@GD@?$positional_parameter_base@DV?$stream_output_adapter@D@__crt_stdio_output@@@__crt_stdio_output@@IEAA_NAEAD@Z 000000014001f3b4 f i libucrt:output.obj
 0001:0001e49c       ??$extract_argument_from_va_list@GD@?$positional_parameter_base@DV?$string_output_adapter@D@__crt_stdio_output@@@__crt_stdio_output@@IEAA_NAEAD@Z 000000014001f49c f i libucrt:output.obj
 0001:0001e584       ??$extract_argument_from_va_list@GD@?$standard_base@DV?$stream_output_adapter@D@__crt_stdio_output@@@__crt_stdio_output@@IEAA_NAEAD@Z 000000014001f584 f i libucrt:output.obj
 0001:0001e59c       ??$extract_argument_from_va_list@GD@?$standard_base@DV?$string_output_adapter@D@__crt_stdio_output@@@__crt_stdio_output@@IEAA_NAEAD@Z 000000014001f59c f i libucrt:output.obj
 0001:0001e5b4       ??$extract_argument_from_va_list@G_J@?$positional_parameter_base@DV?$stream_output_adapter@D@__crt_stdio_output@@@__crt_stdio_output@@IEAA_NAEA_J@Z 000000014001f5b4 f i libucrt:output.obj
 0001:0001e6a0       ??$extract_argument_from_va_list@G_J@?$positional_parameter_base@DV?$string_output_adapter@D@__crt_stdio_output@@@__crt_stdio_output@@IEAA_NAEA_J@Z 000000014001f6a0 f i libucrt:output.obj
 0001:0001e78c       ??$extract_argument_from_va_list@G_J@?$positional_parameter_base@_WV?$stream_output_adapter@_W@__crt_stdio_output@@@__crt_stdio_output@@IEAA_NAEA_J@Z 000000014001f78c f i libucrt:output.obj
 0001:0001e878       ??$extract_argument_from_va_list@G_J@?$positional_parameter_base@_WV?$string_output_adapter@_W@__crt_stdio_output@@@__crt_stdio_output@@IEAA_NAEA_J@Z 000000014001f878 f i libucrt:output.obj
 0001:0001e964       ??$extract_argument_from_va_list@G_J@?$standard_base@DV?$stream_output_adapter@D@__crt_stdio_output@@@__crt_stdio_output@@IEAA_NAEA_J@Z 000000014001f964 f i libucrt:output.obj
 0001:0001e97c       ??$extract_argument_from_va_list@G_J@?$standard_base@DV?$string_output_adapter@D@__crt_stdio_output@@@__crt_stdio_output@@IEAA_NAEA_J@Z 000000014001f97c f i libucrt:output.obj
 0001:0001e994       ??$extract_argument_from_va_list@G_J@?$standard_base@_WV?$stream_output_adapter@_W@__crt_stdio_output@@@__crt_stdio_output@@IEAA_NAEA_J@Z 000000014001f994 f i libucrt:output.obj
[...]
 0002:000145e0       $unwind$_msize_base        00000001400815e0     libucrt:msize.obj
 0002:000145e8       $unwind$_close             00000001400815e8     libucrt:close.obj
 0002:000145f0       $unwind$_close_nolock      00000001400815f0     libucrt:close.obj
 0002:00014600       $unwind$?close_os_handle_nolock@@YAKH@Z 0000000140081600     libucrt:close.obj
 0002:00014610       $unwind$??R<lambda_628dfdc04ba53c8bfc02c9951375f3f5>@@QEBAHXZ 0000000140081610     libucrt:close.obj
 0002:00014618       $unwind$??$__acrt_lowio_lock_fh_and_call@V<lambda_628dfdc04ba53c8bfc02c9951375f3f5>@@@@YAHH$$QEAV<lambda_628dfdc04ba53c8bfc02c9951375f3f5>@@@Z 0000000140081618     libucrt:close.obj
 0002:00014620       $unwind$??$?RV<lambda_751a882b2c74d4b022dec766aa51a29a>@@AEAV<lambda_628dfdc04ba53c8bfc02c9951375f3f5>@@V<lambda_f6c7be5f7998530c34de24c7437d6b54>@@@?$__crt_seh_guarded_call@H@@QEAAH$$QEAV<lambda_751a882b2c74d4b022dec766aa51a29a>@@AEAV<lambda_628dfdc04ba53c8bfc02c9951375f3f5>@@$$QEAV<lambda_f6c7be5f7998530c34de24c7437d6b54>@@@Z 0000000140081620     libucrt:close.obj
 0002:00014648       $unwind$?fin$0@?0???$?RV<lambda_751a882b2c74d4b022dec766aa51a29a>@@AEAV<lambda_628dfdc04ba53c8bfc02c9951375f3f5>@@V<lambda_f6c7be5f7998530c34de24c7437d6b54>@@@?$__crt_seh_guarded_call@H@@QEAAH$$QEAV<lambda_751a882b2c74d4b022dec766aa51a29a>@@AEAV<lambda_628dfdc04ba53c8bfc02c9951375f3f5>@@$$QEAV<lambda_f6c7be5f7998530c34de24c7437d6b54>@@@Z@4HA 0000000140081648     libucrt:close.obj
 0002:00014650       $unwind$?__acrt_stdio_allocate_stream@@YA?AV__crt_stdio_stream@@XZ 0000000140081650     libucrt:stream.obj
 0002:00014674       $unwind$?fin$0@?0??__acrt_stdio_allocate_stream@@YA?AV__crt_stdio_stream@@XZ@4HA 0000000140081674     libucrt:stream.obj
 0002:0001467c       $unwind$?find_or_allocate_unused_stream_nolock@@YA?AV__crt_stdio_stream@@XZ 000000014008167c     libucrt:stream.obj
 0002:00014694       $unwind$??1?$__crt_unique_heap_ptr@U__crt_stdio_stream_data@@U__crt_internal_free_policy@@@@QEAA@XZ 0000000140081694     libucrt:stream.obj
 0002:0001469c       $unwind$?release@?$__crt_unique_heap_ptr@U__crt_stdio_stream_data@@U__crt_internal_free_policy@@@@QEAAXXZ 000000014008169c     libucrt:stream.obj
 0002:000146a4       $unwind$?common_lseek_do_seek_nolock@@YAJQEAXJH@Z 00000001400816a4     libucrt:lseek.obj
 0002:000146b8       $unwind$?common_lseek_do_seek_nolock@@YA_JQEAX_JH@Z 00000001400816b8     libucrt:lseek.obj
 0002:000146c0       $unwind$??$common_lseek@J@@YAJHJH@Z 00000001400816c0     libucrt:lseek.obj
 0002:000146f4       $unwind$?fin$0@?0???$common_lseek@J@@YAJHJH@Z@4HA 00000001400816f4     libucrt:lseek.obj
 0002:000146fc       $unwind$??$common_lseek@_J@@YA_JH_JH@Z 00000001400816fc     libucrt:lseek.obj
 0002:00014730       $unwind$?fin$0@?0???$common_lseek@_J@@YA_JH_JH@Z@4HA 0000000140081730     libucrt:lseek.obj
 0002:00014738       $unwind$??$common_lseek_nolock@J@@YAJHJH@Z 0000000140081738     libucrt:lseek.obj
 0002:00014750       $unwind$??$common_lseek_nolock@_J@@YA_JH_JH@Z 0000000140081750     libucrt:lseek.obj
 0002:00014764       $unwind$_putwch            0000000140081764     libucrt:putwch.obj
 0002:0001476c       $unwind$_putwch_nolock     000000014008176c     libucrt:putwch.obj
 0002:00014774       $unwind$??$__acrt_lock_and_call@V<lambda_9e0b6ab72a5b3ae37ad997d08b519f50>@@@@YAGW4__acrt_lock_id@@$$QEAV<lambda_9e0b6ab72a5b3ae37ad997d08b519f50>@@@Z 0000000140081774     libucrt:putwch.obj
 0002:0001477c       $unwind$??$?RV<lambda_0384895ae1aa6ccbfe369a30d6ca2ef7>@@AEAV<lambda_9e0b6ab72a5b3ae37ad997d08b519f50>@@V<lambda_7e22f70504d73c22058e5832bde5914f>@@@?$__crt_seh_guarded_call@G@@QEAAG$$QEAV<lambda_0384895ae1aa6ccbfe369a30d6ca2ef7>@@AEAV<lambda_9e0b6ab72a5b3ae37ad997d08b519f50>@@$$QEAV<lambda_7e22f70504d73c22058e5832bde5914f>@@@Z 000000014008177c     libucrt:putwch.obj
 0002:000147a4       $unwind$?fin$0@?0???$?RV<lambda_0384895ae1aa6ccbfe369a30d6ca2ef7>@@AEAV<lambda_9e0b6ab72a5b3ae37ad997d08b519f50>@@V<lambda_7e22f70504d73c22058e5832bde5914f>@@@?$__crt_seh_guarded_call@G@@QEAAG$$QEAV<lambda_0384895ae1aa6ccbfe369a30d6ca2ef7>@@AEAV<lambda_9e0b6ab72a5b3ae37ad997d08b519f50>@@$$QEAV<lambda_7e22f70504d73c22058e5832bde5914f>@@@Z@4HA 00000001400817a4     libucrt:putwch.obj
 0002:000147ac       $unwind$_read              00000001400817ac     libucrt:read.obj
 0002:000147e0       $unwind$_read$fin$0        00000001400817e0     libucrt:read.obj
 0002:000147e8       $unwind$_read_nolock       00000001400817e8     libucrt:read.obj
 0002:00014804       $unwind$?translate_utf16_from_console_nolock@@YAHHQEA_W_K@Z 0000000140081804     libucrt:read.obj
 0002:0001480c       $unwind$?translate_ansi_or_utf8_nolock@@YAHHQEAD_KQEA_W1@Z 000000014008180c     libucrt:read.obj
 0002:00014828       $unwind$??$translate_text_mode_nolock@D@@YAHHQEAD_K@Z 0000000140081828     libucrt:read.obj
 0002:00014844       $unwind$??$translate_text_mode_nolock@_W@@YAHHQEA_W_K@Z 0000000140081844     libucrt:read.obj
 0002:00014860       $unwind$?__mbrtoc32_utf8@__crt_mbstring@@YA_KPEA_UPEBD_KPEAU_Mbstatet@@@Z 0000000140081860     libucrt:mbrtoc32.obj
 0002:00014880       $unwind$_controlfp_s       0000000140081880     libucrt:contrlfp.obj
 0002:00014888       $unwind$fegetenv           0000000140081888     libucrt:fegetenv.obj
 0002:00014890       $unwind$fesetenv           0000000140081890     libucrt:fesetenv.obj
 0002:00014898       $unwind$feholdexcept       0000000140081898     libucrt:feholdexcept.obj
 0002:000148a0       $xdatasym                  00000001400818a0     libucrt:log10.obj
 0002:000148b0       $unwind$__acrt_fenv_set_control 00000001400818b0     libucrt:_fenvutils.obj
 0002:000148c4       $unwind$?to_machine_sse_control@@YA?AW4__acrt_fenv_machine_sse_control@@W4__acrt_fenv_abstract_control@@@Z 00000001400818c4     libucrt:_fenvutils.obj
 0002:000148d8       $unwind$__acrt_stdio_allocate_buffer_nolock 00000001400818d8     libucrt:_getbuf.obj
 0002:000148e8       $unwind$mbstowcs_s         00000001400818e8     libucrt:mbstowcs.obj
 0002:000148f0       $unwind$_mbstowcs_s_l      00000001400818f0     libucrt:mbstowcs.obj
 0002:0001490c       $unwind$?_mbstowcs_l_helper@@YA_KPEA_WPEBD_KPEAU__crt_locale_pointers@@@Z 000000014008190c     libucrt:mbstowcs.obj
 0002:00014928       $unwind$__acrt_CompareStringW 0000000140081928     libucrt:comparestringw.obj
 0002:00014944       $unwind$_strnicmp          0000000140081944     libucrt:strnicmp.obj
 0002:0001494c       $unwind$_strnicmp_l        000000014008194c     libucrt:strnicmp.obj
 0002:00014960       $unwind$__acrt_CompareStringA 0000000140081960     libucrt:comparestringa.obj
 0002:00014974       $unwind$?InternalCompareStringA@@YAHPEAU__crt_locale_pointers@@PEB_WKPEBDH2HH@Z 0000000140081974     libucrt:comparestringa.obj
 0002:0001499c       $unwind$_towlower_l        000000014008199c     libucrt:towlower.obj
 0002:000149a4       $unwind$__dcrt_lowio_ensure_console_output_initialized 00000001400819a4     libucrt:initcon.obj
 0002:000149ac       $unwind$__dcrt_write_console 00000001400819ac     libucrt:initcon.obj
 0002:000149c4       $unwind$?__dcrt_lowio_initialize_console_output@@YAXXZ 00000001400819c4     libucrt:initcon.obj
 0002:000149cc       $unwind$__dcrt_terminate_console_output 00000001400819cc     libucrt:initcon.obj
 0002:000149d4       $unwind$??R<lambda_61c1b8a38cedca4df5fdc542e6ccae6d>@@QEBAHXZ 00000001400819d4     libucrt:initcon.obj
 0002:000149dc       $unwind$??$console_output_reopen_and_retry@V<lambda_61c1b8a38cedca4df5fdc542e6ccae6d>@@@@YAHAEBV<lambda_61c1b8a38cedca4df5fdc542e6ccae6d>@@@Z 00000001400819dc     libucrt:initcon.obj
 0002:000149ec       $unwind$_clearfp           00000001400819ec     libucrt:ieee.obj
 0002:000149f4       $unwind$_set_controlfp     00000001400819f4     libucrt:ieee.obj
 0002:000149fc       $unwind$common_control87   00000001400819fc     libucrt:ieee.obj
 0002:00014a2c       $unwind$common_control87$filt$0 0000000140081a2c     libucrt:ieee.obj
 0002:00014a34       $unwind$_call_matherr      0000000140081a34     libucrt:libm_error.obj
 0002:00014a3c       $unwind$_exception_enabled 0000000140081a3c     libucrt:libm_error.obj
 0002:00014a50       $unwind$_handle_errorf     0000000140081a50     libucrt:libm_error.obj
 0002:00014a74       $unwind$_handle_error      0000000140081a74     libucrt:libm_error.obj
 0002:00014a98       $unwind$__acrt_initialize_fma3 0000000140081a98     libucrt:fma3_available.obj
 0002:00014aa0       $unwind$_logf_special_common 0000000140081aa0     libucrt:log_special.obj
 0002:00014ab0       $unwind$_logf_special      0000000140081ab0     libucrt:log_special.obj
 0002:00014ab8       $unwind$_log10f_special    0000000140081ab8     libucrt:log_special.obj
 0002:00014ac0       $unwind$_log_special_common 0000000140081ac0     libucrt:log_special.obj
 0002:00014ad0       $unwind$_log_special       0000000140081ad0     libucrt:log_special.obj
 0002:00014ad8       $unwind$_log10_special     0000000140081ad8     libucrt:log_special.obj
 0002:00014ae0       $unwind$__acrt_LCMapStringW 0000000140081ae0     libucrt:lcmapstringw.obj
 0002:00014af8       $xdatasym                  0000000140081af8     libucrt:fpsr.obj
 0002:00014b00       $unwind$_except1           0000000140081b00     libucrt:fpexcept.obj
 0002:00014b24       $unwind$_except2           0000000140081b24     libucrt:fpexcept.obj
 0002:00014b4c       $unwind$_set_errno_from_matherr 0000000140081b4c     libucrt:fpexcept.obj
 0002:00014b54       $unwind$_handle_exc        0000000140081b54     libucrt:fpexcept.obj
 0002:00014b74       $unwind$_raise_excf        0000000140081b74     libucrt:fpexcept.obj
 0002:00014b7c       $unwind$_raise_exc         0000000140081b7c     libucrt:fpexcept.obj
 0002:00014b84       $unwind$_umatherr          0000000140081b84     libucrt:fpexcept.obj
 0002:00014b8c       $unwind$_raise_exc_ex      0000000140081b8c     libucrt:fpexcept.obj
 0002:00014ba4       $unwind$_clrfp             0000000140081ba4     libucrt:fpctrl.obj
 0002:00014bac       $unwind$_ctrlfp            0000000140081bac     libucrt:fpctrl.obj
 0002:00014bd8       $unwind$_ctrlfp$filt$0     0000000140081bd8     libucrt:fpctrl.obj
 0002:00014be0       $unwind$_statfp            0000000140081be0     libucrt:fpctrl.obj
 0002:00014be8       $unwind$_set_statfp        0000000140081be8     libucrt:fpctrl.obj
 0002:00014bf0       $unwind$_IsNonwritableInCurrentImage 0000000140081bf0     LIBCMT:pesect.obj
 0002:00014c18       $unwind$_IsNonwritableInCurrentImage$filt$0 0000000140081c18     LIBCMT:pesect.obj
 0002:00014c20       $unwind$??_Gtype_info@@UEAAPEAXI@Z 0000000140081c20     LIBCMT:std_type_info_static.obj
 0002:00014c28       $unwind$__GSHandlerCheckCommon 0000000140081c28     LIBCMT:gshandler.obj
 0002:00014c30       $unwind$__GSHandlerCheck   0000000140081c30     LIBCMT:gshandler.obj
 0002:00014c38       $xdatasym                  0000000140081c38     LIBCMT:amdsecgs.obj
 0002:00014c3c       $unwind$__GSHandlerCheck_SEH 0000000140081c3c     LIBCMT:gshandlerseh.obj
 0002:00014c58       $unwind$__report_securityfailure 0000000140081c58     LIBCMT:gs_report.obj
 0002:00014c60       $unwind$__report_securityfailureEx 0000000140081c60     LIBCMT:gs_report.obj
 0002:00014c68       $unwind$__report_rangecheckfailure 0000000140081c68     LIBCMT:gs_report.obj
 0002:00014c70       $unwind$__report_gsfailure 0000000140081c70     LIBCMT:gs_report.obj
 0002:00014c78       $unwind$capture_current_context 0000000140081c78     LIBCMT:gs_report.obj
 0002:00014c88       $unwind$capture_previous_context 0000000140081c88     LIBCMT:gs_report.obj
 0002:00014c98       $unwind$__raise_securityfailure 0000000140081c98     LIBCMT:gs_report.obj
 0002:00014ca0       $xdatasym                  0000000140081ca0     LIBCMT:chkstk.obj
 0002:00014ca8       $xdatasym                  0000000140081ca8     libvcruntime:memcmp.obj
 0002:00014cac       $unwind$strrchr            0000000140081cac     libvcruntime:strrchr.obj
 0002:00014cb4       $unwind$_local_unwind      0000000140081cb4     libvcruntime:jmpuwind.obj
 0003:00000050       ?__vcrt_flsindex@@3KA      0000000140083050     libvcruntime:per_thread_data.obj
 0003:00000058       ?prefix@?1??getDimension@UnDecorator@@CA?AVDName@@_N@Z@4UStringLiteral@@A 0000000140083058     libvcruntime:undname.obj
 0003:000001b0       _ctype_loc_style           00000001400831b0     libucrt:wsetlocale.obj
 0003:000001c0       ?errno_no_memory@@3HA      00000001400831c0     libucrt:errno.obj
 0003:000001c4       ?doserrno_no_memory@@3KA   00000001400831c4     libucrt:errno.obj
 0003:00000228       ?__acrt_flsindex@@3KA      0000000140083228     libucrt:per_thread_data.obj
 0003:00000690       _mbctypes                  0000000140083690     libucrt:mbctype.obj
 0003:000007d0       _mbcasemaps                00000001400837d0     libucrt:mbctype.obj
 0003:00000904       ?__rgctypeflag@@3PADA      0000000140083904     libucrt:mbctype.obj
 0003:00000910       ?__rgcode_page_info@@3PAUcode_page_info@@A 0000000140083910     libucrt:mbctype.obj
 0003:00000c60       ?__dcrt_lowio_console_output_handle@@3PEAXEA 0000000140083c60     libucrt:initcon.obj
 0003:00000c69       ?dazSupported@?1??common_control87@@9@9 0000000140083c69     libucrt:ieee.obj
 0003:00000c70       ?dazSupported@?1??_ctrlfp@@9@9 0000000140083c70     libucrt:fpctrl.obj
 0003:00001b48       ?is_initialized_as_dll@@3_NA 0000000140084b48     LIBCMT:utility.obj
 0003:00001b49       ?module_local_atexit_table_initialized@@3_NA 0000000140084b49     LIBCMT:utility.obj
 0003:00001b50       ?module_local_atexit_table@@3U_onexit_table_t@@A 0000000140084b50     LIBCMT:utility.obj
 0003:00001b68       ?module_local_at_quick_exit_table@@3U_onexit_table_t@@A 0000000140084b68     LIBCMT:utility.obj
 0003:00001bd0       ?__vcrt_startup_thread_ptd@@3U__vcrt_ptd@@A 0000000140084bd0     libvcruntime:per_thread_data.obj
 0003:00001c70       __vcrt_lock_table          0000000140084c70     libvcruntime:locks.obj
 0003:00001c98       __vcrt_locks_initialized   0000000140084c98     libvcruntime:locks.obj
 0003:00001ce8       ?heap@@3V_HeapManager@@A   0000000140084ce8     libvcruntime:undname.obj
 0003:00001d28       ?module_handles@@3PAPEAUHINSTANCE__@@A 0000000140084d28     libvcruntime:winapi_downlevel.obj
 0003:00001d40       ?function_pointers@@3PAPEAXA 0000000140084d40     libvcruntime:winapi_downlevel.obj
 0003:00001da0       ?c_termination_complete@@3JA 0000000140084da0     libucrt:exit.obj
 0003:00001da8       ?thread_local_exit_callback_func@@3P6AXPEAXK0@ZEA 0000000140084da8     libucrt:exit.obj
 0003:00001db4       ?__acrt_app_type@@3W4_crt_app_type@@A 0000000140084db4     libucrt:report_runtime_error.obj
 0003:00001dc0       ?outmsg@?9??__acrt_report_runtime_error@@9@4PA_WA 0000000140084dc0     libucrt:report_runtime_error.obj
 0003:00002528       ?user_matherr@@3V?$dual_state_global@P6AHPEAU_exception@@@Z@__crt_state_management@@A 0000000140085528     libucrt:matherr.obj
 0003:00002540       ?program_name@?1???$common_configure_argv@D@@YAHW4_crt_argv_mode@@@Z@4PADA 0000000140085540     libucrt:argv_parsing.obj
 0003:00002680       ?program_name@?1???$common_configure_argv@_W@@YAHW4_crt_argv_mode@@@Z@4PA_WA 0000000140085680     libucrt:argv_parsing.obj
 0003:00002990       ?__acrt_global_new_mode@@3V?$dual_state_global@J@__crt_state_management@@A 0000000140085990     libucrt:new_mode.obj
 0003:000029d8       ?__acrt_invalid_parameter_handler@@3V?$dual_state_global@P6AXPEB_W00I_K@Z@__crt_state_management@@A 00000001400859d8     libucrt:invalid_parameter.obj
 0003:000029f0       ?module_handles@@3PAPEAUHINSTANCE__@@A 00000001400859f0     libucrt:winapi_thunks.obj
 0003:00002a90       ?encoded_function_pointers@@3PAPEAXA 0000000140085a90     libucrt:winapi_thunks.obj
 0003:00002bf8       ?static_enum_proc@?1??enum_system_locales_ex_nolock@@YAHQ6AHPEA_WK_J@Z@Z@4P6AH0K1@ZEA 0000000140085bf8     libucrt:winapi_thunks.obj
 0003:000030e0       ?internal_state@?1??_mbtowc_l@@9@4U_Mbstatet@@A 00000001400860e0     libucrt:mbtowc.obj
 0003:000030f0       ?enable_percent_n@@3_KA    00000001400860f0     libucrt:printf_count_output.obj
 0003:00003130       ?__acrt_lock_table@@3PAU_RTL_CRITICAL_SECTION@@A 0000000140086130     libucrt:locks.obj
 0003:00003360       ?__acrt_locks_initialized@@3IA 0000000140086360     libucrt:locks.obj
 0003:000033d4       ?state_cache@?1???$get_cached_win_policy@Ubegin_thread_init_policy_properties@?1??__acrt_get_begin_thread_init_policy@@YA?AW4begin_thread_init_policy@@XZ@@@YA?AW4begin_thread_init_policy@@W4AppPolicyThreadInitializationType@@@Z@4JA 00000001400863d4     libucrt:win_policies.obj
 0003:000033d8       ?state_cache@?1???$get_cached_win_policy@Udeveloper_information_policy_properties@?1??__acrt_get_developer_information_policy@@YA?AW4developer_information_policy@@XZ@@@YA?AW4developer_information_policy@@W4AppPolicyShowDeveloperDiagnostic@@@Z@4JA 00000001400863d8     libucrt:win_policies.obj
 0003:000033dc       ?state_cache@?1???$get_cached_win_policy@Uwindowing_model_policy_properties@?1??__acrt_get_windowing_model_policy@@YA?AW4windowing_model_policy@@XZ@@@YA?AW4windowing_model_policy@@W4AppPolicyWindowingModel@@@Z@4JA 00000001400863dc     libucrt:win_policies.obj
 0003:000033e0       __acrt_error_mode          00000001400863e0     libucrt:set_error_mode.obj
 0003:00003400       ?fSystemSet@@3HA           0000000140086400     libucrt:mbctype.obj
 0003:00003409       ?initialized@?1??__acrt_initialize_multibyte@@9@4_NA 0000000140086409     libucrt:mbctype.obj
 0003:00003428       ?__acrt_new_handler@@3V?$dual_state_global@P6AH_K@Z@__crt_state_management@@A 0000000140086428     libucrt:new_handler.obj
 0003:00003431       ?console_ctrl_handler_installed@@3_NA 0000000140086431     libucrt:signal.obj
 0003:00003438       ?ctrlc_action@@3V?$dual_state_global@P6AXH@Z@__crt_state_management@@A 0000000140086438     libucrt:signal.obj
 0003:00003440       ?ctrlbreak_action@@3V?$dual_state_global@P6AXH@Z@__crt_state_management@@A 0000000140086440     libucrt:signal.obj
 0003:00003448       ?abort_action@@3V?$dual_state_global@P6AXH@Z@__crt_state_management@@A 0000000140086448     libucrt:signal.obj
 0003:00003450       ?term_action@@3V?$dual_state_global@P6AXH@Z@__crt_state_management@@A 0000000140086450     libucrt:signal.obj
 0003:00003460       ?mbst@?1??mbrlen@@9@4U_Mbstatet@@A 0000000140086460     libucrt:mbrtowc.obj
 0003:00003470       ?mbst@?1??mbrtowc@@9@4U_Mbstatet@@A 0000000140086470     libucrt:mbrtowc.obj
 0003:00003480       ?mbst@?1??_mbsrtowcs_helper@@YA_KPEA_WPEAPEBD_KPEAU_Mbstatet@@@Z@4U2@A 0000000140086480     libucrt:mbrtowc.obj
 0003:00003490       ?internal_pst@?1??__mbrtoc32_utf8@__crt_mbstring@@YA_KPEA_UPEBD_KPEAU_Mbstatet@@@Z@4U3@A 0000000140086490     libucrt:mbrtoc32.obj
 0003:000034b0       GS_ExceptionRecord         00000001400864b0     LIBCMT:gs_report.obj
 0003:00003550       GS_ContextRecord           0000000140086550     LIBCMT:gs_report.obj
 0005:00000860       .idata$6                   000000014008c860     kernel32:KERNEL32.dll
 0007:00000000       SetSmall                   000000014008e000     libvcruntime:memset.obj
 0007:00000040       SetSmallYmm                000000014008e040     libvcruntime:memset.obj
 0007:00000064       SetSmallYmmNT              000000014008e064     libvcruntime:memset.obj
 0007:00000088       SetSmallXmm                000000014008e088     libvcruntime:memset.obj
 0007:000000d0       MoveSmall                  000000014008e0d0     libvcruntime:memcpy.obj
 0007:00000110       MoveSmallYmm               000000014008e110     libvcruntime:memcpy.obj
 0007:00000134       MoveSmallYmmNT             000000014008e134     libvcruntime:memcpy.obj
 0007:00000158       MoveSmallXmm               000000014008e158     libvcruntime:memcpy.obj
