 main

 Timestamp is 6331494a (Mon Sep 26 14:40:10 2022)

 Preferred load address is 0000000140000000

 Start         Length     Name                   Class
 0001:00000000 0006ddf0H .text$mn                CODE
 0001:0006ddf0 00001040H .text$mn$00             CODE
 0001:0006ee30 00001f6aH .text$x                 CODE
 0002:00000000 00000110H .CRT$XCA                DATA
 0002:00000110 00000110H .CRT$XCAA               DATA
 0002:00000220 00000110H .CRT$XCZ                DATA
 0002:00000330 00000110H .CRT$XIA                DATA
 0002:00000440 00000110H .CRT$XIAA               DATA
 0002:00000550 00000110H .CRT$XIAC               DATA
 0002:00000660 00000140H .CRT$XIC                DATA
 0002:000007a0 00000110H .CRT$XIZ                DATA
 0002:000008b0 00000110H .CRT$XPA                DATA
 0002:000009c0 00000120H .CRT$XPX                DATA
 0002:00000ae0 00000110H .CRT$XPXA               DATA
 0002:00000bf0 00000110H .CRT$XPZ                DATA
 0002:00000d00 00000110H .CRT$XTA                DATA
 0002:00000e10 00000110H .CRT$XTZ                DATA
 0002:00000f20 0000d060H .rdata                  DATA
 0002:0000df80 00000200H .rdata$CastGuardVftablesA DATA
 0002:0000e180 000001a0H .rdata$CastGuardVftablesC DATA
 0002:0000e320 0000060cH .rdata$r                DATA
 0002:0000e92c 00000174H .rdata$zzzdbg           DATA
 0002:0000eaa0 00000110H .rtc$IAA                DATA
 0002:0000ebb0 00000110H .rtc$IZZ                DATA
 0002:0000ecc0 00000110H .rtc$TAA                DATA
 0002:0000edd0 00000110H .rtc$TZZ                DATA
 0002:0000eee0 00006bb8H .xdata                  DATA
 0002:00015a98 00000196H .xdata$x                DATA
 0002:00015c2e 00000000H .edata                  DATA
 0003:00000000 00000da0H .data                   DATA
 0003:00000da0 00000190H .data$r                 DATA
 0003:00000f30 00000230H .data$rs                DATA
 0003:00001160 00002a19H .bss                    DATA
 0004:00000000 00005448H .pdata                  DATA
 0005:00000000 00000388H .idata$5                DATA
 0005:00000388 00000014H .idata$2                DATA
 0005:0000039c 00000014H .idata$3                DATA
 0005:000003b0 00000388H .idata$4                DATA
 0005:00000738 000007f1H .idata$6                DATA
 0006:00000000 00000175H .00cfg                  DATA
 0007:00000000 0000029fH _RDATA                  DATA

  Address         Publics by Value              Rva+Base               Lib:Object

 0000:00000000       __AbsoluteZero             0000000000000000     <absolute>
 0000:00000000       ___safe_se_handler_count   0000000000000000     <absolute>
 0000:00000000       ___safe_se_handler_table   0000000000000000     <absolute>
 0000:00000000       __arm64x_extra_rfe_table   0000000000000000     <absolute>
 0000:00000000       __arm64x_extra_rfe_table_size 0000000000000000     <absolute>
 0000:00000000       __arm64x_native_entrypoint 0000000000000000     <absolute>
 0000:00000000       __arm64x_redirection_metadata 0000000000000000     <absolute>
 0000:00000000       __arm64x_redirection_metadata_count 0000000000000000     <absolute>
 0000:00000000       __dynamic_value_reloc_table 0000000000000000     <absolute>
 0000:00000000       __enclave_config           0000000000000000     <absolute>
 0000:00000000       __guard_check_icall_a64n_fptr 0000000000000000     <absolute>
 0000:00000000       __guard_eh_cont_count      0000000000000000     <absolute>
 0000:00000000       __guard_eh_cont_table      0000000000000000     <absolute>
 0000:00000000       __guard_fids_count         0000000000000000     <absolute>
 0000:00000000       __guard_fids_table         0000000000000000     <absolute>
 0000:00000000       __guard_iat_count          0000000000000000     <absolute>
 0000:00000000       __guard_iat_table          0000000000000000     <absolute>
 0000:00000000       __guard_longjmp_count      0000000000000000     <absolute>
 0000:00000000       __guard_longjmp_table      0000000000000000     <absolute>
 0000:00000000       __hybrid_auxiliary_iat     0000000000000000     <absolute>
 0000:00000000       __hybrid_auxiliary_iat_copy 0000000000000000     <absolute>
 0000:00000000       __hybrid_code_map          0000000000000000     <absolute>
 0000:00000000       __hybrid_code_map_count    0000000000000000     <absolute>
 0000:00000000       __volatile_metadata        0000000000000000     <absolute>
 0000:00000000       __x64_code_ranges_to_entry_points 0000000000000000     <absolute>
 0000:00000000       __x64_code_ranges_to_entry_points_count 0000000000000000     <absolute>
 0000:00000100       __guard_flags              0000000000000100     <absolute>
 0000:00000000       __ImageBase                0000000140000000     <linker-defined>
 0001:00006340       ?scan_token@@YA?AUToken@@XZ 0000000140007340 f   main.obj
 0001:00006760       main                       0000000140007760 f   main.obj
 0001:00006940       __local_stdio_printf_options 0000000140007940 f i main.obj
 0001:00006950       _vfprintf_l                0000000140007950 f i main.obj
 0001:000069b0       fprintf                    00000001400079b0 f i main.obj
 0001:00006a20       printf                     0000000140007a20 f i main.obj
 0001:00006aa4       __GSHandlerCheck           0000000140007aa4 f   LIBCMT:gshandler.obj
 0001:00006ac8       __GSHandlerCheckCommon     0000000140007ac8 f   LIBCMT:gshandler.obj
 0001:00006b50       __security_check_cookie    0000000140007b50 f   LIBCMT:amdsecgs.obj
 0001:00006e88       ?configure_argv@__scrt_narrow_argv_policy@@SAHXZ 0000000140007e88 f i LIBCMT:exe_main.obj
 0001:00006ea4       ?initialize_environment@__scrt_narrow_environment_policy@@SAHXZ 0000000140007ea4 f i LIBCMT:exe_main.obj
 0001:00006ef0       ?set_app_type@__scrt_main_policy@@SAXXZ 0000000140007ef0 f i LIBCMT:exe_main.obj
 0001:00006efc       ?set_commode@__scrt_file_policy@@SAXXZ 0000000140007efc f i LIBCMT:exe_main.obj
 0001:00006f1c       ?set_fmode@__scrt_file_policy@@SAXXZ 0000000140007f1c f i LIBCMT:exe_main.obj
 0001:00006f38       mainCRTStartup             0000000140007f38 f   LIBCMT:exe_main.obj
 0001:00006f50       __raise_securityfailure    0000000140007f50 f   LIBCMT:gs_report.obj
 0001:00006f94       __report_gsfailure         0000000140007f94 f   LIBCMT:gs_report.obj
 0001:0000709c       __report_rangecheckfailure 000000014000809c f   LIBCMT:gs_report.obj
 0001:000070b4       __report_securityfailure   00000001400080b4 f   LIBCMT:gs_report.obj
 0001:00007178       __report_securityfailureEx 0000000140008178 f   LIBCMT:gs_report.obj
 0001:0000747c       NtCurrentTeb               000000014000847c f i LIBCMT:utility.obj
 0001:00007488       __scrt_acquire_startup_lock 0000000140008488 f   LIBCMT:utility.obj
 0001:000074d0       __scrt_dllmain_after_initialize_c 00000001400084d0 f   LIBCMT:utility.obj
 0001:00007514       __scrt_dllmain_before_initialize_c 0000000140008514 f   LIBCMT:utility.obj
 0001:00007530       __scrt_dllmain_crt_thread_attach 0000000140008530 f   LIBCMT:utility.obj
 0001:00007564       __scrt_dllmain_crt_thread_detach 0000000140008564 f   LIBCMT:utility.obj
 0001:00007580       __scrt_dllmain_exception_filter 0000000140008580 f   LIBCMT:utility.obj
 0001:000075f8       __scrt_dllmain_uninitialize_c 00000001400085f8 f   LIBCMT:utility.obj
 0001:00007634       __scrt_dllmain_uninitialize_critical 0000000140008634 f   LIBCMT:utility.obj
 0001:00007650       __scrt_initialize_crt      0000000140008650 f   LIBCMT:utility.obj
 0001:000076ac       __scrt_initialize_onexit_tables 00000001400086ac f   LIBCMT:utility.obj
 0001:0000775c       __scrt_is_nonwritable_in_current_image 000000014000875c f   LIBCMT:utility.obj
 0001:0000781c       __scrt_release_startup_lock 000000014000881c f   LIBCMT:utility.obj
 0001:0000784c       __scrt_uninitialize_crt    000000014000884c f   LIBCMT:utility.obj
 0001:00007880       _onexit                    0000000140008880 f   LIBCMT:utility.obj
 0001:000078c8       at_quick_exit              00000001400088c8 f   LIBCMT:utility.obj
 0001:000078ec       atexit                     00000001400088ec f   LIBCMT:utility.obj
 0001:00007990       __security_init_cookie     0000000140008990 f   LIBCMT:gs_support.obj
 0001:00007a68       _matherr                   0000000140008a68 f   LIBCMT:matherr.obj
 0001:00007a6c       _get_startup_argv_mode     0000000140008a6c f   LIBCMT:argv_mode.obj
 0001:00007a74       _get_startup_commit_mode   0000000140008a74 f   LIBCMT:commit_mode.obj
 0001:00007a78       _get_startup_file_mode     0000000140008a78 f   LIBCMT:file_mode.obj
 0001:00007a80       _get_startup_new_mode      0000000140008a80 f   LIBCMT:new_mode.obj
 0001:00007a84       _get_startup_thread_locale_mode 0000000140008a84 f   LIBCMT:thread_locale.obj
 0001:00007a88       ?__scrt_initialize_type_info@@YAXXZ 0000000140008a88 f   LIBCMT:tncleanup.obj
 0001:00007a9c       ?__scrt_uninitialize_type_info@@YAXXZ 0000000140008a9c f   LIBCMT:tncleanup.obj
 0001:00007aac       _should_initialize_environment 0000000140008aac f   LIBCMT:env_mode.obj
 0001:00007ab0       _initialize_invalid_parameter_handler 0000000140008ab0 f   LIBCMT:invalid_parameter_handler.obj
 0001:00007ab4       _initialize_denormal_control 0000000140008ab4 f   LIBCMT:denormal_control.obj
 0001:00007ab8       __local_stdio_scanf_options 0000000140008ab8 f i LIBCMT:default_local_stdio_options.obj
 0001:00007ac4       __scrt_initialize_default_local_stdio_options 0000000140008ac4 f   LIBCMT:default_local_stdio_options.obj
 0001:00007ae8       __scrt_is_user_matherr_present 0000000140008ae8 f   LIBCMT:matherr_detection.obj
 0001:00007af8       __scrt_get_dyn_tls_init_callback 0000000140008af8 f   LIBCMT:dyn_tls_init.obj
 0001:00007b04       __scrt_get_dyn_tls_dtor_callback 0000000140008b04 f   LIBCMT:dyn_tls_dtor.obj
 0001:00007b10       __crt_debugger_hook        0000000140008b10 f   LIBCMT:utility_desktop.obj
 0001:00007b1c       __scrt_fastfail            0000000140008b1c f   LIBCMT:utility_desktop.obj
 0001:00007cbc       __scrt_get_show_window_mode 0000000140008cbc f   LIBCMT:utility_desktop.obj
 0001:00007d04       __scrt_initialize_mta      0000000140008d04 f   LIBCMT:utility_desktop.obj
 0001:00007d0c       __scrt_initialize_winrt    0000000140008d0c f   LIBCMT:utility_desktop.obj
 0001:00007d10       __scrt_is_managed_app      0000000140008d10 f   LIBCMT:utility_desktop.obj
 0001:00007d78       __scrt_set_unhandled_exception_filter 0000000140008d78 f   LIBCMT:utility_desktop.obj
 0001:00007d8c       __scrt_exe_initialize_mta  0000000140008d8c f   LIBCMT:utility_desktop.obj
 0001:00007d8c       __scrt_stub_for_initialize_mta 0000000140008d8c f   LIBCMT:utility_desktop.obj
 0001:00007d90       __scrt_unhandled_exception_filter 0000000140008d90 f   LIBCMT:utility_desktop.obj
 0001:00007e04       _RTC_Initialize            0000000140008e04 f   LIBCMT:initsect.obj
 0001:00007e50       _RTC_Terminate             0000000140008e50 f   LIBCMT:initsect.obj
 0001:00007e9c       _guard_check_icall_nop     0000000140008e9c f i LIBCMT:guard_support.obj
 0001:00007ea0       ReadNoFence64              0000000140008ea0 f i LIBCMT:guard_support.obj
 0001:00007ea4       ReadPointerNoFence         0000000140008ea4 f i LIBCMT:guard_support.obj
 0001:00007ea8       __castguard_check_failure_debugbreak 0000000140008ea8 f i LIBCMT:guard_support.obj
 0001:00007ecc       __castguard_check_failure_fastfail 0000000140008ecc f i LIBCMT:guard_support.obj
 0001:00007ef8       __castguard_check_failure_nop 0000000140008ef8 f i LIBCMT:guard_support.obj
 0001:00007efc       __castguard_check_failure_os_handled 0000000140008efc f i LIBCMT:guard_support.obj
 0001:00007f90       __castguard_slow_path_check_debugbreak 0000000140008f90 f i LIBCMT:guard_support.obj
 0001:00007fd4       __castguard_slow_path_check_fastfail 0000000140008fd4 f i LIBCMT:guard_support.obj
 0001:0000801c       __castguard_slow_path_check_nop 000000014000901c f i LIBCMT:guard_support.obj
 0001:00008020       __castguard_slow_path_check_os_handled 0000000140009020 f i LIBCMT:guard_support.obj
 0001:000080a8       _guard_icall_checks_enforced 00000001400090a8 f i LIBCMT:guard_support.obj
 0001:000080c4       _guard_rf_checks_enforced  00000001400090c4 f i LIBCMT:guard_support.obj
 0001:000080c8       __isa_available_init       00000001400090c8 f   LIBCMT:cpu_disp.obj
 0001:000082e0       __scrt_is_ucrt_dll_in_use  00000001400092e0 f   LIBCMT:ucrt_detection.obj
 0001:000082f0       RtlCaptureContext          00000001400092f0 f   kernel32:KERNEL32.dll
 0001:000082f6       RtlLookupFunctionEntry     00000001400092f6 f   kernel32:KERNEL32.dll
 0001:000082fc       RtlVirtualUnwind           00000001400092fc f   kernel32:KERNEL32.dll
 0001:00008302       UnhandledExceptionFilter   0000000140009302 f   kernel32:KERNEL32.dll
 0001:00008308       SetUnhandledExceptionFilter 0000000140009308 f   kernel32:KERNEL32.dll
 0001:0000830e       GetCurrentProcess          000000014000930e f   kernel32:KERNEL32.dll
 0001:00008314       TerminateProcess           0000000140009314 f   kernel32:KERNEL32.dll
 0001:0000831a       IsProcessorFeaturePresent  000000014000931a f   kernel32:KERNEL32.dll
 0001:00008320       QueryPerformanceCounter    0000000140009320 f   kernel32:KERNEL32.dll
 0001:00008326       GetCurrentProcessId        0000000140009326 f   kernel32:KERNEL32.dll
 0001:0000832c       GetCurrentThreadId         000000014000932c f   kernel32:KERNEL32.dll
 0001:00008332       GetSystemTimeAsFileTime    0000000140009332 f   kernel32:KERNEL32.dll
 0001:00008338       InitializeSListHead        0000000140009338 f   kernel32:KERNEL32.dll
 0001:0000833e       IsDebuggerPresent          000000014000933e f   kernel32:KERNEL32.dll
 0001:00008344       GetStartupInfoW            0000000140009344 f   kernel32:KERNEL32.dll
 0001:0000834a       GetModuleHandleW           000000014000934a f   kernel32:KERNEL32.dll
 0001:00008350       __C_specific_handler       0000000140009350 f   libvcruntime:riscchandler.obj
 0001:000085c4       __vcrt_initialize          00000001400095c4 f   libvcruntime:initialization.obj
 0001:000085f8       __vcrt_thread_attach       00000001400095f8 f   libvcruntime:initialization.obj
 0001:00008614       __vcrt_thread_detach       0000000140009614 f   libvcruntime:initialization.obj
 0001:0000862c       __vcrt_uninitialize        000000014000962c f   libvcruntime:initialization.obj
 0001:0000864c       __vcrt_uninitialize_critical 000000014000964c f   libvcruntime:initialization.obj
 0001:00008674       ??$?RD@__crt_internal_free_policy@@QEBAXQEBD@Z 0000000140009674 f i libvcruntime:std_type_info.obj
 0001:00008680       ??$?RX@__crt_internal_free_policy@@QEBAXQEBX@Z 0000000140009680 f i libvcruntime:std_type_info.obj
 0001:0000868c       ??$__crt_interlocked_compare_exchange_pointer@$$CBDPEAD$$T@@YAPEBDPEDSEBDQEAD$$T@Z 000000014000968c f i libvcruntime:std_type_info.obj
 0001:00008698       ??$__crt_interlocked_read_pointer@$$CBD@@YAPEBDPEDSEBD@Z 0000000140009698 f i libvcruntime:std_type_info.obj
 0001:000086a0       ??0?$__crt_unique_heap_ptr@DU__crt_internal_free_policy@@@@QEAA@QEAD@Z 00000001400096a0 f i libvcruntime:std_type_info.obj
 0001:000086a8       ??0?$__crt_unique_heap_ptr@XU__crt_internal_free_policy@@@@QEAA@QEAX@Z 00000001400096a8 f i libvcruntime:std_type_info.obj
 0001:000086b0       ??1?$__crt_unique_heap_ptr@DU__crt_internal_free_policy@@@@QEAA@XZ 00000001400096b0 f i libvcruntime:std_type_info.obj
 0001:000086d4       ??1?$__crt_unique_heap_ptr@XU__crt_internal_free_policy@@@@QEAA@XZ 00000001400096d4 f i libvcruntime:std_type_info.obj
 0001:000086f8       ??B?$__crt_unique_heap_ptr@DU__crt_internal_free_policy@@@@QEBA_NXZ 00000001400096f8 f i libvcruntime:std_type_info.obj
 0001:00008704       ??B?$__crt_unique_heap_ptr@XU__crt_internal_free_policy@@@@QEBA_NXZ 0000000140009704 f i libvcruntime:std_type_info.obj
 0001:00008740       ?__crt_interlocked_read_64@@YA_JPED_J@Z 0000000140009740 f i libvcruntime:std_type_info.obj
 0001:00008748       ?detach@?$__crt_unique_heap_ptr@XU__crt_internal_free_policy@@@@QEAAPEAXXZ 0000000140009748 f i libvcruntime:std_type_info.obj
 0001:00008754       ?get@?$__crt_unique_heap_ptr@DU__crt_internal_free_policy@@@@QEBAPEADXZ 0000000140009754 f i libvcruntime:std_type_info.obj
 0001:00008758       ?get@?$__crt_unique_heap_ptr@XU__crt_internal_free_policy@@@@QEBAPEAXXZ 0000000140009758 f i libvcruntime:std_type_info.obj
 0001:0000875c       ?is_valid@?$__crt_unique_heap_ptr@DU__crt_internal_free_policy@@@@QEBA_NXZ 000000014000975c f i libvcruntime:std_type_info.obj
 0001:00008768       ?is_valid@?$__crt_unique_heap_ptr@XU__crt_internal_free_policy@@@@QEBA_NXZ 0000000140009768 f i libvcruntime:std_type_info.obj
 0001:00008774       ?release@?$__crt_unique_heap_ptr@DU__crt_internal_free_policy@@@@QEAAXXZ 0000000140009774 f i libvcruntime:std_type_info.obj
 0001:00008798       ?release@?$__crt_unique_heap_ptr@XU__crt_internal_free_policy@@@@QEAAXXZ 0000000140009798 f i libvcruntime:std_type_info.obj
 0001:000087bc       __std_type_info_compare    00000001400097bc f   libvcruntime:std_type_info.obj
 0001:000087ec       __std_type_info_destroy_list 00000001400097ec f   libvcruntime:std_type_info.obj
 0001:00008820       __std_type_info_hash       0000000140009820 f   libvcruntime:std_type_info.obj
 0001:00008868       __std_type_info_name       0000000140009868 f   libvcruntime:std_type_info.obj
 0001:000089c8       __DestructExceptionObject  00000001400099c8 f   libvcruntime:ehhelpers.obj
 0001:00008a50       ?_CallMemberFunction0@@YAXQEAX0@Z 0000000140009a50 f i libvcruntime:ehhelpers.obj
 0001:00008ac4       ?raw_name@type_info@@QEBAPEBDXZ 0000000140009ac4 f i libvcruntime:ehhelpers.obj
 0001:00008acc       _IsExceptionObjectToBeDestroyed 0000000140009acc f   libvcruntime:ehhelpers.obj
 0001:00008b08       _SetWinRTOutOfMemoryExceptionCallback 0000000140009b08 f   libvcruntime:ehhelpers.obj
 0001:00008b14       __AdjustPointer            0000000140009b14 f   libvcruntime:ehhelpers.obj
 0001:00008b40       __FrameUnwindFilter        0000000140009b40 f   libvcruntime:ehhelpers.obj
 0001:00008bc0       __GetPlatformExceptionInfo 0000000140009bc0 f   libvcruntime:ehhelpers.obj
 0001:00008c34       __current_exception        0000000140009c34 f   libvcruntime:ehhelpers.obj
 0001:00008c4c       __current_exception_context 0000000140009c4c f   libvcruntime:ehhelpers.obj
 0001:00008c64       __processing_throw         0000000140009c64 f   libvcruntime:ehhelpers.obj
 0001:00008c7c       __std_terminate            0000000140009c7c f   libvcruntime:ehhelpers.obj
 0001:00008c88       _is_exception_typeof       0000000140009c88 f   libvcruntime:ehhelpers.obj
 0001:00008d70       memset_repstos             0000000140009d70 f   libvcruntime:memset.obj
 0001:00008d90       memset                     0000000140009d90 f   libvcruntime:memset.obj
 0001:00009220       _NLG_Notify                000000014000a220 f   libvcruntime:notify.obj
 0001:00009240       __NLG_Dispatch2            000000014000a240 f   libvcruntime:notify.obj
 0001:00009250       __NLG_Return2              000000014000a250 f   libvcruntime:notify.obj
 0001:0000926c       __except_validate_context_record 000000014000a26c f   libvcruntime:jbcxrval.obj
 0001:000092b0       __except_validate_jump_buffer 000000014000a2b0 f   libvcruntime:jbcxrval.obj
 0001:00009300       __except_validate_jump_buffer_common 000000014000a300 f i libvcruntime:jbcxrval.obj
 0001:00009374       ??$?RU__vcrt_ptd@@@__crt_internal_free_policy@@QEBAXQEBU__vcrt_ptd@@@Z 000000014000a374 f i libvcruntime:per_thread_data.obj
 0001:00009380       ??0?$__crt_unique_heap_ptr@U__vcrt_ptd@@U__crt_internal_free_policy@@@@QEAA@QEAU__vcrt_ptd@@@Z 000000014000a380 f i libvcruntime:per_thread_data.obj
 0001:000093a8       ??1?$__crt_unique_heap_ptr@U__vcrt_ptd@@U__crt_internal_free_policy@@@@QEAA@XZ 000000014000a3a8 f i libvcruntime:per_thread_data.obj
 0001:000093d8       ??B?$__crt_unique_heap_ptr@U__vcrt_ptd@@U__crt_internal_free_policy@@@@QEBA_NXZ 000000014000a3d8 f i libvcruntime:per_thread_data.obj
 0001:000093e4       ?detach@?$__crt_unique_heap_ptr@U__vcrt_ptd@@U__crt_internal_free_policy@@@@QEAAPEAU__vcrt_ptd@@XZ 000000014000a3e4 f i libvcruntime:per_thread_data.obj
 0001:000093f0       ?get@?$__crt_unique_heap_ptr@U__vcrt_ptd@@U__crt_internal_free_policy@@@@QEBAPEAU__vcrt_ptd@@XZ 000000014000a3f0 f i libvcruntime:per_thread_data.obj
 0001:000093f4       ?is_valid@?$__crt_unique_heap_ptr@U__vcrt_ptd@@U__crt_internal_free_policy@@@@QEBA_NXZ 000000014000a3f4 f i libvcruntime:per_thread_data.obj
 0001:00009400       ?release@?$__crt_unique_heap_ptr@U__vcrt_ptd@@U__crt_internal_free_policy@@@@QEAAXXZ 000000014000a400 f i libvcruntime:per_thread_data.obj
 0001:00009458       __vcrt_freefls             000000014000a458 f   libvcruntime:per_thread_data.obj
 0001:00009480       __vcrt_freeptd             000000014000a480 f   libvcruntime:per_thread_data.obj
 0001:000094e0       __vcrt_getptd              000000014000a4e0 f   libvcruntime:per_thread_data.obj
 0001:00009500       __vcrt_getptd_noexit       000000014000a500 f   libvcruntime:per_thread_data.obj
 0001:000095f0       __vcrt_getptd_noinit       000000014000a5f0 f   libvcruntime:per_thread_data.obj
 0001:00009650       __vcrt_initialize_ptd      000000014000a650 f   libvcruntime:per_thread_data.obj
 0001:000096a8       __vcrt_uninitialize_ptd    000000014000a6a8 f   libvcruntime:per_thread_data.obj
 0001:000096d4       __vcrt_initialize_locks    000000014000a6d4 f   libvcruntime:locks.obj
 0001:0000972c       __vcrt_lock                000000014000a72c f   libvcruntime:locks.obj
 0001:0000974c       __vcrt_uninitialize_locks  000000014000a74c f   libvcruntime:locks.obj
 0001:00009790       __vcrt_unlock              000000014000a790 f   libvcruntime:locks.obj
 0001:000097b0       ??$?0$00@DName@@QEAA@PEBDU?$StringLifeSelector@$00@@@Z 000000014000a7b0 f i libvcruntime:undname.obj
 0001:00009800       ??$?0$00@pcharNode@@QEAA@PEBDHU?$StringLifeSelector@$00@@@Z 000000014000a800 f i libvcruntime:undname.obj
 0001:0000981c       ??$?0$01@DName@@QEAA@PEBDU?$StringLifeSelector@$01@@@Z 000000014000a81c f i libvcruntime:undname.obj
 0001:0000986c       ??$?0$01@pcharNode@@QEAA@PEBDHU?$StringLifeSelector@$01@@@Z 000000014000a86c f i libvcruntime:undname.obj
 0001:000098fc       ??$?0$0A@@DName@@QEAA@PEBDU?$StringLifeSelector@$0A@@@@Z 000000014000a8fc f i libvcruntime:undname.obj
 0001:0000994c       ??$?0$0A@@pcharNode@@QEAA@PEBDHU?$StringLifeSelector@$0A@@@@Z 000000014000a94c f i libvcruntime:undname.obj
 0001:000099dc       ??$?0_K$0A@@?$optional@_K@std@@QEAA@$$QEA_K@Z 000000014000a9dc f i libvcruntime:undname.obj
 0001:000099f0       ??$?0_K@?$_Optional_construct_base@_K@std@@QEAA@Uin_place_t@1@$$QEA_K@Z 000000014000a9f0 f i libvcruntime:undname.obj
 0001:00009a04       ??$?0_K@?$_Optional_destruct_base@_K$00@std@@QEAA@Uin_place_t@1@$$QEA_K@Z 000000014000aa04 f i libvcruntime:undname.obj
 0001:00009a18       ??$append@VDNameNode@@@DName@@AEAAXPEBVDNameNode@@@Z 000000014000aa18 f i libvcruntime:undname.obj
 0001:00009a94       ??$append@VDNameStatusNode@@@DName@@AEAAXPEBVDNameStatusNode@@@Z 000000014000aa94 f i libvcruntime:undname.obj
 0001:00009b10       ??$append@VcharNode@@@DName@@AEAAXPEBVcharNode@@@Z 000000014000ab10 f i libvcruntime:undname.obj
 0001:00009b8c       ??$append@VpDNameNode@@@DName@@AEAAXPEBVpDNameNode@@@Z 000000014000ab8c f i libvcruntime:undname.obj
 0001:00009c08       ??$append@VpcharNode@@@DName@@AEAAXPEBVpcharNode@@@Z 000000014000ac08 f i libvcruntime:undname.obj
 0001:00009c84       ??$doPchar@$00@DName@@AEAAXPEBDH@Z 000000014000ac84 f i libvcruntime:undname.obj
 0001:00009d50       ??$doPchar@$01@DName@@AEAAXPEBDH@Z 000000014000ad50 f i libvcruntime:undname.obj
 0001:00009e0c       ??$doPchar@$0A@@DName@@AEAAXPEBDH@Z 000000014000ae0c f i libvcruntime:undname.obj
 0001:00009ec8       ??$forward@_K@std@@YA$$QEA_KAEA_K@Z 000000014000aec8 f i libvcruntime:undname.obj
 0001:0000a02c       ??$size@D$04@std@@YA_KAEAY04$$CBD@Z 000000014000b02c f i libvcruntime:undname.obj
 0001:0000a034       ??0?$_Optional_construct_base@_K@std@@QEAA@XZ 000000014000b034 f i libvcruntime:undname.obj
 0001:0000a040       ??0?$_Optional_destruct_base@_K$00@std@@QEAA@XZ 000000014000b040 f i libvcruntime:undname.obj
 0001:0000a04c       ??0?$optional@_K@std@@QEAA@XZ 000000014000b04c f i libvcruntime:undname.obj
 0001:0000a058       ??0Block@_HeapManager@@QEAA@XZ 000000014000b058 f i libvcruntime:undname.obj
 0001:0000a064       ??0DName@@QEAA@AEAPEBDD@Z  000000014000b064 f   libvcruntime:undname.obj
 0001:0000a140       ??0DName@@QEAA@AEBUStringLiteral@@@Z 000000014000b140 f   libvcruntime:undname.obj
 0001:0000a178       ??0DName@@QEAA@AEBV0@@Z    000000014000b178 f i libvcruntime:undname.obj
 0001:0000a18c       ??0DName@@QEAA@D@Z         000000014000b18c f   libvcruntime:undname.obj
 0001:0000a1b4       ??0DName@@QEAA@PEAV0@@Z    000000014000b1b4 f   libvcruntime:undname.obj
 0001:0000a258       ??0DName@@QEAA@W4DNameStatus@@@Z 000000014000b258 f   libvcruntime:undname.obj
 0001:0000a290       ??0DName@@QEAA@XZ          000000014000b290 f i libvcruntime:undname.obj
 0001:0000a2a0       ??0DName@@QEAA@_J@Z        000000014000b2a0 f   libvcruntime:undname.obj
 0001:0000a370       ??0DName@@QEAA@_K@Z        000000014000b370 f   libvcruntime:undname.obj
 0001:0000a41c       ??0DNameNode@@IEAA@XZ      000000014000b41c f i libvcruntime:undname.obj
 0001:0000a430       ??0Replicator@@QEAA@XZ     000000014000b430 f i libvcruntime:undname.obj
 0001:0000a444       ??0UnDecorator@@QEAA@PEBDP6APEADJ@ZK@Z 000000014000b444 f i libvcruntime:undname.obj
 0001:0000a4a8       ??0_Nontrivial_dummy_type@std@@QEAA@XZ 000000014000b4a8 f i libvcruntime:undname.obj
 0001:0000a4ac       ??0charNode@@QEAA@D@Z      000000014000b4ac f i libvcruntime:undname.obj
 0001:0000a4c4       ??0pDNameNode@@QEAA@PEAVDName@@@Z 000000014000b4c4 f   libvcruntime:undname.obj
 0001:0000a4f4       ??0pairNode@@QEAA@PEBVDNameNode@@0@Z 000000014000b4f4 f i libvcruntime:undname.obj
 0001:0000a51c       ??2@YAPEAX_KAEAV_HeapManager@@H@Z 000000014000b51c f   libvcruntime:undname.obj
 0001:0000a550       ??4DName@@QEAAAEAV0@AEBUStringLiteral@@@Z 000000014000b550 f   libvcruntime:undname.obj
 0001:0000a580       ??4DName@@QEAAAEAV0@AEBV0@@Z 000000014000b580 f   libvcruntime:undname.obj
 0001:0000a594       ??4DName@@QEAAAEAV0@D@Z    000000014000b594 f i libvcruntime:undname.obj
 0001:0000a5bc       ??4DName@@QEAAAEAV0@PEAV0@@Z 000000014000b5bc f   libvcruntime:undname.obj
 0001:0000a650       ??4DName@@QEAAAEAV0@W4DNameStatus@@@Z 000000014000b650 f   libvcruntime:undname.obj
 0001:0000a68c       ??AReplicator@@QEBA?AVDName@@H@Z 000000014000b68c f   libvcruntime:undname.obj
 0001:0000a6dc       ??B?$optional@_K@std@@QEBA_NXZ 000000014000b6dc f i libvcruntime:undname.obj
 0001:0000a6e0       ??D?$_Optional_construct_base@_K@std@@QEGAAAEA_KXZ 000000014000b6e0 f i libvcruntime:undname.obj
 0001:0000a6e4       ??H@YA?AVDName@@AEBUStringLiteral@@AEBV0@@Z 000000014000b6e4 f i libvcruntime:undname.obj
 0001:0000a728       ??H@YA?AVDName@@DAEBV0@@Z  000000014000b728 f i libvcruntime:undname.obj
 0001:0000a77c       ??H@YA?AVDName@@W4DNameStatus@@AEBV0@@Z 000000014000b77c f i libvcruntime:undname.obj
 0001:0000a7d8       ??HDName@@QEBA?AV0@AEBUStringLiteral@@@Z 000000014000b7d8 f   libvcruntime:undname.obj
 0001:0000a80c       ??HDName@@QEBA?AV0@AEBV0@@Z 000000014000b80c f   libvcruntime:undname.obj
 0001:0000a840       ??HDName@@QEBA?AV0@D@Z     000000014000b840 f   libvcruntime:undname.obj
 0001:0000a874       ??HDName@@QEBA?AV0@PEAV0@@Z 000000014000b874 f   libvcruntime:undname.obj
 0001:0000a8a8       ??HDName@@QEBA?AV0@W4DNameStatus@@@Z 000000014000b8a8 f   libvcruntime:undname.obj
 0001:0000a8dc       ??HStringLiteral@@QEBA?AU0@H@Z 000000014000b8dc f i libvcruntime:undname.obj
 0001:0000a8f8       ??YDName@@QEAAAEAV0@AEBUStringLiteral@@@Z 000000014000b8f8 f   libvcruntime:undname.obj
 0001:0000a998       ??YDName@@QEAAAEAV0@AEBV0@@Z 000000014000b998 f   libvcruntime:undname.obj
 0001:0000aa08       ??YDName@@QEAAAEAV0@D@Z    000000014000ba08 f   libvcruntime:undname.obj
 0001:0000aa90       ??YDName@@QEAAAEAV0@PEAV0@@Z 000000014000ba90 f   libvcruntime:undname.obj
 0001:0000ab48       ??YDName@@QEAAAEAV0@W4DNameStatus@@@Z 000000014000bb48 f   libvcruntime:undname.obj
 0001:0000abb4       ??YReplicator@@QEAAAEAV0@AEBVDName@@@Z 000000014000bbb4 f   libvcruntime:undname.obj
 0001:0000ac24       ??_5DName@@QEAAAEAV0@AEBV0@@Z 000000014000bc24 f   libvcruntime:undname.obj
 0001:0000ac40       ??__K_l@@YA?AUStringLiteral@@PEBD_K@Z 000000014000bc40 f i libvcruntime:undname.obj
 0001:0000ac50       ?Constructor@_HeapManager@@QEAAXP6APEAX_K@ZP6AXPEAX@Z@Z 000000014000bc50 f i libvcruntime:undname.obj
 0001:0000ac6c       ?Destructor@_HeapManager@@QEAAXXZ 000000014000bc6c f i libvcruntime:undname.obj
 0001:0000acc8       ?UScore@UnDecorator@@SA?AUStringLiteral@@W4Tokens@@@Z 000000014000bcc8 f   libvcruntime:undname.obj
 0001:0000ad28       ?composeDeclaration@UnDecorator@@CA?AVDName@@AEBV2@@Z 000000014000bd28 f i libvcruntime:undname.obj
 0001:0000bf64       ?doAccessSpecifiers@UnDecorator@@SAHXZ 000000014000cf64 f i libvcruntime:undname.obj
 0001:0000bf78       ?doAllocationLanguage@UnDecorator@@SAHXZ 000000014000cf78 f i libvcruntime:undname.obj
 0001:0000bf8c       ?doAllocationModel@UnDecorator@@SAHXZ 000000014000cf8c f i libvcruntime:undname.obj
 0001:0000bfa0       ?doEcsu@UnDecorator@@SAHXZ 000000014000cfa0 f i libvcruntime:undname.obj
 0001:0000bfb4       ?doEllipsis@UnDecorator@@SAHXZ 000000014000cfb4 f i libvcruntime:undname.obj
 0001:0000bfc8       ?doFunctionReturns@UnDecorator@@SAHXZ 000000014000cfc8 f i libvcruntime:undname.obj
 0001:0000bfdc       ?doMSKeywords@UnDecorator@@SAHXZ 000000014000cfdc f i libvcruntime:undname.obj
 0001:0000bff0       ?doMemberTypes@UnDecorator@@SAHXZ 000000014000cff0 f i libvcruntime:undname.obj
 0001:0000c004       ?doNameOnly@UnDecorator@@SAHXZ 000000014000d004 f i libvcruntime:undname.obj
 0001:0000c014       ?doNoIdentCharCheck@UnDecorator@@SAHXZ 000000014000d014 f i libvcruntime:undname.obj
 0001:0000c024       ?doPchar@DName@@AEAAXD@Z   000000014000d024 f   libvcruntime:undname.obj
 0001:0000c088       ?doPtr64@UnDecorator@@SAHXZ 000000014000d088 f i libvcruntime:undname.obj
 0001:0000c09c       ?doRestrictionSpec@UnDecorator@@SAHXZ 000000014000d09c f i libvcruntime:undname.obj
 0001:0000c0b0       ?doThisTypes@UnDecorator@@SAHXZ 000000014000d0b0 f i libvcruntime:undname.obj
 0001:0000c0c8       ?doThrowTypes@UnDecorator@@SAHXZ 000000014000d0c8 f i libvcruntime:undname.obj
 0001:0000c0dc       ?doTypeOnly@UnDecorator@@SAHXZ 000000014000d0dc f i libvcruntime:undname.obj
 0001:0000c0ec       ?doUnderScore@UnDecorator@@SAHXZ 000000014000d0ec f i libvcruntime:undname.obj
 0001:0000c0fc       ?getAddressOf@UnDecorator@@CA?AVDName@@XZ 000000014000d0fc f   libvcruntime:undname.obj
 0001:0000c1b0       ?getArgumentList@UnDecorator@@CA?AVDName@@XZ 000000014000d1b0 f   libvcruntime:undname.obj
 0001:0000c3d4       ?getArgumentTypes@UnDecorator@@CA?AVDName@@XZ 000000014000d3d4 f   libvcruntime:undname.obj
 0001:0000c574       ?getArrayAccess@UnDecorator@@CA?AVDName@@XZ 000000014000d574 f   libvcruntime:undname.obj
 0001:0000c634       ?getArrayObject@UnDecorator@@CA?AVDName@@XZ 000000014000d634 f   libvcruntime:undname.obj
 0001:0000c71c       ?getArrayType@UnDecorator@@CA?AVDName@@AEBV2@@Z 000000014000d71c f i libvcruntime:undname.obj
 0001:0000c9f4       ?getBasedType@UnDecorator@@CA?AVDName@@XZ 000000014000d9f4 f   libvcruntime:undname.obj
 0001:0000cb28       ?getBasicDataType@UnDecorator@@CA?AVDName@@AEBV2@@Z 000000014000db28 f   libvcruntime:undname.obj
 0001:0000d2a8       ?getCHPEName@UnDecorator@@QEAAPEADPEADH@Z 000000014000e2a8 f i libvcruntime:undname.obj
 0001:0000d40c       ?getCallIndex@UnDecorator@@CA?AVDName@@XZ 000000014000e40c f i libvcruntime:undname.obj
 0001:0000d42c       ?getCallingConvention@UnDecorator@@CA?AVDName@@XZ 000000014000e42c f   libvcruntime:undname.obj
 0001:0000d5cc       ?getDataIndirectType@UnDecorator@@CA?AVDName@@AEBV2@W4IndirectionKind@@0H@Z 000000014000e5cc f   libvcruntime:undname.obj
 0001:0000e0c4       ?getDataIndirectType@UnDecorator@@CA?AVDName@@XZ 000000014000f0c4 f i libvcruntime:undname.obj
 0001:0000e10c       ?getDataType@UnDecorator@@CA?AVDName@@PEAV2@@Z 000000014000f10c f   libvcruntime:undname.obj
 0001:0000e264       ?getDecoratedName@UnDecorator@@CA?AVDName@@XZ 000000014000f264 f   libvcruntime:undname.obj
 0001:0000e604       ?getDimension@UnDecorator@@CA?AVDName@@_N@Z 000000014000f604 f   libvcruntime:undname.obj
 0001:0000e7a0       ?getDispatchTarget@UnDecorator@@CA?AVDName@@XZ 000000014000f7a0 f   libvcruntime:undname.obj
 0001:0000e800       ?getDisplacement@UnDecorator@@CA?AVDName@@XZ 000000014000f800 f i libvcruntime:undname.obj
 0001:0000e820       ?getECSUDataType@UnDecorator@@CA?AVDName@@XZ 000000014000f820 f   libvcruntime:undname.obj
 0001:0000ea78       ?getECSUName@UnDecorator@@CA?AVDName@@XZ 000000014000fa78 f i libvcruntime:undname.obj
 0001:0000ea94       ?getEnumType@UnDecorator@@CA?AVDName@@XZ 000000014000fa94 f i libvcruntime:undname.obj
 0001:0000ec10       ?getExtendedDataIndirectType@UnDecorator@@CA?AVDName@@AEAW4IndirectionKind@@AEA_NH@Z 000000014000fc10 f   libvcruntime:undname.obj
 0001:0000ee94       ?getExternalDataType@UnDecorator@@CA?AVDName@@AEBV2@@Z 000000014000fe94 f i libvcruntime:undname.obj
 0001:0000ef84       ?getFloatingPoint@UnDecorator@@CA?AVDName@@H@Z 000000014000ff84 f   libvcruntime:undname.obj
 0001:0000f144       ?getFunctionIndirectType@UnDecorator@@CA?AVDName@@AEBV2@@Z 0000000140010144 f   libvcruntime:undname.obj
 0001:0000f7b4       ?getGuardNumber@UnDecorator@@CA?AVDName@@XZ 00000001400107b4 f i libvcruntime:undname.obj
 0001:0000f7d4       ?getLastChar@DName@@QEBADXZ 00000001400107d4 f i libvcruntime:undname.obj
 0001:0000f7f4       ?getLastChar@DNameStatusNode@@UEBADXZ 00000001400107f4 f i libvcruntime:undname.obj
 0001:0000f804       ?getLastChar@charNode@@UEBADXZ 0000000140010804 f i libvcruntime:undname.obj
 0001:0000f808       ?getLastChar@pDNameNode@@UEBADXZ 0000000140010808 f i libvcruntime:undname.obj
 0001:0000f83c       ?getLastChar@pairNode@@UEBADXZ 000000014001083c f i libvcruntime:undname.obj
 0001:0000f880       ?getLastChar@pcharNode@@UEBADXZ 0000000140010880 f i libvcruntime:undname.obj
 0001:0000f89c       ?getLexicalFrame@UnDecorator@@CA?AVDName@@XZ 000000014001089c f i libvcruntime:undname.obj
 0001:0000f918       ?getMemberAccess@UnDecorator@@CA?AVDName@@XZ 0000000140010918 f   libvcruntime:undname.obj
 0001:0000f9d0       ?getMemoryWithBuffer@_HeapManager@@QEAAPEAX_K@Z 00000001400109d0 f   libvcruntime:undname.obj
 0001:0000fa84       ?getMemoryWithoutBuffer@_HeapManager@@QEAAPEAX_K@Z 0000000140010a84 f   libvcruntime:undname.obj
 0001:0000fa9c       ?getNoexcept@UnDecorator@@CA?AVDName@@XZ 0000000140010a9c f   libvcruntime:undname.obj
 0001:0000fb18       ?getNumberOfDimensions@UnDecorator@@CAHXZ 0000000140010b18 f   libvcruntime:undname.obj
 0001:0000fb9c       ?getOperatorName@UnDecorator@@CA?AVDName@@_NPEA_N@Z 0000000140010b9c f i libvcruntime:undname.obj
 0001:00010828       ?getPointerToMember@UnDecorator@@CA?AVDName@@XZ 0000000140011828 f   libvcruntime:undname.obj
 0001:0001095c       ?getPointerType@UnDecorator@@CA?AVDName@@AEBV2@0@Z 000000014001195c f i libvcruntime:undname.obj
 0001:00010980       ?getPointerTypeArray@UnDecorator@@CA?AVDName@@AEBV2@0@Z 0000000140011980 f i libvcruntime:undname.obj
 0001:000109a0       ?getPrimaryDataType@UnDecorator@@CA?AVDName@@AEBV2@@Z 00000001400119a0 f   libvcruntime:undname.obj
 0001:00010d08       ?getPtrRefDataType@UnDecorator@@CA?AVDName@@AEBV2@H@Z 0000000140011d08 f   libvcruntime:undname.obj
 0001:00010f48       ?getPtrRefType@UnDecorator@@CA?AVDName@@AEBV2@0W4IndirectionKind@@@Z 0000000140011f48 f   libvcruntime:undname.obj
 0001:00011194       ?getReferenceType@UnDecorator@@CA?AVDName@@AEBV2@0W4IndirectionKind@@@Z 0000000140012194 f i libvcruntime:undname.obj
 0001:000111b0       ?getRestrictionSpec@UnDecorator@@CA?AVDName@@XZ 00000001400121b0 f   libvcruntime:undname.obj
 0001:00011400       ?getReturnType@UnDecorator@@CA?AVDName@@PEAV2@@Z 0000000140012400 f   libvcruntime:undname.obj
 0001:00011444       ?getScope@UnDecorator@@CA?AVDName@@XZ 0000000140012444 f   libvcruntime:undname.obj
 0001:00011a2c       ?getScopedName@UnDecorator@@CA?AVDName@@XZ 0000000140012a2c f   libvcruntime:undname.obj
 0001:00011bb8       ?getSignedDimension@UnDecorator@@CA?AVDName@@XZ 0000000140012bb8 f   libvcruntime:undname.obj
 0001:00011c60       ?getStorageConvention@UnDecorator@@CA?AVDName@@XZ 0000000140012c60 f i libvcruntime:undname.obj
 0001:00011ca8       ?getString@DName@@QEBAPEADPEAD0@Z 0000000140012ca8 f i libvcruntime:undname.obj
 0001:00011cc8       ?getString@DName@@QEBAPEADPEADH@Z 0000000140012cc8 f i libvcruntime:undname.obj
 0001:00011d80       ?getString@DNameStatusNode@@UEBAPEADPEAD0@Z 0000000140012d80 f i libvcruntime:undname.obj
 0001:00011dd8       ?getString@charNode@@UEBAPEADPEAD0@Z 0000000140012dd8 f i libvcruntime:undname.obj
 0001:00011df0       ?getString@pDNameNode@@UEBAPEADPEAD0@Z 0000000140012df0 f i libvcruntime:undname.obj
 0001:00011e28       ?getString@pairNode@@UEBAPEADPEAD0@Z 0000000140012e28 f i libvcruntime:undname.obj
 0001:00011e88       ?getString@pcharNode@@UEBAPEADPEAD0@Z 0000000140012e88 f i libvcruntime:undname.obj
 0001:00011ecc       ?getStringEncoding@UnDecorator@@CA?AVDName@@W4PrefixKind@@H@Z 0000000140012ecc f   libvcruntime:undname.obj
 0001:00011ff8       ?getStringHelper@@YAPEADPEADPEBD1H@Z 0000000140012ff8 f i libvcruntime:undname.obj
 0001:00012030       ?getStringObject@UnDecorator@@CA?AVDName@@XZ 0000000140013030 f   libvcruntime:undname.obj
 0001:000120b4       ?getSymbolName@UnDecorator@@CA?AVDName@@XZ 00000001400130b4 f i libvcruntime:undname.obj
 0001:00012114       ?getTemplateArgumentList@UnDecorator@@CA?AVDName@@XZ 0000000140013114 f   libvcruntime:undname.obj
 0001:000123b8       ?getTemplateName@UnDecorator@@CA?AVDName@@_N@Z 00000001400133b8 f   libvcruntime:undname.obj
 0001:000126f0       ?getTemplateNonTypeArgument@UnDecorator@@CA?AVDName@@XZ 00000001400136f0 f   libvcruntime:undname.obj
 0001:00012d94       ?getTemplateTypeArgument@UnDecorator@@CA?AVDName@@XZ 0000000140013d94 f   libvcruntime:undname.obj
 0001:00012f58       ?getThisType@UnDecorator@@CA?AVDName@@XZ 0000000140013f58 f i libvcruntime:undname.obj
 0001:00012fa8       ?getThrowTypes@UnDecorator@@CA?AVDName@@XZ 0000000140013fa8 f   libvcruntime:undname.obj
 0001:00012fd4       ?getTypeEncoding@UnDecorator@@CAHXZ 0000000140013fd4 f i libvcruntime:undname.obj
 0001:00013454       ?getUndecoratedName@UnDecorator@@QEAAPEADPEADH@Z 0000000140014454 f i libvcruntime:undname.obj
 0001:000135fc       ?getUnionObject@UnDecorator@@CA?AVDName@@XZ 00000001400145fc f   libvcruntime:undname.obj
 0001:00013708       ?getVCallThunkType@UnDecorator@@CA?AVDName@@XZ 0000000140014708 f i libvcruntime:undname.obj
 0001:0001379c       ?getValue@UnDecorator@@CA?AV?$optional@_K@std@@XZ 000000014001479c f   libvcruntime:undname.obj
 0001:0001382c       ?getValueObject@UnDecorator@@CA?AVDName@@XZ 000000014001482c f   libvcruntime:undname.obj
 0001:000139bc       ?getVbTableType@UnDecorator@@CA?AVDName@@AEBV2@@Z 00000001400149bc f i libvcruntime:undname.obj
 0001:000139d8       ?getVdispMapType@UnDecorator@@CA?AVDName@@AEBV2@@Z 00000001400149d8 f i libvcruntime:undname.obj
 0001:00013a74       ?getVfTableType@UnDecorator@@CA?AVDName@@AEBV2@@Z 0000000140014a74 f i libvcruntime:undname.obj
 0001:00013d00       ?getZName@UnDecorator@@CA?AVDName@@_N0@Z 0000000140014d00 f   libvcruntime:undname.obj
 0001:00014098       ?haveTemplateParameters@UnDecorator@@SAHXZ 0000000140015098 f i libvcruntime:undname.obj
 0001:000140a8       ?isArray@DName@@QEBAHXZ    00000001400150a8 f i libvcruntime:undname.obj
 0001:000140b4       ?isComArray@DName@@QEBAHXZ 00000001400150b4 f i libvcruntime:undname.obj
 0001:000140c0       ?isEmpty@DName@@QEBAHXZ    00000001400150c0 f i libvcruntime:undname.obj
 0001:000140cc       ?isFull@Replicator@@QEBAHXZ 00000001400150cc f i libvcruntime:undname.obj
 0001:000140d8       ?isNoTE@DName@@QEBAHXZ     00000001400150d8 f i libvcruntime:undname.obj
 0001:000140e4       ?isPinPtr@DName@@QEBAHXZ   00000001400150e4 f i libvcruntime:undname.obj
 0001:000140f0       ?isPtrRef@DName@@QEBAHXZ   00000001400150f0 f i libvcruntime:undname.obj
 0001:000140fc       ?isUDC@DName@@QEBAHXZ      00000001400150fc f i libvcruntime:undname.obj
 0001:00014118       ?isUDTThunk@DName@@QEBAHXZ 0000000140015118 f i libvcruntime:undname.obj
 0001:00014134       ?isVCallThunk@DName@@QEBAHXZ 0000000140015134 f i libvcruntime:undname.obj
 0001:00014140       ?isValid@DName@@QEBAHXZ    0000000140015140 f i libvcruntime:undname.obj
 0001:0001414c       ?length@DName@@QEBAHXZ     000000014001514c f i libvcruntime:undname.obj
 0001:0001416c       ?length@DNameStatusNode@@UEBAHXZ 000000014001516c f i libvcruntime:undname.obj
 0001:00014170       ?length@charNode@@UEBAHXZ  0000000140015170 f i libvcruntime:undname.obj
 0001:00014178       ?length@pDNameNode@@UEBAHXZ 0000000140015178 f i libvcruntime:undname.obj
 0001:000141ac       ?length@pairNode@@UEBAHXZ  00000001400151ac f i libvcruntime:undname.obj
 0001:00014204       ?length@pcharNode@@UEBAHXZ 0000000140015204 f i libvcruntime:undname.obj
 0001:00014208       ?make@DNameStatusNode@@SAPEBV1@W4DNameStatus@@@Z 0000000140015208 f i libvcruntime:undname.obj
 0001:00014230       ?parseDecoratedName@UnDecorator@@CA?AVDName@@XZ 0000000140015230 f   libvcruntime:undname.obj
 0001:00014388       ?raw_length@DNameStatusNode@@UEBAHXZ 0000000140015388 f i libvcruntime:undname.obj
 0001:0001438c       ?raw_length@charNode@@UEBAHXZ 000000014001538c f i libvcruntime:undname.obj
 0001:00014394       ?raw_length@pDNameNode@@UEBAHXZ 0000000140015394 f i libvcruntime:undname.obj
 0001:00014398       ?raw_length@pairNode@@UEBAHXZ 0000000140015398 f i libvcruntime:undname.obj
 0001:0001439c       ?raw_length@pcharNode@@UEBAHXZ 000000014001539c f i libvcruntime:undname.obj
 0001:000143a0       ?setIsArray@DName@@QEAAXXZ 00000001400153a0 f i libvcruntime:undname.obj
 0001:000143a8       ?setIsComArray@DName@@QEAAXXZ 00000001400153a8 f i libvcruntime:undname.obj
 0001:000143b0       ?setIsNoTE@DName@@QEAAXXZ  00000001400153b0 f i libvcruntime:undname.obj
 0001:000143b8       ?setIsPinPtr@DName@@QEAAXXZ 00000001400153b8 f i libvcruntime:undname.obj
 0001:000143c0       ?setIsUDC@DName@@QEAAXXZ   00000001400153c0 f i libvcruntime:undname.obj
 0001:000143d0       ?setIsVCallThunk@DName@@QEAAXXZ 00000001400153d0 f i libvcruntime:undname.obj
 0001:000143d8       ?setPtrRef@DName@@QEAAAEAV1@XZ 00000001400153d8 f i libvcruntime:undname.obj
 0001:000143e4       ?status@DName@@QEBA?AW4DNameStatus@@XZ 00000001400153e4 f i libvcruntime:undname.obj
 0001:0001445c       __unDName                  000000014001545c f   libvcruntime:undname.obj
 0001:0001448c       __unDNameEx                000000014001548c f   libvcruntime:undname.obj
 0001:0001460c       _vsprintf_s_l              000000014001560c f i libvcruntime:undname.obj
 0001:00014688       snprintf                   0000000140015688 f i libvcruntime:undname.obj
 0001:000146f4       sprintf_s                  00000001400156f4 f i libvcruntime:undname.obj
 0001:0001475c       unDNameGenerateCHPE        000000014001575c f   libvcruntime:undname.obj
 0001:000148a4       vsnprintf                  00000001400158a4 f i libvcruntime:undname.obj
 0001:00014920       ??$__crt_interlocked_exchange_pointer@UHINSTANCE__@@PEAU1@@@YAPEAUHINSTANCE__@@PEDSEAU0@QEAU0@@Z 0000000140015920 f i libvcruntime:winapi_downlevel.obj
 0001:00014928       ??$__crt_interlocked_exchange_pointer@UHINSTANCE__@@PEAX@@YAPEAUHINSTANCE__@@PEDSEAU0@QEAX@Z 0000000140015928 f i libvcruntime:winapi_downlevel.obj
 0001:00014930       ??$__crt_interlocked_exchange_pointer@XPEAX@@YAPEAXPEDSEAXQEAX@Z 0000000140015930 f i libvcruntime:winapi_downlevel.obj
 0001:00014938       ??$__crt_interlocked_read_pointer@UHINSTANCE__@@@@YAPEAUHINSTANCE__@@PEDSEAU0@@Z 0000000140015938 f i libvcruntime:winapi_downlevel.obj
 0001:00014940       ??$__crt_interlocked_read_pointer@X@@YAPEAXPEDSEAX@Z 0000000140015940 f i libvcruntime:winapi_downlevel.obj
 0001:00014fc8       __vcrt_FlsAlloc            0000000140015fc8 f   libvcruntime:winapi_downlevel.obj
 0001:00015020       __vcrt_FlsFree             0000000140016020 f   libvcruntime:winapi_downlevel.obj
 0001:00015078       __vcrt_FlsGetValue         0000000140016078 f   libvcruntime:winapi_downlevel.obj
 0001:000150d0       __vcrt_FlsSetValue         00000001400160d0 f   libvcruntime:winapi_downlevel.obj
 0001:00015138       __vcrt_InitializeCriticalSectionEx 0000000140016138 f   libvcruntime:winapi_downlevel.obj
 0001:000151b4       ??$__crt_interlocked_exchange_pointer@$$A6AXXZP6AXXZ@@YAP6AXXZPEDS6AXXZQ6AXXZ@Z 00000001400161b4 f i libvcruntime:purevirt.obj
 0001:000151bc       ??$__crt_interlocked_read_pointer@$$A6AXXZ@@YAP6AXXZPEDS6AXXZ@Z 00000001400161bc f i libvcruntime:purevirt.obj
 0001:000151c4       _get_purecall_handler      00000001400161c4 f   libvcruntime:purevirt.obj
 0001:000151d0       _purecall                  00000001400161d0 f   libvcruntime:purevirt.obj
 0001:000151f0       _set_purecall_handler      00000001400161f0 f   libvcruntime:purevirt.obj
 0001:00015200       ??$?0AEAViterator@TryBlockMap4@FH4@@AEAV012@$0A@@?$pair@Viterator@TryBlockMap4@FH4@@V123@@std@@QEAA@AEAViterator@TryBlockMap4@FH4@@0@Z 0000000140016200 f i libvcruntime:risctrnsctrl.obj
 0001:0001521c       ??$?0AEAViterator@TryBlockMap@__FrameHandler3@@AEAV012@$0A@@?$pair@Viterator@TryBlockMap@__FrameHandler3@@V123@@std@@QEAA@AEAViterator@TryBlockMap@__FrameHandler3@@0@Z 000000014001621c f i libvcruntime:risctrnsctrl.obj
 0001:000153c4       ??$_CallSETranslator@V__FrameHandler3@@@@YAHPEAUEHExceptionRecord@@PEA_KPEAU_CONTEXT@@PEAU_xDISPATCHER_CONTEXT@@PEBU_s_FuncInfo@@K1H@Z 00000001400163c4 f i libvcruntime:risctrnsctrl.obj
 0001:0001542c       ??$_CallSETranslator@V__FrameHandler4@@@@YAHPEAUEHExceptionRecord@@PEA_KPEAU_CONTEXT@@PEAU_xDISPATCHER_CONTEXT@@PEAUFuncInfo4@FH4@@K1H@Z 000000014001642c f i libvcruntime:risctrnsctrl.obj
 0001:00015494       ??$forward@AEAViterator@TryBlockMap4@FH4@@@std@@YAAEAViterator@TryBlockMap4@FH4@@AEAV123@@Z 0000000140016494 f i libvcruntime:risctrnsctrl.obj
 0001:00015498       ??$forward@AEAViterator@TryBlockMap@__FrameHandler3@@@std@@YAAEAViterator@TryBlockMap@__FrameHandler3@@AEAV123@@Z 0000000140016498 f i libvcruntime:risctrnsctrl.obj
 0001:0001549c       ??0FuncInfo4@FH4@@QEAA@XZ  000000014001649c f i libvcruntime:risctrnsctrl.obj
 0001:000154b4       ??0FuncInfoHeader@FH4@@QEAA@XZ 00000001400164b4 f i libvcruntime:risctrnsctrl.obj
 0001:000154bc       ??0iterator@TryBlockMap4@FH4@@QEAA@AEAV12@I@Z 00000001400164bc f i libvcruntime:risctrnsctrl.obj
 0001:000154cc       ??0iterator@TryBlockMap@__FrameHandler3@@QEAA@AEAV12@I@Z 00000001400164cc f i libvcruntime:risctrnsctrl.obj
 0001:000154dc       ??4iterator@TryBlockMap4@FH4@@QEAAAEAV012@AEBV012@@Z 00000001400164dc f i libvcruntime:risctrnsctrl.obj
 0001:000154e8       ??9iterator@TryBlockMap4@FH4@@QEBA_NAEBV012@@Z 00000001400164e8 f i libvcruntime:risctrnsctrl.obj
 0001:000154f4       ??Diterator@TryBlockMap4@FH4@@QEAA?AUTryBlockMapEntry4@2@XZ 00000001400164f4 f i libvcruntime:risctrnsctrl.obj
 0001:00015508       ??Eiterator@TryBlockMap4@FH4@@QEAAAEAV012@XZ 0000000140016508 f i libvcruntime:risctrnsctrl.obj
 0001:000155cc       ?CatchTryBlock@__FrameHandler3@@SAPEBU_s_TryBlockMapEntry@@PEBU_s_FuncInfo@@H@Z 00000001400165cc f   libvcruntime:risctrnsctrl.obj
 0001:00015648       ?DecompFuncInfo@FH4@@YA_JPEAEAEAUFuncInfo4@1@_KH@Z 0000000140016648 f i libvcruntime:risctrnsctrl.obj
 0001:00015660       ?DecompFuncInfo@FH4@@YA_JPEAEAEAUFuncInfo4@1@_KH_N@Z 0000000140016660 f i libvcruntime:risctrnsctrl.obj
 0001:000157cc       ?DecompTryBlock@TryBlockMap4@FH4@@AEAAXXZ 00000001400167cc f i libvcruntime:risctrnsctrl.obj
 0001:00015884       ?ExecutionInCatch@__FrameHandler3@@SA_NPEAU_xDISPATCHER_CONTEXT@@PEBU_s_FuncInfo@@@Z 0000000140016884 f   libvcruntime:risctrnsctrl.obj
 0001:000158b8       ?ExecutionInCatch@__FrameHandler4@@SA_NPEAU_xDISPATCHER_CONTEXT@@PEAUFuncInfo4@FH4@@@Z 00000001400168b8 f   libvcruntime:risctrnsctrl.obj
 0001:000158c0       ?FrameUnwindToEmptyState@__FrameHandler3@@SAXPEA_KPEAU_xDISPATCHER_CONTEXT@@PEBU_s_FuncInfo@@@Z 00000001400168c0 f   libvcruntime:risctrnsctrl.obj
 0001:00015940       ?FrameUnwindToEmptyState@__FrameHandler4@@SAXPEA_KPEAU_xDISPATCHER_CONTEXT@@PEAUFuncInfo4@FH4@@@Z 0000000140016940 f   libvcruntime:risctrnsctrl.obj
 0001:00015980       ?GetEstablisherFrame@__FrameHandler3@@SAPEA_KPEA_KPEAU_xDISPATCHER_CONTEXT@@PEBU_s_FuncInfo@@0@Z 0000000140016980 f   libvcruntime:risctrnsctrl.obj
 0001:00015a80       ?GetEstablisherFrame@__FrameHandler4@@SAPEA_KPEA_KPEAU_xDISPATCHER_CONTEXT@@PEAUFuncInfo4@FH4@@0@Z 0000000140016a80 f   libvcruntime:risctrnsctrl.obj
 0001:00015aac       ?GetRangeOfTrysToCheck@__FrameHandler3@@SA?AU?$pair@Viterator@TryBlockMap@__FrameHandler3@@V123@@std@@AEAVTryBlockMap@1@HPEAU_xDISPATCHER_CONTEXT@@PEBU_s_FuncInfo@@H@Z 0000000140016aac f   libvcruntime:risctrnsctrl.obj
 0001:00015c3c       ?GetRangeOfTrysToCheck@__FrameHandler4@@SA?AU?$pair@Viterator@TryBlockMap4@FH4@@V123@@std@@AEAVTryBlockMap4@FH4@@HPEAU_xDISPATCHER_CONTEXT@@PEAUFuncInfo4@5@H@Z 0000000140016c3c f   libvcruntime:risctrnsctrl.obj
 0001:00015e00       ?ReadInt@FH4@@YAHPEAPEAE@Z 0000000140016e00 f i libvcruntime:risctrnsctrl.obj
 0001:00015e10       ?ReadUnsigned@FH4@@YAIPEAPEAE@Z 0000000140016e10 f i libvcruntime:risctrnsctrl.obj
 0001:00015e4c       ?UnwindNestedFrames@__FrameHandler3@@SAXPEA_KPEAUEHExceptionRecord@@PEAU_CONTEXT@@0PEAXPEBU_s_FuncInfo@@HHPEBU_s_HandlerType@@PEAU_xDISPATCHER_CONTEXT@@E@Z 0000000140016e4c f   libvcruntime:risctrnsctrl.obj
 0001:00015f90       ?UnwindNestedFrames@__FrameHandler4@@SAXPEA_KPEAUEHExceptionRecord@@PEAU_CONTEXT@@0PEAXPEAUFuncInfo4@FH4@@HHPEAUHandlerType4@5@PEAU_xDISPATCHER_CONTEXT@@E@Z 0000000140016f90 f   libvcruntime:risctrnsctrl.obj
 0001:000160f8       ?begin@TryBlockMap4@FH4@@QEAA?AViterator@12@XZ 00000001400170f8 f i libvcruntime:risctrnsctrl.obj
 0001:00016108       ?end@TryBlockMap4@FH4@@QEAA?AViterator@12@XZ 0000000140017108 f i libvcruntime:risctrnsctrl.obj
 0001:00016118       ?imageRelToByteBuffer@FH4@@YAPEAE_KH@Z 0000000140017118 f i libvcruntime:risctrnsctrl.obj
 0001:00016120       ?incrementToSentinel@iterator@TryBlockMap4@FH4@@QEAAXXZ 0000000140017120 f i libvcruntime:risctrnsctrl.obj
 0001:00016124       ?setBuffer@TryBlockMap4@FH4@@QEAAXViterator@12@@Z 0000000140017124 f i libvcruntime:risctrnsctrl.obj
 0001:00016358       _CreateFrameInfo           0000000140017358 f   libvcruntime:risctrnsctrl.obj
 0001:000163a0       _FindAndUnlinkFrame        00000001400173a0 f   libvcruntime:risctrnsctrl.obj
 0001:00016408       _GetImageBase              0000000140017408 f   libvcruntime:risctrnsctrl.obj
 0001:00016420       _GetThrowImageBase         0000000140017420 f   libvcruntime:risctrnsctrl.obj
 0001:00016438       _SetImageBase              0000000140017438 f   libvcruntime:risctrnsctrl.obj
 0001:00016458       _SetThrowImageBase         0000000140017458 f   libvcruntime:risctrnsctrl.obj
 0001:00016478       __CxxFrameHandler          0000000140017478 f   libvcruntime:risctrnsctrl.obj
 0001:00016480       __CxxFrameHandler2         0000000140017480 f   libvcruntime:risctrnsctrl.obj
 0001:00016488       __CxxFrameHandler3         0000000140017488 f   libvcruntime:risctrnsctrl.obj
 0001:00016530       __CxxFrameHandler4         0000000140017530 f   libvcruntime:risctrnsctrl.obj
 0001:00016630       memcpy_repmovs             0000000140017630 f   libvcruntime:memcpy.obj
 0001:00016650       memcpy                     0000000140017650 f   libvcruntime:memcpy.obj
 0001:00016650       memmove                    0000000140017650 f   libvcruntime:memcpy.obj
 0001:00016e70       ?GetCurrentState@__FrameHandler3@@SAHPEA_KPEAU_xDISPATCHER_CONTEXT@@PEBU_s_FuncInfo@@@Z 0000000140017e70 f   libvcruntime:ehstate.obj
 0001:00016ea0       ?GetUnwindTryBlock@__FrameHandler3@@SAHPEA_KPEAU_xDISPATCHER_CONTEXT@@PEBU_s_FuncInfo@@@Z 0000000140017ea0 f   libvcruntime:ehstate.obj
 0001:00016ed4       ?SetState@__FrameHandler3@@SAXPEA_KPEBU_s_FuncInfo@@H@Z 0000000140017ed4 f   libvcruntime:ehstate.obj
 0001:00016ee4       ?SetUnwindTryBlock@__FrameHandler3@@SAXPEA_KPEAU_xDISPATCHER_CONTEXT@@PEBU_s_FuncInfo@@H@Z 0000000140017ee4 f   libvcruntime:ehstate.obj
 0001:00016f30       ?StateFromControlPc@__FrameHandler3@@SAHPEBU_s_FuncInfo@@PEAU_xDISPATCHER_CONTEXT@@@Z 0000000140017f30 f   libvcruntime:ehstate.obj
 0001:00016f3c       ?StateFromControlPc@__FrameHandler4@@SAHPEAUFuncInfo4@FH4@@PEAU_xDISPATCHER_CONTEXT@@@Z 0000000140017f3c f   libvcruntime:ehstate.obj
 0001:00016f48       ?StateFromIp@__FrameHandler3@@SAHPEBU_s_FuncInfo@@PEAU_xDISPATCHER_CONTEXT@@_K@Z 0000000140017f48 f   libvcruntime:ehstate.obj
 0001:00016fc8       ?StateFromIp@__FrameHandler4@@SAHPEAUFuncInfo4@FH4@@PEAU_xDISPATCHER_CONTEXT@@_K@Z 0000000140017fc8 f   libvcruntime:ehstate.obj
 0001:000170f0       ?__FuncRelToRealOffset@@YA_KPEAU_xDISPATCHER_CONTEXT@@I@Z 00000001400180f0 f i libvcruntime:ehstate.obj
 0001:00017104       ?__RVAtoRealOffset@@YA_KPEAU_xDISPATCHER_CONTEXT@@H@Z 0000000140018104 f i libvcruntime:ehstate.obj
 0001:00018ca0       ??$TypeMatchHelper@V__FrameHandler3@@@@YAHPEBU_s_HandlerType@@PEBU_s_CatchableType@@PEBU_s_ThrowInfo@@@Z 0000000140019ca0 f i libvcruntime:frame.obj
 0001:00018e2c       ??$TypeMatchHelper@V__FrameHandler4@@@@YAHPEAUHandlerType4@FH4@@PEBU_s_CatchableType@@PEBU_s_ThrowInfo@@@Z 0000000140019e2c f i libvcruntime:frame.obj
 0001:00018fc0       ??$__InternalCxxFrameHandler@V__FrameHandler3@@@@YA?AW4_EXCEPTION_DISPOSITION@@PEAUEHExceptionRecord@@PEA_KPEAU_CONTEXT@@PEAU_xDISPATCHER_CONTEXT@@PEBU_s_FuncInfo@@H1E@Z 0000000140019fc0 f i libvcruntime:frame.obj
 0001:00019284       ??$__InternalCxxFrameHandler@V__FrameHandler4@@@@YA?AW4_EXCEPTION_DISPOSITION@@PEAUEHExceptionRecord@@PEA_KPEAU_CONTEXT@@PEAU_xDISPATCHER_CONTEXT@@PEAUFuncInfo4@FH4@@H1E@Z 000000014001a284 f i libvcruntime:frame.obj
 0001:000195c0       ??0HandlerMap4@FH4@@QEAA@PEBUTryBlockMapEntry4@1@_KH@Z 000000014001a5c0 f i libvcruntime:frame.obj
 0001:00019658       ??0HandlerMap@__FrameHandler3@@QEAA@PEBU_s_TryBlockMapEntry@@_KI@Z 000000014001a658 f i libvcruntime:frame.obj
 0001:00019674       ??0HandlerType4@FH4@@QEAA@XZ 000000014001a674 f i libvcruntime:frame.obj
 0001:00019690       ??0TryBlockMap4@FH4@@QEAA@PEBUFuncInfo4@1@_K@Z 000000014001a690 f i libvcruntime:frame.obj
 0001:0001979c       ??0TryBlockMap@__FrameHandler3@@QEAA@PEBU_s_FuncInfo@@_K@Z 000000014001a79c f i libvcruntime:frame.obj
 0001:000197ac       ??0UWMap4@FH4@@QEAA@PEBUFuncInfo4@1@_K@Z 000000014001a7ac f i libvcruntime:frame.obj
 0001:00019800       ??0bad_exception@std@@QEAA@AEBV01@@Z 000000014001a800 f i libvcruntime:frame.obj
 0001:0001984c       ??0bad_exception@std@@QEAA@XZ 000000014001a84c f i libvcruntime:frame.obj
 0001:00019874       ??0exception@std@@QEAA@AEBV01@@Z 000000014001a874 f i libvcruntime:frame.obj
 0001:000198b4       ??0exception@std@@QEAA@QEBDH@Z 000000014001a8b4 f i libvcruntime:frame.obj
 0001:000198d0       ??0iterator@HandlerMap4@FH4@@QEAA@AEAV12@I@Z 000000014001a8d0 f i libvcruntime:frame.obj
 0001:000198e0       ??0iterator@HandlerMap@__FrameHandler3@@QEAA@AEAV12@I@Z 000000014001a8e0 f i libvcruntime:frame.obj
 0001:000198f0       ??0iterator@UWMap4@FH4@@QEAA@AEAV12@PEAE@Z 000000014001a8f0 f i libvcruntime:frame.obj
 0001:00019900       ??1bad_exception@std@@UEAA@XZ 000000014001a900 f i libvcruntime:frame.obj
 0001:00019918       ??1exception@std@@UEAA@XZ  000000014001a918 f i libvcruntime:frame.obj
 0001:00019930       ??4iterator@UWMap4@FH4@@QEAAAEAV012@AEBV012@@Z 000000014001a930 f i libvcruntime:frame.obj
 0001:00019958       ??8iterator@HandlerMap4@FH4@@QEBA_NAEBV012@@Z 000000014001a958 f i libvcruntime:frame.obj
 0001:00019964       ??8iterator@HandlerMap@__FrameHandler3@@QEBA_NAEBV012@@Z 000000014001a964 f i libvcruntime:frame.obj
 0001:00019970       ??8type_info@@QEBA_NAEBV0@@Z 000000014001a970 f i libvcruntime:frame.obj
 0001:00019994       ??9iterator@HandlerMap4@FH4@@QEBA_NAEBV012@@Z 000000014001a994 f i libvcruntime:frame.obj
 0001:000199a0       ??9iterator@HandlerMap@__FrameHandler3@@QEBA_NAEBV012@@Z 000000014001a9a0 f i libvcruntime:frame.obj
 0001:000199ac       ??Diterator@HandlerMap4@FH4@@QEAA?AUHandlerType4@2@XZ 000000014001a9ac f i libvcruntime:frame.obj
 0001:000199d4       ??Diterator@HandlerMap@__FrameHandler3@@QEAA?BU_s_HandlerType@@XZ 000000014001a9d4 f i libvcruntime:frame.obj
 0001:00019a00       ??Diterator@TryBlockMap@__FrameHandler3@@QEAA?BU_s_TryBlockMapEntry@@XZ 000000014001aa00 f i libvcruntime:frame.obj
 0001:00019a38       ??Diterator@UWMap4@FH4@@QEAA?AUUnwindMapEntry4@2@XZ 000000014001aa38 f i libvcruntime:frame.obj
 0001:00019aa0       ??Eiterator@HandlerMap4@FH4@@QEAAAEAV012@XZ 000000014001aaa0 f i libvcruntime:frame.obj
 0001:00019ac4       ??Eiterator@HandlerMap@__FrameHandler3@@QEAAAEAV012@XZ 000000014001aac4 f i libvcruntime:frame.obj
 0001:00019acc       ??Eiterator@TryBlockMap@__FrameHandler3@@QEAAAEAV012@XZ 000000014001aacc f i libvcruntime:frame.obj
 0001:00019ad4       ??Eiterator@UWMap4@FH4@@QEAAAEAV012@XZ 000000014001aad4 f i libvcruntime:frame.obj
 0001:00019afc       ??Giterator@UWMap4@FH4@@QEBA_JAEBV012@@Z 000000014001aafc f i libvcruntime:frame.obj
 0001:00019b08       ??Miterator@TryBlockMap4@FH4@@QEBA_NAEBV012@@Z 000000014001ab08 f i libvcruntime:frame.obj
 0001:00019b14       ??Miterator@TryBlockMap@__FrameHandler3@@QEBA_NAEBV012@@Z 000000014001ab14 f i libvcruntime:frame.obj
 0001:00019b20       ??Oiterator@UWMap4@FH4@@QEBA_NAEBV012@@Z 000000014001ab20 f i libvcruntime:frame.obj
 0001:00019b30       ??Piterator@UWMap4@FH4@@QEBA_NAEBV012@@Z 000000014001ab30 f i libvcruntime:frame.obj
 0001:00019b40       ??_Ebad_exception@std@@UEAAPEAXI@Z 000000014001ab40 f i libvcruntime:frame.obj
 0001:00019b40       ??_Gbad_exception@std@@UEAAPEAXI@Z 000000014001ab40 f i libvcruntime:frame.obj
 0001:00019b94       ??_Eexception@std@@UEAAPEAXI@Z 000000014001ab94 f i libvcruntime:frame.obj
 0001:00019b94       ??_Gexception@std@@UEAAPEAXI@Z 000000014001ab94 f i libvcruntime:frame.obj
 0001:00019be8       ?BuildCatchObject@__FrameHandler3@@SAXPEAUEHExceptionRecord@@PEAXPEBU_s_HandlerType@@PEBU_s_CatchableType@@@Z 000000014001abe8 f   libvcruntime:frame.obj
 0001:00019bf0       ?BuildCatchObject@__FrameHandler4@@SAXPEAUEHExceptionRecord@@PEAXPEAUHandlerType4@FH4@@PEBU_s_CatchableType@@@Z 000000014001abf0 f   libvcruntime:frame.obj
 0001:00019bf8       ?BuildCatchObjectHelper@__FrameHandler3@@SAHPEAUEHExceptionRecord@@PEAXPEBU_s_HandlerType@@PEBU_s_CatchableType@@@Z 000000014001abf8 f   libvcruntime:frame.obj
 0001:00019c00       ?BuildCatchObjectHelper@__FrameHandler4@@SAHPEAUEHExceptionRecord@@PEAXPEAUHandlerType4@FH4@@PEBU_s_CatchableType@@@Z 000000014001ac00 f   libvcruntime:frame.obj
 0001:00019c08       ?CxxCallCatchBlock@__FrameHandler3@@SAPEAXPEAU_EXCEPTION_RECORD@@@Z 000000014001ac08 f   libvcruntime:frame.obj
 0001:00019e6c       ?CxxCallCatchBlock@__FrameHandler4@@SAPEAXPEAU_EXCEPTION_RECORD@@@Z 000000014001ae6c f   libvcruntime:frame.obj
 0001:0001a150       ?DecompHandler@HandlerMap4@FH4@@AEAAXXZ 000000014001b150 f i libvcruntime:frame.obj
 0001:0001a430       ?FrameUnwindToState@__FrameHandler3@@SAXPEA_KPEAU_xDISPATCHER_CONTEXT@@PEBU_s_FuncInfo@@H@Z 000000014001b430 f   libvcruntime:frame.obj
 0001:0001a61c       ?FrameUnwindToState@__FrameHandler4@@SAXPEA_KPEAU_xDISPATCHER_CONTEXT@@PEAUFuncInfo4@FH4@@H@Z 000000014001b61c f   libvcruntime:frame.obj
 0001:0001a9d4       ?GetHandlerSearchState@__FrameHandler3@@SAHPEA_KPEAU_xDISPATCHER_CONTEXT@@PEBU_s_FuncInfo@@@Z 000000014001b9d4 f i libvcruntime:frame.obj
 0001:0001aa90       ?GetHandlerSearchState@__FrameHandler4@@SAHPEA_KPEAU_xDISPATCHER_CONTEXT@@PEAUFuncInfo4@FH4@@@Z 000000014001ba90 f i libvcruntime:frame.obj
 0001:0001ab0c       ?GetMaxState@__FrameHandler3@@SAHPEAU_xDISPATCHER_CONTEXT@@PEBU_s_FuncInfo@@@Z 000000014001bb0c f i libvcruntime:frame.obj
 0001:0001ab10       ?GetMaxState@__FrameHandler4@@SAHPEAU_xDISPATCHER_CONTEXT@@PEAUFuncInfo4@FH4@@@Z 000000014001bb10 f i libvcruntime:frame.obj
 0001:0001ad2c       ?ReadEntry@UWMap4@FH4@@AEAAXPEAPEAE@Z 000000014001bd2c f i libvcruntime:frame.obj
 0001:0001adf0       ?TypeMatch@__FrameHandler3@@SAHPEBU_s_HandlerType@@PEBU_s_CatchableType@@PEBU_s_ThrowInfo@@@Z 000000014001bdf0 f   libvcruntime:frame.obj
 0001:0001adf8       ?TypeMatch@__FrameHandler4@@SAHPEAUHandlerType4@FH4@@PEBU_s_CatchableType@@PEBU_s_ThrowInfo@@@Z 000000014001bdf8 f   libvcruntime:frame.obj
 0001:0001ae00       ?WalkBack@UWMap4@FH4@@AEAAXPEAPEAE@Z 000000014001be00 f i libvcruntime:frame.obj
 0001:0001ae44       ?WalkBack@iterator@UWMap4@FH4@@QEAAXXZ 000000014001be44 f i libvcruntime:frame.obj
 0001:0001ae90       ?WalkForward@UWMap4@FH4@@AEAAXPEAPEAE@Z 000000014001be90 f i libvcruntime:frame.obj
 0001:0001ae98       ?_CallMemberFunction1@@YAXQEAX00@Z 000000014001be98 f i libvcruntime:frame.obj
 0001:0001aea4       ?_CallMemberFunction2@@YAXQEAX00H@Z 000000014001bea4 f i libvcruntime:frame.obj
 0001:0001aed4       ?begin@HandlerMap4@FH4@@QEAA?AViterator@12@XZ 000000014001bed4 f i libvcruntime:frame.obj
 0001:0001aee4       ?begin@HandlerMap@__FrameHandler3@@QEAA?AViterator@12@XZ 000000014001bee4 f i libvcruntime:frame.obj
 0001:0001aef4       ?begin@UWMap4@FH4@@QEAA?AViterator@12@XZ 000000014001bef4 f i libvcruntime:frame.obj
 0001:0001af08       ?end@HandlerMap4@FH4@@QEAA?AViterator@12@XZ 000000014001bf08 f i libvcruntime:frame.obj
 0001:0001af18       ?end@HandlerMap@__FrameHandler3@@QEAA?AViterator@12@XZ 000000014001bf18 f i libvcruntime:frame.obj
 0001:0001af28       ?getESTypes@__FrameHandler3@@SAPEBU_s_ESTypeList@@PEBU_s_FuncInfo@@@Z 000000014001bf28 f i libvcruntime:frame.obj
 0001:0001af5c       ?getESTypes@__FrameHandler4@@SAPEBU_s_ESTypeList@@PEAUFuncInfo4@FH4@@@Z 000000014001bf5c f i libvcruntime:frame.obj
 0001:0001af60       ?getLastEntry@HandlerMap4@FH4@@QEAAPEAUHandlerType4@2@XZ 000000014001bf60 f i libvcruntime:frame.obj
 0001:0001afc4       ?getLastEntry@HandlerMap@__FrameHandler3@@QEAAPEBU_s_HandlerType@@XZ 000000014001bfc4 f i libvcruntime:frame.obj
 0001:0001afdc       ?getMagicNum@__FrameHandler3@@SAIPEBU_s_FuncInfo@@@Z 000000014001bfdc f i libvcruntime:frame.obj
 0001:0001afe8       ?getMagicNum@__FrameHandler4@@SAIPEAUFuncInfo4@FH4@@@Z 000000014001bfe8 f i libvcruntime:frame.obj
 0001:0001aff0       ?getNumTryBlocks@TryBlockMap4@FH4@@QEAAIXZ 000000014001bff0 f i libvcruntime:frame.obj
 0001:0001aff4       ?getNumTryBlocks@TryBlockMap@__FrameHandler3@@QEAAIXZ 000000014001bff4 f i libvcruntime:frame.obj
 0001:0001affc       ?getStartStop@UWMap4@FH4@@QEAAXHHAEAViterator@12@0@Z 000000014001bffc f i libvcruntime:frame.obj
 0001:0001b100       ?getStateFromIterators@UWMap4@FH4@@SAHAEBViterator@12@H0H0@Z 000000014001c100 f i libvcruntime:frame.obj
 0001:0001b200       ?isEHs@__FrameHandler3@@SA_NPEBU_s_FuncInfo@@@Z 000000014001c200 f i libvcruntime:frame.obj
 0001:0001b208       ?isEHs@__FrameHandler4@@SA_NPEAUFuncInfo4@FH4@@@Z 000000014001c208 f i libvcruntime:frame.obj
 0001:0001b214       ?isNoExcept@__FrameHandler3@@SA_NPEBU_s_FuncInfo@@@Z 000000014001c214 f i libvcruntime:frame.obj
 0001:0001b220       ?isNoExcept@__FrameHandler4@@SA_NPEAUFuncInfo4@FH4@@@Z 000000014001c220 f i libvcruntime:frame.obj
 0001:0001b22c       ?reset@HandlerType4@FH4@@QEAAXXZ 000000014001c22c f i libvcruntime:frame.obj
 0001:0001b248       ?resetBuffer@HandlerMap4@FH4@@QEAAXXZ 000000014001c248 f i libvcruntime:frame.obj
 0001:0001b258       ?setBuffer@HandlerMap4@FH4@@QEAAXI@Z 000000014001c258 f i libvcruntime:frame.obj
 0001:0001b2a0       ?what@exception@std@@UEBAPEBDXZ 000000014001c2a0 f i libvcruntime:frame.obj
 0001:0001b2b8       __BuildCatchObject         000000014001c2b8 f   libvcruntime:frame.obj
 0001:0001b2c0       __BuildCatchObjectHelper   000000014001c2c0 f   libvcruntime:frame.obj
 0001:0001b2c8       __TypeMatch                000000014001c2c8 f   libvcruntime:frame.obj
 0001:0001b2d0       __vcrt_EncodePointer       000000014001c2d0 f i libvcruntime:frame.obj
 0001:0001b2f0       _CallSettingFrame          000000014001c2f0 f   libvcruntime:handlers.obj
 0001:0001b340       _CallSettingFrame_LookupContinuationIndex 000000014001c340 f   libvcruntime:handlers.obj
 0001:0001b370       _CallSettingFrame_NotifyContinuationAddr 000000014001c370 f   libvcruntime:handlers.obj
 0001:0001b3a0       _CallSettingFrameEncoded   000000014001c3a0 f   libvcruntime:handlers.obj
 0001:0001b428       ??$?RD@__crt_public_free_policy@@QEBAXQEBD@Z 000000014001c428 f i libvcruntime:std_exception.obj
 0001:0001b434       ??0?$__crt_unique_heap_ptr@DU__crt_public_free_policy@@@@QEAA@QEAD@Z 000000014001c434 f i libvcruntime:std_exception.obj
 0001:0001b43c       ??1?$__crt_unique_heap_ptr@DU__crt_public_free_policy@@@@QEAA@XZ 000000014001c43c f i libvcruntime:std_exception.obj
 0001:0001b460       ??B?$__crt_unique_heap_ptr@DU__crt_public_free_policy@@@@QEBA_NXZ 000000014001c460 f i libvcruntime:std_exception.obj
 0001:0001b46c       ?detach@?$__crt_unique_heap_ptr@DU__crt_public_free_policy@@@@QEAAPEADXZ 000000014001c46c f i libvcruntime:std_exception.obj
 0001:0001b478       ?get@?$__crt_unique_heap_ptr@DU__crt_public_free_policy@@@@QEBAPEADXZ 000000014001c478 f i libvcruntime:std_exception.obj
 0001:0001b47c       ?is_valid@?$__crt_unique_heap_ptr@DU__crt_public_free_policy@@@@QEBA_NXZ 000000014001c47c f i libvcruntime:std_exception.obj
 0001:0001b488       ?release@?$__crt_unique_heap_ptr@DU__crt_public_free_policy@@@@QEAAXXZ 000000014001c488 f i libvcruntime:std_exception.obj
 0001:0001b4ac       __std_exception_copy       000000014001c4ac f   libvcruntime:std_exception.obj
 0001:0001b55c       __std_exception_destroy    000000014001c55c f   libvcruntime:std_exception.obj
 0001:0001b58c       _CxxThrowException         000000014001c58c f   libvcruntime:throw.obj
 0001:0001b654       ??$?RPEAU__crt_stdio_stream_data@@@__crt_internal_free_policy@@QEBAXQEBQEAU__crt_stdio_stream_data@@@Z 000000014001c654 f i libucrt:_file.obj
 0001:0001b660       ??0?$__crt_unique_heap_ptr@PEAU__crt_stdio_stream_data@@U__crt_internal_free_policy@@@@QEAA@QEAPEAU__crt_stdio_stream_data@@@Z 000000014001c660 f i libucrt:_file.obj
 0001:0001b668       ??0__crt_stdio_stream@@QEAA@QEAU_iobuf@@@Z 000000014001c668 f i libucrt:_file.obj
 0001:0001b670       ??1?$__crt_unique_heap_ptr@PEAU__crt_stdio_stream_data@@U__crt_internal_free_policy@@@@QEAA@XZ 000000014001c670 f i libucrt:_file.obj
 0001:0001b694       ??C__crt_stdio_stream@@QEBAPEAU__crt_stdio_stream_data@@XZ 000000014001c694 f i libucrt:_file.obj
 0001:0001b698       ?detach@?$__crt_unique_heap_ptr@PEAU__crt_stdio_stream_data@@U__crt_internal_free_policy@@@@QEAAPEAPEAU__crt_stdio_stream_data@@XZ 000000014001c698 f i libucrt:_file.obj
 0001:0001b6a4       ?release@?$__crt_unique_heap_ptr@PEAU__crt_stdio_stream_data@@U__crt_internal_free_policy@@@@QEAAXXZ 000000014001c6a4 f i libucrt:_file.obj
 0001:0001b6c8       __acrt_initialize_stdio    000000014001c6c8 f   libucrt:_file.obj
 0001:0001b830       __acrt_iob_func            000000014001c830 f   libucrt:_file.obj
 0001:0001b848       __acrt_uninitialize_stdio  000000014001c848 f   libucrt:_file.obj
 0001:0001b8bc       _get_stream_buffer_pointers 000000014001c8bc f   libucrt:_file.obj
 0001:0001b914       _lock_file                 000000014001c914 f   libucrt:_file.obj
 0001:0001b924       _unlock_file               000000014001c924 f   libucrt:_file.obj
 0001:0001b934       ??$__crt_interlocked_read@J@@YAJPEDJ@Z 000000014001c934 f i libucrt:fclose.obj
 0001:0001b938       ?__crt_interlocked_read_32@@YAHPEDH@Z 000000014001c938 f i libucrt:fclose.obj
 0001:0001b93c       ?get_flags@__crt_stdio_stream@@QEBAJXZ 000000014001c93c f i libucrt:fclose.obj
 0001:0001b944       ?is_in_use@__crt_stdio_stream@@QEBA_NXZ 000000014001c944 f i libucrt:fclose.obj
 0001:0001b954       ?is_string_backed@__crt_stdio_stream@@QEBA_NXZ 000000014001c954 f i libucrt:fclose.obj
 0001:0001b964       ?public_stream@__crt_stdio_stream@@QEBAPEAU_iobuf@@XZ 000000014001c964 f i libucrt:fclose.obj
 0001:0001b968       ?valid@__crt_stdio_stream@@QEBA_NXZ 000000014001c968 f i libucrt:fclose.obj
 0001:0001b974       _fclose_nolock             000000014001c974 f   libucrt:fclose.obj
 0001:0001ba18       fclose                     000000014001ca18 f   libucrt:fclose.obj
 0001:0001bc8c       ??$getc_nolock@PEAU_iobuf@@@?$__crt_char_traits@D@@SAH$$QEAPEAU_iobuf@@@Z 000000014001cc8c f i libucrt:fgets.obj
 0001:0001bc98       ??$getc_nolock@PEAU_iobuf@@@?$__crt_char_traits@_W@@SAG$$QEAPEAU_iobuf@@@Z 000000014001cc98 f i libucrt:fgets.obj
 0001:0001bca4       ?validate_stream_is_ansi_if_required@?$__acrt_stdio_char_traits@D@@SA_NQEAU_iobuf@@@Z 000000014001cca4 f i libucrt:fgets.obj
 0001:0001bd64       ?validate_stream_is_ansi_if_required@?$__acrt_stdio_char_traits@_W@@SA_NQEAU_iobuf@@@Z 000000014001cd64 f i libucrt:fgets.obj
 0001:0001bd68       fgets                      000000014001cd68 f   libucrt:fgets.obj
 0001:0001bd70       fgetws                     000000014001cd70 f   libucrt:fgets.obj
 0001:0001c02c       ??$open_file@AEBQEBDAEBQEBDAEBHPEAU_iobuf@@@?$__crt_char_traits@D@@SAPEAU_iobuf@@AEBQEBD0AEBH$$QEAPEAU1@@Z 000000014001d02c f i libucrt:fopen.obj
 0001:0001c044       ??$open_file@AEBQEB_WAEBQEB_WAEBHPEAU_iobuf@@@?$__crt_char_traits@_W@@SAPEAU_iobuf@@AEBQEB_W0AEBH$$QEAPEAU1@@Z 000000014001d044 f i libucrt:fopen.obj
 0001:0001c05c       ?unlock@__crt_stdio_stream@@QEBAXXZ 000000014001d05c f i libucrt:fopen.obj
 0001:0001c068       _fsopen                    000000014001d068 f   libucrt:fopen.obj
 0001:0001c070       _wfopen                    000000014001d070 f   libucrt:fopen.obj
 0001:0001c080       _wfopen_s                  000000014001d080 f   libucrt:fopen.obj
 0001:0001c0f0       _wfsopen                   000000014001d0f0 f   libucrt:fopen.obj
 0001:0001c0f8       fopen                      000000014001d0f8 f   libucrt:fopen.obj
 0001:0001c108       fopen_s                    000000014001d108 f   libucrt:fopen.obj
 0001:0001c178       ?__acrt_stdio_reset_buffer@@YAXV__crt_stdio_stream@@@Z 000000014001d178 f i libucrt:fread.obj
 0001:0001c188       ?has_any_buffer@__crt_stdio_stream@@QEBA_NXZ 000000014001d188 f i libucrt:fread.obj
 0001:0001c19c       ?has_any_of@__crt_stdio_stream@@QEBA_NJ@Z 000000014001d19c f i libucrt:fread.obj
 0001:0001c1ac       ?set_flags@__crt_stdio_stream@@QEBA_NJ@Z 000000014001d1ac f i libucrt:fread.obj
 0001:0001c1d4       _fread_nolock              000000014001d1d4 f   libucrt:fread.obj
 0001:0001c1f8       _fread_nolock_s            000000014001d1f8 f   libucrt:fread.obj
 0001:0001c4f0       fread                      000000014001d4f0 f   libucrt:fread.obj
 0001:0001c514       fread_s                    000000014001d514 f   libucrt:fread.obj
 0001:0001c68c       ?LongLongSub@@YAJ_J0PEA_J@Z 000000014001d68c f i libucrt:fseek.obj
 0001:0001c950       ?has_all_of@__crt_stdio_stream@@QEBA_NJ@Z 000000014001d950 f i libucrt:fseek.obj
 0001:0001c964       ?lowio_handle@__crt_stdio_stream@@QEBAHXZ 000000014001d964 f i libucrt:fseek.obj
 0001:0001c96c       ?unset_flags@__crt_stdio_stream@@QEBA_NJ@Z 000000014001d96c f i libucrt:fseek.obj
 0001:0001c99c       _fseek_nolock              000000014001d99c f   libucrt:fseek.obj
 0001:0001c9a8       _fseeki64                  000000014001d9a8 f   libucrt:fseek.obj
 0001:0001c9b0       _fseeki64_nolock           000000014001d9b0 f   libucrt:fseek.obj
 0001:0001c9b8       fseek                      000000014001d9b8 f   libucrt:fseek.obj
 0001:0001d134       ?ctrl_z@__crt_stdio_stream@@QEBA_NXZ 000000014001e134 f i libucrt:ftell.obj
 0001:0001d144       ?has_big_buffer@__crt_stdio_stream@@QEBA_NXZ 000000014001e144 f i libucrt:ftell.obj
 0001:0001d154       ?has_crt_buffer@__crt_stdio_stream@@QEBA_NXZ 000000014001e154 f i libucrt:ftell.obj
 0001:0001d164       ?has_setvbuf_buffer@__crt_stdio_stream@@QEBA_NXZ 000000014001e164 f i libucrt:ftell.obj
 0001:0001d174       _ftell_nolock              000000014001e174 f   libucrt:ftell.obj
 0001:0001d1a4       _ftelli64                  000000014001e1a4 f   libucrt:ftell.obj
 0001:0001d1ac       _ftelli64_nolock           000000014001e1ac f   libucrt:ftell.obj
 0001:0001d1b4       _utf8_no_of_trailbytes     000000014001e1b4 f i libucrt:ftell.obj
 0001:0001d1c8       ftell                      000000014001e1c8 f   libucrt:ftell.obj
 0001:0001d1d0       rewind                     000000014001e1d0 f   libucrt:rewind.obj
 0001:0001d2c4       ??$?0AEBV?$stream_output_adapter@D@__crt_stdio_output@@AEB_KAEBQEBDAEBQEAU__crt_locale_pointers@@AEBQEAD@?$format_validation_base@DV?$stream_output_adapter@D@__crt_stdio_output@@@__crt_stdio_output@@IEAA@AEBV?$stream_output_adapter@D@1@AEB_KAEBQEBDAEBQEAU__crt_locale_pointers@@AEBQEAD@Z 000000014001e2c4 f i libucrt:output.obj
 0001:0001d368       ??$?0AEBV?$stream_output_adapter@D@__crt_stdio_output@@AEB_KAEBQEBDAEBQEAU__crt_locale_pointers@@AEBQEAD@?$positional_parameter_base@DV?$stream_output_adapter@D@__crt_stdio_output@@@__crt_stdio_output@@IEAA@AEBV?$stream_output_adapter@D@1@AEB_KAEBQEBDAEBQEAU__crt_locale_pointers@@AEBQEAD@Z 000000014001e368 f i libucrt:output.obj
 0001:0001d430       ??$?0AEBV?$stream_output_adapter@D@__crt_stdio_output@@AEB_KAEBQEBDAEBQEAU__crt_locale_pointers@@AEBQEAD@?$standard_base@DV?$stream_output_adapter@D@__crt_stdio_output@@@__crt_stdio_output@@IEAA@AEBV?$stream_output_adapter@D@1@AEB_KAEBQEBDAEBQEAU__crt_locale_pointers@@AEBQEAD@Z 000000014001e430 f i libucrt:output.obj
 0001:0001d4d4       ??$?0AEBV?$stream_output_adapter@_W@__crt_stdio_output@@AEB_KAEBQEB_WAEBQEAU__crt_locale_pointers@@AEBQEAD@?$format_validation_base@_WV?$stream_output_adapter@_W@__crt_stdio_output@@@__crt_stdio_output@@IEAA@AEBV?$stream_output_adapter@_W@1@AEB_KAEBQEB_WAEBQEAU__crt_locale_pointers@@AEBQEAD@Z 000000014001e4d4 f i libucrt:output.obj
 0001:0001d57c       ??$?0AEBV?$stream_output_adapter@_W@__crt_stdio_output@@AEB_KAEBQEB_WAEBQEAU__crt_locale_pointers@@AEBQEAD@?$positional_parameter_base@_WV?$stream_output_adapter@_W@__crt_stdio_output@@@__crt_stdio_output@@IEAA@AEBV?$stream_output_adapter@_W@1@AEB_KAEBQEB_WAEBQEAU__crt_locale_pointers@@AEBQEAD@Z 000000014001e57c f i libucrt:output.obj
 0001:0001d648       ??$?0AEBV?$stream_output_adapter@_W@__crt_stdio_output@@AEB_KAEBQEB_WAEBQEAU__crt_locale_pointers@@AEBQEAD@?$standard_base@_WV?$stream_output_adapter@_W@__crt_stdio_output@@@__crt_stdio_output@@IEAA@AEBV?$stream_output_adapter@_W@1@AEB_KAEBQEB_WAEBQEAU__crt_locale_pointers@@AEBQEAD@Z 000000014001e648 f i libucrt:output.obj
 0001:0001d6f0       ??$?0AEBV?$string_output_adapter@D@__crt_stdio_output@@AEB_KAEBQEBDAEBQEAU__crt_locale_pointers@@AEBQEAD@?$format_validation_base@DV?$string_output_adapter@D@__crt_stdio_output@@@__crt_stdio_output@@IEAA@AEBV?$string_output_adapter@D@1@AEB_KAEBQEBDAEBQEAU__crt_locale_pointers@@AEBQEAD@Z 000000014001e6f0 f i libucrt:output.obj
 0001:0001d794       ??$?0AEBV?$string_output_adapter@D@__crt_stdio_output@@AEB_KAEBQEBDAEBQEAU__crt_locale_pointers@@AEBQEAD@?$positional_parameter_base@DV?$string_output_adapter@D@__crt_stdio_output@@@__crt_stdio_output@@IEAA@AEBV?$string_output_adapter@D@1@AEB_KAEBQEBDAEBQEAU__crt_locale_pointers@@AEBQEAD@Z 000000014001e794 f i libucrt:output.obj
 0001:0001d85c       ??$?0AEBV?$string_output_adapter@D@__crt_stdio_output@@AEB_KAEBQEBDAEBQEAU__crt_locale_pointers@@AEBQEAD@?$standard_base@DV?$string_output_adapter@D@__crt_stdio_output@@@__crt_stdio_output@@IEAA@AEBV?$string_output_adapter@D@1@AEB_KAEBQEBDAEBQEAU__crt_locale_pointers@@AEBQEAD@Z 000000014001e85c f i libucrt:output.obj
 0001:0001d900       ??$?0AEBV?$string_output_adapter@_W@__crt_stdio_output@@AEB_KAEBQEB_WAEBQEAU__crt_locale_pointers@@AEBQEAD@?$format_validation_base@_WV?$string_output_adapter@_W@__crt_stdio_output@@@__crt_stdio_output@@IEAA@AEBV?$string_output_adapter@_W@1@AEB_KAEBQEB_WAEBQEAU__crt_locale_pointers@@AEBQEAD@Z 000000014001e900 f i libucrt:output.obj
 0001:0001d9a8       ??$?0AEBV?$string_output_adapter@_W@__crt_stdio_output@@AEB_KAEBQEB_WAEBQEAU__crt_locale_pointers@@AEBQEAD@?$positional_parameter_base@_WV?$string_output_adapter@_W@__crt_stdio_output@@@__crt_stdio_output@@IEAA@AEBV?$string_output_adapter@_W@1@AEB_KAEBQEB_WAEBQEAU__crt_locale_pointers@@AEBQEAD@Z 000000014001e9a8 f i libucrt:output.obj
 0001:0001da74       ??$?0AEBV?$string_output_adapter@_W@__crt_stdio_output@@AEB_KAEBQEB_WAEBQEAU__crt_locale_pointers@@AEBQEAD@?$standard_base@_WV?$string_output_adapter@_W@__crt_stdio_output@@@__crt_stdio_output@@IEAA@AEBV?$string_output_adapter@_W@1@AEB_KAEBQEB_WAEBQEAU__crt_locale_pointers@@AEBQEAD@Z 000000014001ea74 f i libucrt:output.obj
 0001:0001f3fc       ??$count@D@formatting_buffer@__crt_stdio_output@@QEBA_KXZ 00000001400203fc f i libucrt:output.obj
 0001:0001f420       ??$count@_W@formatting_buffer@__crt_stdio_output@@QEBA_KXZ 0000000140020420 f i libucrt:output.obj
 0001:0001f444       ??$data@D@formatting_buffer@__crt_stdio_output@@QEAAPEADXZ 0000000140020444 f i libucrt:output.obj
 0001:0001f458       ??$data@_W@formatting_buffer@__crt_stdio_output@@QEAAPEA_WXZ 0000000140020458 f i libucrt:output.obj
 0001:0001f46c       ??$ensure_buffer_is_big_enough@D@formatting_buffer@__crt_stdio_output@@QEAA_N_K@Z 000000014002046c f i libucrt:output.obj
 0001:0001f53c       ??$ensure_buffer_is_big_enough@_W@formatting_buffer@__crt_stdio_output@@QEAA_N_K@Z 000000014002053c f i libucrt:output.obj
 0001:0001f610       ??$extract_argument_from_va_list@C_J@?$positional_parameter_base@DV?$stream_output_adapter@D@__crt_stdio_output@@@__crt_stdio_output@@IEAA_NAEA_J@Z 0000000140020610 f i libucrt:output.obj
 0001:0001f6fc       ??$extract_argument_from_va_list@C_J@?$positional_parameter_base@DV?$string_output_adapter@D@__crt_stdio_output@@@__crt_stdio_output@@IEAA_NAEA_J@Z 00000001400206fc f i libucrt:output.obj
 0001:0001f7e8       ??$extract_argument_from_va_list@C_J@?$positional_parameter_base@_WV?$stream_output_adapter@_W@__crt_stdio_output@@@__crt_stdio_output@@IEAA_NAEA_J@Z 00000001400207e8 f i libucrt:output.obj
 0001:0001f8d8       ??$extract_argument_from_va_list@C_J@?$positional_parameter_base@_WV?$string_output_adapter@_W@__crt_stdio_output@@@__crt_stdio_output@@IEAA_NAEA_J@Z 00000001400208d8 f i libucrt:output.obj
 0001:0001f9c8       ??$extract_argument_from_va_list@C_J@?$standard_base@DV?$stream_output_adapter@D@__crt_stdio_output@@@__crt_stdio_output@@IEAA_NAEA_J@Z 00000001400209c8 f i libucrt:output.obj
[...]
 0002:00014dc0       $unwind$__acrt_GetLocaleInfoA 0000000140086dc0     libucrt:getlocaleinfoa.obj
 0002:00014de4       $unwind$?InternalGetLocaleInfoA@@YAHQEAU__crt_locale_pointers@@QEB_WKQEADH@Z 0000000140086de4     libucrt:getlocaleinfoa.obj
 0002:00014e10       $unwind$_itow_s            0000000140086e10     libucrt:xtoa.obj
 0002:00014e18       $unwind$_itow              0000000140086e18     libucrt:xtoa.obj
 0002:00014e20       $unwind$_ltow_s            0000000140086e20     libucrt:xtoa.obj
 0002:00014e28       $unwind$_ltow              0000000140086e28     libucrt:xtoa.obj
 0002:00014e30       $unwind$_ultow_s           0000000140086e30     libucrt:xtoa.obj
 0002:00014e38       $unwind$_ultow             0000000140086e38     libucrt:xtoa.obj
 0002:00014e40       $unwind$_i64tow_s          0000000140086e40     libucrt:xtoa.obj
 0002:00014e48       $unwind$_i64tow            0000000140086e48     libucrt:xtoa.obj
 0002:00014e50       $unwind$_ui64tow_s         0000000140086e50     libucrt:xtoa.obj
 0002:00014e58       $unwind$_ui64tow           0000000140086e58     libucrt:xtoa.obj
 0002:00014e60       $unwind$_itoa_s            0000000140086e60     libucrt:xtoa.obj
 0002:00014e68       $unwind$_itoa              0000000140086e68     libucrt:xtoa.obj
 0002:00014e70       $unwind$_ltoa_s            0000000140086e70     libucrt:xtoa.obj
 0002:00014e78       $unwind$_ltoa              0000000140086e78     libucrt:xtoa.obj
 0002:00014e80       $unwind$_ultoa_s           0000000140086e80     libucrt:xtoa.obj
 0002:00014e88       $unwind$_ultoa             0000000140086e88     libucrt:xtoa.obj
 0002:00014e90       $unwind$_i64toa_s          0000000140086e90     libucrt:xtoa.obj
 0002:00014e98       $unwind$_i64toa            0000000140086e98     libucrt:xtoa.obj
 0002:00014ea0       $unwind$_ui64toa_s         0000000140086ea0     libucrt:xtoa.obj
 0002:00014ea8       $unwind$_ui64toa           0000000140086ea8     libucrt:xtoa.obj
 0002:00014eb0       $unwind$??$common_xtox_s@KD@@YAHKQEAD_KI_N@Z 0000000140086eb0     libucrt:xtoa.obj
 0002:00014eb8       $unwind$??$common_xtox@KD@@YAHKQEAD_KI_N@Z 0000000140086eb8     libucrt:xtoa.obj
 0002:00014ed4       $unwind$??$common_xtox_s@_KD@@YAH_KQEAD0I_N@Z 0000000140086ed4     libucrt:xtoa.obj
 0002:00014edc       $unwind$??$common_xtox@_KD@@YAH_KQEAD0I_N@Z 0000000140086edc     libucrt:xtoa.obj
 0002:00014ef8       $unwind$??$common_xtox_s@K_W@@YAHKQEA_W_KI_N@Z 0000000140086ef8     libucrt:xtoa.obj
 0002:00014f00       $unwind$??$common_xtox@K_W@@YAHKQEA_W_KI_N@Z 0000000140086f00     libucrt:xtoa.obj
 0002:00014f1c       $unwind$??$common_xtox_s@_K_W@@YAH_KQEA_W0I_N@Z 0000000140086f1c     libucrt:xtoa.obj
 0002:00014f24       $unwind$??$common_xtox@_K_W@@YAH_KQEA_W0I_N@Z 0000000140086f24     libucrt:xtoa.obj
 0002:00014f40       $unwind$_wcsicmp           0000000140086f40     libucrt:wcsicmp.obj
 0002:00014f48       $unwind$_wcsicmp_l         0000000140086f48     libucrt:wcsicmp.obj
 0002:00014f64       $unwind$_msize_base        0000000140086f64     libucrt:msize.obj
 0002:00014f6c       $unwind$_realloc_base      0000000140086f6c     libucrt:realloc_base.obj
 0002:00014f7c       $unwind$_putwch            0000000140086f7c     libucrt:putwch.obj
 0002:00014f84       $unwind$_putwch_nolock     0000000140086f84     libucrt:putwch.obj
 0002:00014f8c       $unwind$??$__acrt_lock_and_call@V<lambda_9e0b6ab72a5b3ae37ad997d08b519f50>@@@@YAGW4__acrt_lock_id@@$$QEAV<lambda_9e0b6ab72a5b3ae37ad997d08b519f50>@@@Z 0000000140086f8c     libucrt:putwch.obj
 0002:00014f94       $unwind$??$?RV<lambda_0384895ae1aa6ccbfe369a30d6ca2ef7>@@AEAV<lambda_9e0b6ab72a5b3ae37ad997d08b519f50>@@V<lambda_7e22f70504d73c22058e5832bde5914f>@@@?$__crt_seh_guarded_call@G@@QEAAG$$QEAV<lambda_0384895ae1aa6ccbfe369a30d6ca2ef7>@@AEAV<lambda_9e0b6ab72a5b3ae37ad997d08b519f50>@@$$QEAV<lambda_7e22f70504d73c22058e5832bde5914f>@@@Z 0000000140086f94     libucrt:putwch.obj
 0002:00014fbc       $unwind$?fin$0@?0???$?RV<lambda_0384895ae1aa6ccbfe369a30d6ca2ef7>@@AEAV<lambda_9e0b6ab72a5b3ae37ad997d08b519f50>@@V<lambda_7e22f70504d73c22058e5832bde5914f>@@@?$__crt_seh_guarded_call@G@@QEAAG$$QEAV<lambda_0384895ae1aa6ccbfe369a30d6ca2ef7>@@AEAV<lambda_9e0b6ab72a5b3ae37ad997d08b519f50>@@$$QEAV<lambda_7e22f70504d73c22058e5832bde5914f>@@@Z@4HA 0000000140086fbc     libucrt:putwch.obj
 0002:00014fc4       $unwind$_towlower_l        0000000140086fc4     libucrt:towlower.obj
 0002:00014fcc       $unwind$_chsize            0000000140086fcc     libucrt:chsize.obj
 0002:00014fd4       $unwind$_chsize_s          0000000140086fd4     libucrt:chsize.obj
 0002:00014fe4       $unwind$_chsize_nolock     0000000140086fe4     libucrt:chsize.obj
 0002:00015004       $unwind$??R<lambda_522ac1b1e1a1180d6f374a882b81d1c8>@@QEBAHXZ 0000000140087004     libucrt:chsize.obj
 0002:0001500c       $unwind$??$__acrt_lowio_lock_fh_and_call@V<lambda_522ac1b1e1a1180d6f374a882b81d1c8>@@@@YAHH$$QEAV<lambda_522ac1b1e1a1180d6f374a882b81d1c8>@@@Z 000000014008700c     libucrt:chsize.obj
 0002:00015014       $unwind$??0__crt_seek_guard@@QEAA@H_J@Z 0000000140087014     libucrt:chsize.obj
 0002:00015028       $unwind$??$?RV<lambda_63911f43cc86614963252b1f423aad40>@@AEAV<lambda_522ac1b1e1a1180d6f374a882b81d1c8>@@V<lambda_6da5eaf298b4749753c721cc8c61e051>@@@?$__crt_seh_guarded_call@H@@QEAAH$$QEAV<lambda_63911f43cc86614963252b1f423aad40>@@AEAV<lambda_522ac1b1e1a1180d6f374a882b81d1c8>@@$$QEAV<lambda_6da5eaf298b4749753c721cc8c61e051>@@@Z 0000000140087028     libucrt:chsize.obj
 0002:00015050       $unwind$?fin$0@?0???$?RV<lambda_63911f43cc86614963252b1f423aad40>@@AEAV<lambda_522ac1b1e1a1180d6f374a882b81d1c8>@@V<lambda_6da5eaf298b4749753c721cc8c61e051>@@@?$__crt_seh_guarded_call@H@@QEAAH$$QEAV<lambda_63911f43cc86614963252b1f423aad40>@@AEAV<lambda_522ac1b1e1a1180d6f374a882b81d1c8>@@$$QEAV<lambda_6da5eaf298b4749753c721cc8c61e051>@@@Z@4HA 0000000140087050     libucrt:chsize.obj
 0002:00015058       $unwind$_umask_s           0000000140087058     libucrt:umask.obj
 0002:00015060       $unwind$?__mbrtoc32_utf8@__crt_mbstring@@YA_KPEA_UPEBD_KPEAU_Mbstatet@@@Z 0000000140087060     libucrt:mbrtoc32.obj
 0002:00015080       $unwind$_controlfp_s       0000000140087080     libucrt:contrlfp.obj
 0002:00015088       $unwind$fegetenv           0000000140087088     libucrt:fegetenv.obj
 0002:00015090       $unwind$fesetenv           0000000140087090     libucrt:fesetenv.obj
 0002:00015098       $unwind$feholdexcept       0000000140087098     libucrt:feholdexcept.obj
 0002:000150a0       $xdatasym                  00000001400870a0     libucrt:log10.obj
 0002:000150b0       $unwind$__acrt_fenv_set_control 00000001400870b0     libucrt:_fenvutils.obj
 0002:000150c4       $unwind$?to_machine_sse_control@@YA?AW4__acrt_fenv_machine_sse_control@@W4__acrt_fenv_abstract_control@@@Z 00000001400870c4     libucrt:_fenvutils.obj
 0002:000150d8       $unwind$mbstowcs_s         00000001400870d8     libucrt:mbstowcs.obj
 0002:000150e0       $unwind$_mbstowcs_s_l      00000001400870e0     libucrt:mbstowcs.obj
 0002:000150fc       $unwind$?_mbstowcs_l_helper@@YA_KPEA_WPEBD_KPEAU__crt_locale_pointers@@@Z 00000001400870fc     libucrt:mbstowcs.obj
 0002:00015118       $unwind$__acrt_CompareStringW 0000000140087118     libucrt:comparestringw.obj
 0002:00015134       $unwind$__acrt_CompareStringA 0000000140087134     libucrt:comparestringa.obj
 0002:00015148       $unwind$?InternalCompareStringA@@YAHPEAU__crt_locale_pointers@@PEB_WKPEBDH2HH@Z 0000000140087148     libucrt:comparestringa.obj
 0002:00015170       $unwind$__dcrt_lowio_ensure_console_output_initialized 0000000140087170     libucrt:initcon.obj
 0002:00015178       $unwind$__dcrt_write_console 0000000140087178     libucrt:initcon.obj
 0002:00015190       $unwind$?__dcrt_lowio_initialize_console_output@@YAXXZ 0000000140087190     libucrt:initcon.obj
 0002:00015198       $unwind$__dcrt_terminate_console_output 0000000140087198     libucrt:initcon.obj
 0002:000151a0       $unwind$??R<lambda_61c1b8a38cedca4df5fdc542e6ccae6d>@@QEBAHXZ 00000001400871a0     libucrt:initcon.obj
 0002:000151a8       $unwind$??$console_output_reopen_and_retry@V<lambda_61c1b8a38cedca4df5fdc542e6ccae6d>@@@@YAHAEBV<lambda_61c1b8a38cedca4df5fdc542e6ccae6d>@@@Z 00000001400871a8     libucrt:initcon.obj
 0002:000151b8       $unwind$__acrt_LCMapStringW 00000001400871b8     libucrt:lcmapstringw.obj
 0002:000151d0       $unwind$_clearfp           00000001400871d0     libucrt:ieee.obj
 0002:000151d8       $unwind$_set_controlfp     00000001400871d8     libucrt:ieee.obj
 0002:000151e0       $unwind$common_control87   00000001400871e0     libucrt:ieee.obj
 0002:00015210       $unwind$common_control87$filt$0 0000000140087210     libucrt:ieee.obj
 0002:00015218       $unwind$_call_matherr      0000000140087218     libucrt:libm_error.obj
 0002:00015220       $unwind$_exception_enabled 0000000140087220     libucrt:libm_error.obj
 0002:00015234       $unwind$_handle_errorf     0000000140087234     libucrt:libm_error.obj
 0002:00015258       $unwind$_handle_error      0000000140087258     libucrt:libm_error.obj
 0002:0001527c       $unwind$__acrt_initialize_fma3 000000014008727c     libucrt:fma3_available.obj
 0002:00015284       $unwind$_logf_special_common 0000000140087284     libucrt:log_special.obj
 0002:00015294       $unwind$_logf_special      0000000140087294     libucrt:log_special.obj
 0002:0001529c       $unwind$_log10f_special    000000014008729c     libucrt:log_special.obj
 0002:000152a4       $unwind$_log_special_common 00000001400872a4     libucrt:log_special.obj
 0002:000152b4       $unwind$_log_special       00000001400872b4     libucrt:log_special.obj
 0002:000152bc       $unwind$_log10_special     00000001400872bc     libucrt:log_special.obj
 0002:000152c8       $xdatasym                  00000001400872c8     libucrt:fpsr.obj
 0002:000152d0       $unwind$_except1           00000001400872d0     libucrt:fpexcept.obj
 0002:000152f4       $unwind$_except2           00000001400872f4     libucrt:fpexcept.obj
 0002:0001531c       $unwind$_set_errno_from_matherr 000000014008731c     libucrt:fpexcept.obj
 0002:00015324       $unwind$_handle_exc        0000000140087324     libucrt:fpexcept.obj
 0002:00015344       $unwind$_raise_excf        0000000140087344     libucrt:fpexcept.obj
 0002:0001534c       $unwind$_raise_exc         000000014008734c     libucrt:fpexcept.obj
 0002:00015354       $unwind$_umatherr          0000000140087354     libucrt:fpexcept.obj
 0002:0001535c       $unwind$_raise_exc_ex      000000014008735c     libucrt:fpexcept.obj
 0002:00015374       $unwind$_clrfp             0000000140087374     libucrt:fpctrl.obj
 0002:0001537c       $unwind$_ctrlfp            000000014008737c     libucrt:fpctrl.obj
 0002:000153a8       $unwind$_ctrlfp$filt$0     00000001400873a8     libucrt:fpctrl.obj
 0002:000153b0       $unwind$_statfp            00000001400873b0     libucrt:fpctrl.obj
 0002:000153b8       $unwind$_set_statfp        00000001400873b8     libucrt:fpctrl.obj
 0002:000153c0       $unwind$_IsNonwritableInCurrentImage 00000001400873c0     LIBCMT:pesect.obj
 0002:000153e8       $unwind$_IsNonwritableInCurrentImage$filt$0 00000001400873e8     LIBCMT:pesect.obj
 0002:000153f0       $unwind$??_Gtype_info@@UEAAPEAXI@Z 00000001400873f0     LIBCMT:std_type_info_static.obj
 0002:000153f8       $unwind$__GSHandlerCheck_SEH 00000001400873f8     LIBCMT:gshandlerseh.obj
 0002:00015418       $xdatasym                  0000000140087418     LIBCMT:chkstk.obj
 0002:00015420       $xdatasym                  0000000140087420     libvcruntime:memcmp.obj
 0002:00015424       $unwind$_local_unwind      0000000140087424     libvcruntime:jmpuwind.obj
 0002:0001542c       $unwind$strrchr            000000014008742c     libvcruntime:strrchr.obj
 0003:00000040       ?__vcrt_flsindex@@3KA      0000000140088040     libvcruntime:per_thread_data.obj
 0003:00000048       ?prefix@?1??getDimension@UnDecorator@@CA?AVDName@@_N@Z@4UStringLiteral@@A 0000000140088048     libvcruntime:undname.obj
 0003:000001a0       _ctype_loc_style           00000001400881a0     libucrt:wsetlocale.obj
 0003:000001b0       ?errno_no_memory@@3HA      00000001400881b0     libucrt:errno.obj
 0003:000001b4       ?doserrno_no_memory@@3KA   00000001400881b4     libucrt:errno.obj
 0003:00000354       ?__acrt_flsindex@@3KA      0000000140088354     libucrt:per_thread_data.obj
 0003:000007c0       _mbctypes                  00000001400887c0     libucrt:mbctype.obj
 0003:00000900       _mbcasemaps                0000000140088900     libucrt:mbctype.obj
 0003:00000a34       ?__rgctypeflag@@3PADA      0000000140088a34     libucrt:mbctype.obj
 0003:00000a40       ?__rgcode_page_info@@3PAUcode_page_info@@A 0000000140088a40     libucrt:mbctype.obj
 0003:00000c50       ?__dcrt_lowio_console_output_handle@@3PEAXEA 0000000140088c50     libucrt:initcon.obj
 0003:00000c59       ?dazSupported@?1??common_control87@@9@9 0000000140088c59     libucrt:ieee.obj
 0003:00000c60       ?dazSupported@?1??_ctrlfp@@9@9 0000000140088c60     libucrt:fpctrl.obj
 0003:00001978       ?scanner@@3UScanner@@A     0000000140089978     main.obj
 0003:00001b50       GS_ExceptionRecord         0000000140089b50     LIBCMT:gs_report.obj
 0003:00001bf0       GS_ContextRecord           0000000140089bf0     LIBCMT:gs_report.obj
 0003:000021e8       ?is_initialized_as_dll@@3_NA 000000014008a1e8     LIBCMT:utility.obj
 0003:000021e9       ?module_local_atexit_table_initialized@@3_NA 000000014008a1e9     LIBCMT:utility.obj
 0003:000021f0       ?module_local_atexit_table@@3U_onexit_table_t@@A 000000014008a1f0     LIBCMT:utility.obj
 0003:00002208       ?module_local_at_quick_exit_table@@3U_onexit_table_t@@A 000000014008a208     LIBCMT:utility.obj
 0003:00002270       ?__vcrt_startup_thread_ptd@@3U__vcrt_ptd@@A 000000014008a270     libvcruntime:per_thread_data.obj
 0003:00002310       __vcrt_lock_table          000000014008a310     libvcruntime:locks.obj
 0003:00002338       __vcrt_locks_initialized   000000014008a338     libvcruntime:locks.obj
 0003:00002388       ?heap@@3V_HeapManager@@A   000000014008a388     libvcruntime:undname.obj
 0003:000023c8       ?module_handles@@3PAPEAUHINSTANCE__@@A 000000014008a3c8     libvcruntime:winapi_downlevel.obj
 0003:000023e0       ?function_pointers@@3PAPEAXA 000000014008a3e0     libvcruntime:winapi_downlevel.obj
 0003:00002440       ?c_termination_complete@@3JA 000000014008a440     libucrt:exit.obj
 0003:00002448       ?thread_local_exit_callback_func@@3P6AXPEAXK0@ZEA 000000014008a448     libucrt:exit.obj
 0003:00002454       ?__acrt_app_type@@3W4_crt_app_type@@A 000000014008a454     libucrt:report_runtime_error.obj
 0003:00002460       ?outmsg@?9??__acrt_report_runtime_error@@9@4PA_WA 000000014008a460     libucrt:report_runtime_error.obj
 0003:00002bc8       ?user_matherr@@3V?$dual_state_global@P6AHPEAU_exception@@@Z@__crt_state_management@@A 000000014008abc8     libucrt:matherr.obj
 0003:00002be0       ?program_name@?1???$common_configure_argv@D@@YAHW4_crt_argv_mode@@@Z@4PADA 000000014008abe0     libucrt:argv_parsing.obj
 0003:00002d20       ?program_name@?1???$common_configure_argv@_W@@YAHW4_crt_argv_mode@@@Z@4PA_WA 000000014008ad20     libucrt:argv_parsing.obj
 0003:00003030       ?__acrt_global_new_mode@@3V?$dual_state_global@J@__crt_state_management@@A 000000014008b030     libucrt:new_mode.obj
 0003:00003078       ?__acrt_invalid_parameter_handler@@3V?$dual_state_global@P6AXPEB_W00I_K@Z@__crt_state_management@@A 000000014008b078     libucrt:invalid_parameter.obj
 0003:00003090       ?module_handles@@3PAPEAUHINSTANCE__@@A 000000014008b090     libucrt:winapi_thunks.obj
 0003:00003130       ?encoded_function_pointers@@3PAPEAXA 000000014008b130     libucrt:winapi_thunks.obj
 0003:00003298       ?static_enum_proc@?1??enum_system_locales_ex_nolock@@YAHQ6AHPEA_WK_J@Z@Z@4P6AH0K1@ZEA 000000014008b298     libucrt:winapi_thunks.obj
 0003:00003780       ?internal_state@?1??_mbtowc_l@@9@4U_Mbstatet@@A 000000014008b780     libucrt:mbtowc.obj
 0003:00003790       ?enable_percent_n@@3_KA    000000014008b790     libucrt:printf_count_output.obj
 0003:000037d0       ?__acrt_lock_table@@3PAU_RTL_CRITICAL_SECTION@@A 000000014008b7d0     libucrt:locks.obj
 0003:00003a00       ?__acrt_locks_initialized@@3IA 000000014008ba00     libucrt:locks.obj
 0003:00003a74       ?state_cache@?1???$get_cached_win_policy@Ubegin_thread_init_policy_properties@?1??__acrt_get_begin_thread_init_policy@@YA?AW4begin_thread_init_policy@@XZ@@@YA?AW4begin_thread_init_policy@@W4AppPolicyThreadInitializationType@@@Z@4JA 000000014008ba74     libucrt:win_policies.obj
 0003:00003a78       ?state_cache@?1???$get_cached_win_policy@Udeveloper_information_policy_properties@?1??__acrt_get_developer_information_policy@@YA?AW4developer_information_policy@@XZ@@@YA?AW4developer_information_policy@@W4AppPolicyShowDeveloperDiagnostic@@@Z@4JA 000000014008ba78     libucrt:win_policies.obj
 0003:00003a7c       ?state_cache@?1???$get_cached_win_policy@Uwindowing_model_policy_properties@?1??__acrt_get_windowing_model_policy@@YA?AW4windowing_model_policy@@XZ@@@YA?AW4windowing_model_policy@@W4AppPolicyWindowingModel@@@Z@4JA 000000014008ba7c     libucrt:win_policies.obj
 0003:00003a80       __acrt_error_mode          000000014008ba80     libucrt:set_error_mode.obj
 0003:00003aa0       ?fSystemSet@@3HA           000000014008baa0     libucrt:mbctype.obj
 0003:00003aa9       ?initialized@?1??__acrt_initialize_multibyte@@9@4_NA 000000014008baa9     libucrt:mbctype.obj
 0003:00003ac8       ?__acrt_new_handler@@3V?$dual_state_global@P6AH_K@Z@__crt_state_management@@A 000000014008bac8     libucrt:new_handler.obj
 0003:00003ad1       ?console_ctrl_handler_installed@@3_NA 000000014008bad1     libucrt:signal.obj
 0003:00003ad8       ?ctrlc_action@@3V?$dual_state_global@P6AXH@Z@__crt_state_management@@A 000000014008bad8     libucrt:signal.obj
 0003:00003ae0       ?ctrlbreak_action@@3V?$dual_state_global@P6AXH@Z@__crt_state_management@@A 000000014008bae0     libucrt:signal.obj
 0003:00003ae8       ?abort_action@@3V?$dual_state_global@P6AXH@Z@__crt_state_management@@A 000000014008bae8     libucrt:signal.obj
 0003:00003af0       ?term_action@@3V?$dual_state_global@P6AXH@Z@__crt_state_management@@A 000000014008baf0     libucrt:signal.obj
 0003:00003b00       ?mbst@?1??mbrlen@@9@4U_Mbstatet@@A 000000014008bb00     libucrt:mbrtowc.obj
 0003:00003b10       ?mbst@?1??mbrtowc@@9@4U_Mbstatet@@A 000000014008bb10     libucrt:mbrtowc.obj
 0003:00003b20       ?mbst@?1??_mbsrtowcs_helper@@YA_KPEA_WPEAPEBD_KPEAU_Mbstatet@@@Z@4U2@A 000000014008bb20     libucrt:mbrtowc.obj
 0003:00003b30       ?internal_pst@?1??__mbrtoc32_utf8@__crt_mbstring@@YA_KPEA_UPEBD_KPEAU_Mbstatet@@@Z@4U3@A 000000014008bb30     libucrt:mbrtoc32.obj
 0005:000008a8       .idata$6                   00000001400928a8     kernel32:KERNEL32.dll
 0007:00000000       SetSmall                   0000000140094000     libvcruntime:memset.obj
 0007:00000040       SetSmallYmm                0000000140094040     libvcruntime:memset.obj
 0007:00000064       SetSmallYmmNT              0000000140094064     libvcruntime:memset.obj
 0007:00000088       SetSmallXmm                0000000140094088     libvcruntime:memset.obj
 0007:000000d0       MoveSmall                  00000001400940d0     libvcruntime:memcpy.obj
 0007:00000110       MoveSmallYmm               0000000140094110     libvcruntime:memcpy.obj
 0007:00000134       MoveSmallYmmNT             0000000140094134     libvcruntime:memcpy.obj
 0007:00000158       MoveSmallXmm               0000000140094158     libvcruntime:memcpy.obj
